Archive member included to satisfy reference by file (symbol)

d:/clion_stm32/gcc_arm_none_eabi/gcc-arm-none-eabi-10.3-2021.10/bin/../lib/gcc/arm-none-eabi/10.3.1/thumb/v7-m/nofp\libgcc.a(_arm_mulsf3.o)
                              CMakeFiles/angle.elf.dir/Core/Own/pid.cpp.obj (__aeabi_fmul)
d:/clion_stm32/gcc_arm_none_eabi/gcc-arm-none-eabi-10.3-2021.10/bin/../lib/gcc/arm-none-eabi/10.3.1/thumb/v7-m/nofp\libgcc.a(_arm_addsubsf3.o)
                              CMakeFiles/angle.elf.dir/Core/Own/pid.cpp.obj (__aeabi_fsub)
d:/clion_stm32/gcc_arm_none_eabi/gcc-arm-none-eabi-10.3-2021.10/bin/../lib/gcc/arm-none-eabi/10.3.1/thumb/v7-m/nofp\libgcc.a(_arm_cmpsf2.o)
                              CMakeFiles/angle.elf.dir/Core/Own/IT.cpp.obj (__aeabi_fcmplt)
d:/clion_stm32/gcc_arm_none_eabi/gcc-arm-none-eabi-10.3-2021.10/bin/../lib/gcc/arm-none-eabi/10.3.1/thumb/v7-m/nofp\libgcc.a(_arm_fixsfsi.o)
                              CMakeFiles/angle.elf.dir/Core/Own/IT.cpp.obj (__aeabi_f2iz)
d:/clion_stm32/gcc_arm_none_eabi/gcc-arm-none-eabi-10.3-2021.10/bin/../lib/gcc/arm-none-eabi/10.3.1/thumb/v7-m/nofp\libgcc.a(unwind-arm.o)
                              CMakeFiles/angle.elf.dir/Core/Own/IT.cpp.obj (__aeabi_unwind_cpp_pr0)
d:/clion_stm32/gcc_arm_none_eabi/gcc-arm-none-eabi-10.3-2021.10/bin/../lib/gcc/arm-none-eabi/10.3.1/thumb/v7-m/nofp\libgcc.a(libunwind.o)
                              d:/clion_stm32/gcc_arm_none_eabi/gcc-arm-none-eabi-10.3-2021.10/bin/../lib/gcc/arm-none-eabi/10.3.1/thumb/v7-m/nofp\libgcc.a(unwind-arm.o) (restore_core_regs)
d:/clion_stm32/gcc_arm_none_eabi/gcc-arm-none-eabi-10.3-2021.10/bin/../lib/gcc/arm-none-eabi/10.3.1/thumb/v7-m/nofp\libgcc.a(pr-support.o)
                              d:/clion_stm32/gcc_arm_none_eabi/gcc-arm-none-eabi-10.3-2021.10/bin/../lib/gcc/arm-none-eabi/10.3.1/thumb/v7-m/nofp\libgcc.a(unwind-arm.o) (__gnu_unwind_execute)
d:/clion_stm32/gcc_arm_none_eabi/gcc-arm-none-eabi-10.3-2021.10/bin/../lib/gcc/arm-none-eabi/10.3.1/../../../../arm-none-eabi/lib/thumb/v7-m/nofp\libg.a(lib_a-abort.o)
                              d:/clion_stm32/gcc_arm_none_eabi/gcc-arm-none-eabi-10.3-2021.10/bin/../lib/gcc/arm-none-eabi/10.3.1/thumb/v7-m/nofp\libgcc.a(unwind-arm.o) (abort)
d:/clion_stm32/gcc_arm_none_eabi/gcc-arm-none-eabi-10.3-2021.10/bin/../lib/gcc/arm-none-eabi/10.3.1/../../../../arm-none-eabi/lib/thumb/v7-m/nofp\libg.a(lib_a-errno.o)
                              CMakeFiles/angle.elf.dir/Core/Src/syscalls.c.obj (__errno)
d:/clion_stm32/gcc_arm_none_eabi/gcc-arm-none-eabi-10.3-2021.10/bin/../lib/gcc/arm-none-eabi/10.3.1/../../../../arm-none-eabi/lib/thumb/v7-m/nofp\libg.a(lib_a-exit.o)
                              d:/clion_stm32/gcc_arm_none_eabi/gcc-arm-none-eabi-10.3-2021.10/bin/../lib/gcc/arm-none-eabi/10.3.1/../../../../arm-none-eabi/lib/thumb/v7-m/nofp/crt0.o (exit)
d:/clion_stm32/gcc_arm_none_eabi/gcc-arm-none-eabi-10.3-2021.10/bin/../lib/gcc/arm-none-eabi/10.3.1/../../../../arm-none-eabi/lib/thumb/v7-m/nofp\libg.a(lib_a-impure.o)
                              d:/clion_stm32/gcc_arm_none_eabi/gcc-arm-none-eabi-10.3-2021.10/bin/../lib/gcc/arm-none-eabi/10.3.1/../../../../arm-none-eabi/lib/thumb/v7-m/nofp\libg.a(lib_a-exit.o) (_global_impure_ptr)
d:/clion_stm32/gcc_arm_none_eabi/gcc-arm-none-eabi-10.3-2021.10/bin/../lib/gcc/arm-none-eabi/10.3.1/../../../../arm-none-eabi/lib/thumb/v7-m/nofp\libg.a(lib_a-init.o)
                              d:/clion_stm32/gcc_arm_none_eabi/gcc-arm-none-eabi-10.3-2021.10/bin/../lib/gcc/arm-none-eabi/10.3.1/../../../../arm-none-eabi/lib/thumb/v7-m/nofp/crt0.o (__libc_init_array)
d:/clion_stm32/gcc_arm_none_eabi/gcc-arm-none-eabi-10.3-2021.10/bin/../lib/gcc/arm-none-eabi/10.3.1/../../../../arm-none-eabi/lib/thumb/v7-m/nofp\libg.a(lib_a-memcpy.o)
                              d:/clion_stm32/gcc_arm_none_eabi/gcc-arm-none-eabi-10.3-2021.10/bin/../lib/gcc/arm-none-eabi/10.3.1/thumb/v7-m/nofp\libgcc.a(unwind-arm.o) (memcpy)
d:/clion_stm32/gcc_arm_none_eabi/gcc-arm-none-eabi-10.3-2021.10/bin/../lib/gcc/arm-none-eabi/10.3.1/../../../../arm-none-eabi/lib/thumb/v7-m/nofp\libg.a(lib_a-memset.o)
                              d:/clion_stm32/gcc_arm_none_eabi/gcc-arm-none-eabi-10.3-2021.10/bin/../lib/gcc/arm-none-eabi/10.3.1/../../../../arm-none-eabi/lib/thumb/v7-m/nofp/crt0.o (memset)
d:/clion_stm32/gcc_arm_none_eabi/gcc-arm-none-eabi-10.3-2021.10/bin/../lib/gcc/arm-none-eabi/10.3.1/../../../../arm-none-eabi/lib/thumb/v7-m/nofp\libg.a(lib_a-signal.o)
                              d:/clion_stm32/gcc_arm_none_eabi/gcc-arm-none-eabi-10.3-2021.10/bin/../lib/gcc/arm-none-eabi/10.3.1/../../../../arm-none-eabi/lib/thumb/v7-m/nofp\libg.a(lib_a-abort.o) (raise)
d:/clion_stm32/gcc_arm_none_eabi/gcc-arm-none-eabi-10.3-2021.10/bin/../lib/gcc/arm-none-eabi/10.3.1/../../../../arm-none-eabi/lib/thumb/v7-m/nofp\libg.a(lib_a-signalr.o)
[...]
Memory Configuration

Name             Origin             Length             Attributes
RAM              0x20000000         0x00005000         xrw
FLASH            0x08000000         0x00010000         xr
*default*        0x00000000         0xffffffff

Linker script and memory map

LOAD d:/clion_stm32/gcc_arm_none_eabi/gcc-arm-none-eabi-10.3-2021.10/bin/../lib/gcc/arm-none-eabi/10.3.1/thumb/v7-m/nofp/crti.o
LOAD d:/clion_stm32/gcc_arm_none_eabi/gcc-arm-none-eabi-10.3-2021.10/bin/../lib/gcc/arm-none-eabi/10.3.1/thumb/v7-m/nofp/crtbegin.o
LOAD d:/clion_stm32/gcc_arm_none_eabi/gcc-arm-none-eabi-10.3-2021.10/bin/../lib/gcc/arm-none-eabi/10.3.1/../../../../arm-none-eabi/lib/thumb/v7-m/nofp/crt0.o
LOAD CMakeFiles/angle.elf.dir/Core/Own/IT.cpp.obj
LOAD CMakeFiles/angle.elf.dir/Core/Own/main.cpp.obj
LOAD CMakeFiles/angle.elf.dir/Core/Own/motor.cpp.obj
LOAD CMakeFiles/angle.elf.dir/Core/Own/pid.cpp.obj
LOAD CMakeFiles/angle.elf.dir/Core/Own/uart.c.obj
LOAD CMakeFiles/angle.elf.dir/Core/Src/dma.c.obj
LOAD CMakeFiles/angle.elf.dir/Core/Src/gpio.c.obj
LOAD CMakeFiles/angle.elf.dir/Core/Src/stm32f1xx_hal_msp.c.obj
LOAD CMakeFiles/angle.elf.dir/Core/Src/stm32f1xx_it.c.obj
LOAD CMakeFiles/angle.elf.dir/Core/Src/syscalls.c.obj
LOAD CMakeFiles/angle.elf.dir/Core/Src/sysmem.c.obj
LOAD CMakeFiles/angle.elf.dir/Core/Src/system_stm32f1xx.c.obj
LOAD CMakeFiles/angle.elf.dir/Core/Src/tim.c.obj
LOAD CMakeFiles/angle.elf.dir/Core/Src/usart.c.obj
LOAD CMakeFiles/angle.elf.dir/Core/Startup/startup_stm32f103c8tx.s.obj
LOAD CMakeFiles/angle.elf.dir/Drivers/STM32F1xx_HAL_Driver/Src/stm32f1xx_hal.c.obj
LOAD CMakeFiles/angle.elf.dir/Drivers/STM32F1xx_HAL_Driver/Src/stm32f1xx_hal_cortex.c.obj
LOAD CMakeFiles/angle.elf.dir/Drivers/STM32F1xx_HAL_Driver/Src/stm32f1xx_hal_dma.c.obj
LOAD CMakeFiles/angle.elf.dir/Drivers/STM32F1xx_HAL_Driver/Src/stm32f1xx_hal_exti.c.obj
LOAD CMakeFiles/angle.elf.dir/Drivers/STM32F1xx_HAL_Driver/Src/stm32f1xx_hal_flash.c.obj
LOAD CMakeFiles/angle.elf.dir/Drivers/STM32F1xx_HAL_Driver/Src/stm32f1xx_hal_flash_ex.c.obj
LOAD CMakeFiles/angle.elf.dir/Drivers/STM32F1xx_HAL_Driver/Src/stm32f1xx_hal_gpio.c.obj
LOAD CMakeFiles/angle.elf.dir/Drivers/STM32F1xx_HAL_Driver/Src/stm32f1xx_hal_gpio_ex.c.obj
LOAD CMakeFiles/angle.elf.dir/Drivers/STM32F1xx_HAL_Driver/Src/stm32f1xx_hal_pwr.c.obj
LOAD CMakeFiles/angle.elf.dir/Drivers/STM32F1xx_HAL_Driver/Src/stm32f1xx_hal_rcc.c.obj
LOAD CMakeFiles/angle.elf.dir/Drivers/STM32F1xx_HAL_Driver/Src/stm32f1xx_hal_rcc_ex.c.obj
LOAD CMakeFiles/angle.elf.dir/Drivers/STM32F1xx_HAL_Driver/Src/stm32f1xx_hal_tim.c.obj
LOAD CMakeFiles/angle.elf.dir/Drivers/STM32F1xx_HAL_Driver/Src/stm32f1xx_hal_tim_ex.c.obj
LOAD CMakeFiles/angle.elf.dir/Drivers/STM32F1xx_HAL_Driver/Src/stm32f1xx_hal_uart.c.obj
LOAD d:/clion_stm32/gcc_arm_none_eabi/gcc-arm-none-eabi-10.3-2021.10/bin/../lib/gcc/arm-none-eabi/10.3.1/../../../../arm-none-eabi/lib/thumb/v7-m/nofp\libstdc++.a
LOAD d:/clion_stm32/gcc_arm_none_eabi/gcc-arm-none-eabi-10.3-2021.10/bin/../lib/gcc/arm-none-eabi/10.3.1/../../../../arm-none-eabi/lib/thumb/v7-m/nofp\libm.a
START GROUP
LOAD d:/clion_stm32/gcc_arm_none_eabi/gcc-arm-none-eabi-10.3-2021.10/bin/../lib/gcc/arm-none-eabi/10.3.1/thumb/v7-m/nofp\libgcc.a
LOAD d:/clion_stm32/gcc_arm_none_eabi/gcc-arm-none-eabi-10.3-2021.10/bin/../lib/gcc/arm-none-eabi/10.3.1/../../../../arm-none-eabi/lib/thumb/v7-m/nofp\libg.a
LOAD d:/clion_stm32/gcc_arm_none_eabi/gcc-arm-none-eabi-10.3-2021.10/bin/../lib/gcc/arm-none-eabi/10.3.1/../../../../arm-none-eabi/lib/thumb/v7-m/nofp\libc.a
END GROUP
LOAD d:/clion_stm32/gcc_arm_none_eabi/gcc-arm-none-eabi-10.3-2021.10/bin/../lib/gcc/arm-none-eabi/10.3.1/thumb/v7-m/nofp/crtend.o
LOAD d:/clion_stm32/gcc_arm_none_eabi/gcc-arm-none-eabi-10.3-2021.10/bin/../lib/gcc/arm-none-eabi/10.3.1/thumb/v7-m/nofp/crtn.o
                0x20005000                _estack = (ORIGIN (RAM) + LENGTH (RAM))
                0x00000200                _Min_Heap_Size = 0x200
                0x00000400                _Min_Stack_Size = 0x400

.isr_vector     0x08000000      0x10c
                0x08000000                . = ALIGN (0x4)
 *(.isr_vector)
 .isr_vector    0x08000000      0x10c CMakeFiles/angle.elf.dir/Core/Startup/startup_stm32f103c8tx.s.obj
                0x08000000                g_pfnVectors
                0x0800010c                . = ALIGN (0x4)

.text           0x08000110     0xb070
                0x08000110                . = ALIGN (0x4)
 *(.text)
 .text          0x08000110       0x40 d:/clion_stm32/gcc_arm_none_eabi/gcc-arm-none-eabi-10.3-2021.10/bin/../lib/gcc/arm-none-eabi/10.3.1/thumb/v7-m/nofp/crtbegin.o
 .text          0x08000150      0x168 d:/clion_stm32/gcc_arm_none_eabi/gcc-arm-none-eabi-10.3-2021.10/bin/../lib/gcc/arm-none-eabi/10.3.1/thumb/v7-m/nofp\libgcc.a(_arm_mulsf3.o)
                0x08000150                __aeabi_fmul
                0x08000150                __mulsf3
 .text          0x080002b8      0x21c d:/clion_stm32/gcc_arm_none_eabi/gcc-arm-none-eabi-10.3-2021.10/bin/../lib/gcc/arm-none-eabi/10.3.1/thumb/v7-m/nofp\libgcc.a(_arm_addsubsf3.o)
                0x080002b8                __aeabi_frsub
                0x080002c0                __subsf3
                0x080002c0                __aeabi_fsub
                0x080002c4                __aeabi_fadd
                0x080002c4                __addsf3
                0x08000424                __aeabi_ui2f
                0x08000424                __floatunsisf
                0x0800042c                __aeabi_i2f
                0x0800042c                __floatsisf
                0x08000448                __aeabi_ul2f
                0x08000448                __floatundisf
                0x08000458                __aeabi_l2f
                0x08000458                __floatdisf
 .text          0x080004d4       0xec d:/clion_stm32/gcc_arm_none_eabi/gcc-arm-none-eabi-10.3-2021.10/bin/../lib/gcc/arm-none-eabi/10.3.1/thumb/v7-m/nofp\libgcc.a(_arm_cmpsf2.o)
                0x080004d4                __gesf2
                0x080004d4                __gtsf2
                0x080004dc                __lesf2
                0x080004dc                __ltsf2
                0x080004e4                __nesf2
                0x080004e4                __eqsf2
                0x080004e4                __cmpsf2
                0x08000544                __aeabi_cfrcmple
                0x0800054c                __aeabi_cfcmpeq
                0x0800054c                __aeabi_cfcmple
                0x0800055c                __aeabi_fcmpeq
                0x08000570                __aeabi_fcmplt
                0x08000584                __aeabi_fcmple
                0x08000598                __aeabi_fcmpge
                0x080005ac                __aeabi_fcmpgt
 .text          0x080005c0       0x4c d:/clion_stm32/gcc_arm_none_eabi/gcc-arm-none-eabi-10.3-2021.10/bin/../lib/gcc/arm-none-eabi/10.3.1/thumb/v7-m/nofp\libgcc.a(_arm_fixsfsi.o)
                0x080005c0                __aeabi_f2iz
                0x080005c0                __fixsfsi
 .text          0x0800060c      0x9e4 d:/clion_stm32/gcc_arm_none_eabi/gcc-arm-none-eabi-10.3-2021.10/bin/../lib/gcc/arm-none-eabi/10.3.1/thumb/v7-m/nofp\libgcc.a(unwind-arm.o)
                0x080008cc                _Unwind_GetCFA
                0x080008d0                __gnu_Unwind_RaiseException
                0x08000938                __gnu_Unwind_ForcedUnwind
                0x0800094c                __gnu_Unwind_Resume
                0x08000990                __gnu_Unwind_Resume_or_Rethrow
                0x080009a4                _Unwind_Complete
                0x080009a8                _Unwind_DeleteException
                0x080009b4                _Unwind_VRS_Get
                0x08000a00                _Unwind_VRS_Set
                0x08000a48                __gnu_Unwind_Backtrace
                0x08000d70                __aeabi_unwind_cpp_pr0
                0x08000d74                __aeabi_unwind_cpp_pr1
                0x08000d78                __aeabi_unwind_cpp_pr2
                0x08000d7c                _Unwind_VRS_Pop
 .text          0x08000ff0      0x1ac d:/clion_stm32/gcc_arm_none_eabi/gcc-arm-none-eabi-10.3-2021.10/bin/../lib/gcc/arm-none-eabi/10.3.1/thumb/v7-m/nofp\libgcc.a(libunwind.o)
                0x08000ff0                __restore_core_regs
                0x08000ff0                restore_core_regs
                0x08001008                __gnu_Unwind_Restore_VFP
                0x08001010                __gnu_Unwind_Save_VFP
                0x08001018                __gnu_Unwind_Restore_VFP_D
                0x08001020                __gnu_Unwind_Save_VFP_D
                0x08001028                __gnu_Unwind_Restore_VFP_D_16_to_31
                0x08001030                __gnu_Unwind_Save_VFP_D_16_to_31
                0x08001038                __gnu_Unwind_Restore_WMMXD
                0x0800107c                __gnu_Unwind_Save_WMMXD
                0x080010c0                __gnu_Unwind_Restore_WMMXC
                0x080010d4                __gnu_Unwind_Save_WMMXC
                0x080010e8                ___Unwind_RaiseException
                0x080010e8                _Unwind_RaiseException
                0x0800110c                _Unwind_Resume
                0x0800110c                ___Unwind_Resume
                0x08001130                _Unwind_Resume_or_Rethrow
                0x08001130                ___Unwind_Resume_or_Rethrow
                0x08001154                _Unwind_ForcedUnwind
                0x08001154                ___Unwind_ForcedUnwind
                0x08001178                ___Unwind_Backtrace
                0x08001178                _Unwind_Backtrace
 .text          0x0800119c      0x38c d:/clion_stm32/gcc_arm_none_eabi/gcc-arm-none-eabi-10.3-2021.10/bin/../lib/gcc/arm-none-eabi/10.3.1/thumb/v7-m/nofp\libgcc.a(pr-support.o)
                0x080011f4                __gnu_unwind_execute
                0x080014d8                __gnu_unwind_frame
                0x08001508                _Unwind_GetRegionStart
                0x08001514                _Unwind_GetLanguageSpecificData
 .text          0x08001528       0xec d:/clion_stm32/gcc_arm_none_eabi/gcc-arm-none-eabi-10.3-2021.10/bin/../lib/gcc/arm-none-eabi/10.3.1/../../../../arm-none-eabi/lib/thumb/v7-m/nofp\libg.a(lib_a-memcpy.o)
                0x08001528                memcpy
 .text          0x08001614      0x378 d:/clion_stm32/gcc_arm_none_eabi/gcc-arm-none-eabi-10.3-2021.10/bin/../lib/gcc/arm-none-eabi/10.3.1/thumb/v7-m/nofp\libgcc.a(_arm_addsubdf3.o)
                0x08001614                __aeabi_drsub
                0x0800161c                __aeabi_dsub
                0x0800161c                __subdf3
                0x08001620                __aeabi_dadd
                0x08001620                __adddf3
                0x08001898                __floatunsidf
                0x08001898                __aeabi_ui2d
                0x080018b8                __floatsidf
                0x080018b8                __aeabi_i2d
                0x080018dc                __aeabi_f2d
                0x080018dc                __extendsfdf2
                0x08001920                __floatundidf
                0x08001920                __aeabi_ul2d
                0x08001930                __floatdidf
                0x08001930                __aeabi_l2d
 .text          0x0800198c      0x424 d:/clion_stm32/gcc_arm_none_eabi/gcc-arm-none-eabi-10.3-2021.10/bin/../lib/gcc/arm-none-eabi/10.3.1/thumb/v7-m/nofp\libgcc.a(_arm_muldivdf3.o)
                0x0800198c                __aeabi_dmul
                0x0800198c                __muldf3
                0x08001be0                __divdf3
                0x08001be0                __aeabi_ddiv
 .text          0x08001db0      0x110 d:/clion_stm32/gcc_arm_none_eabi/gcc-arm-none-eabi-10.3-2021.10/bin/../lib/gcc/arm-none-eabi/10.3.1/thumb/v7-m/nofp\libgcc.a(_arm_cmpdf2.o)
                0x08001db0                __gtdf2
                0x08001db0                __gedf2
                0x08001db8                __ltdf2
                0x08001db8                __ledf2
                0x08001dc0                __nedf2
                0x08001dc0                __eqdf2
                0x08001dc0                __cmpdf2
                0x08001e3c                __aeabi_cdrcmple
                0x08001e4c                __aeabi_cdcmpeq
                0x08001e4c                __aeabi_cdcmple
                0x08001e5c                __aeabi_dcmpeq
                0x08001e70                __aeabi_dcmplt
                0x08001e84                __aeabi_dcmple
                0x08001e98                __aeabi_dcmpge
                0x08001eac                __aeabi_dcmpgt
 .text          0x08001ec0       0x2c d:/clion_stm32/gcc_arm_none_eabi/gcc-arm-none-eabi-10.3-2021.10/bin/../lib/gcc/arm-none-eabi/10.3.1/thumb/v7-m/nofp\libgcc.a(_arm_unorddf2.o)
                0x08001ec0                __unorddf2
                0x08001ec0                __aeabi_dcmpun
 .text          0x08001eec       0x50 d:/clion_stm32/gcc_arm_none_eabi/gcc-arm-none-eabi-10.3-2021.10/bin/../lib/gcc/arm-none-eabi/10.3.1/thumb/v7-m/nofp\libgcc.a(_arm_fixdfsi.o)
                0x08001eec                __aeabi_d2iz
                0x08001eec                __fixdfsi
 .text          0x08001f3c       0x30 d:/clion_stm32/gcc_arm_none_eabi/gcc-arm-none-eabi-10.3-2021.10/bin/../lib/gcc/arm-none-eabi/10.3.1/thumb/v7-m/nofp\libgcc.a(_aeabi_uldivmod.o)
                0x08001f3c                __aeabi_uldivmod
 .text          0x08001f6c      0x2d4 d:/clion_stm32/gcc_arm_none_eabi/gcc-arm-none-eabi-10.3-2021.10/bin/../lib/gcc/arm-none-eabi/10.3.1/thumb/v7-m/nofp\libgcc.a(_udivmoddi4.o)
                0x08001f6c                __udivmoddi4
 .text          0x08002240        0x4 d:/clion_stm32/gcc_arm_none_eabi/gcc-arm-none-eabi-10.3-2021.10/bin/../lib/gcc/arm-none-eabi/10.3.1/thumb/v7-m/nofp\libgcc.a(_dvmd_tls.o)
                0x08002240                __aeabi_idiv0
                0x08002240                __aeabi_ldiv0
 *(.text*)
 .text._Z4testv
                0x08002244      0x14c CMakeFiles/angle.elf.dir/Core/Own/IT.cpp.obj
                0x08002244                test()
 .text._Z5myabsf
                0x08002390       0x16 CMakeFiles/angle.elf.dir/Core/Own/IT.cpp.obj
                0x08002390                myabs(float)
 *fill*         0x080023a6        0x2 
 .text.HAL_UARTEx_RxEventCallback
                0x080023a8       0x98 CMakeFiles/angle.elf.dir/Core/Own/IT.cpp.obj
                0x080023a8                HAL_UARTEx_RxEventCallback
 .text.HAL_TIM_PeriodElapsedCallback
                0x08002440      0x13c CMakeFiles/angle.elf.dir/Core/Own/IT.cpp.obj
                0x08002440                HAL_TIM_PeriodElapsedCallback
 .text.Error_Handler
                0x0800257c        0x4 CMakeFiles/angle.elf.dir/Core/Own/main.cpp.obj
                0x0800257c                Error_Handler
 .text._Z18SystemClock_Configv
                0x08002580       0x64 CMakeFiles/angle.elf.dir/Core/Own/main.cpp.obj
                0x08002580                SystemClock_Config()
 .text.main     0x080025e4       0xd0 CMakeFiles/angle.elf.dir/Core/Own/main.cpp.obj
                0x080025e4                main
 .text._Z41__static_initialization_and_destruction_0ii
                0x080026b4       0x3c CMakeFiles/angle.elf.dir/Core/Own/motor.cpp.obj
 .text._ZN5motor9front_runEv
                0x080026f0       0x1a CMakeFiles/angle.elf.dir/Core/Own/motor.cpp.obj
                0x080026f0                motor::front_run()
 .text._ZN5motor8back_runEv
                0x0800270a       0x1a CMakeFiles/angle.elf.dir/Core/Own/motor.cpp.obj
                0x0800270a                motor::back_run()
 .text._ZN5motor6SetPwmEi
                0x08002724       0x94 CMakeFiles/angle.elf.dir/Core/Own/motor.cpp.obj
                0x08002724                motor::SetPwm(int)
 .text._ZN5motor6GetPosEv
                0x080027b8       0x22 CMakeFiles/angle.elf.dir/Core/Own/motor.cpp.obj
                0x080027b8                motor::GetPos()
 .text._ZN5motor5clearEv
                0x080027da       0x12 CMakeFiles/angle.elf.dir/Core/Own/motor.cpp.obj
                0x080027da                motor::clear()
 .text._GLOBAL__sub_I__ZN5motor9front_runEv
                0x080027ec        0xe CMakeFiles/angle.elf.dir/Core/Own/motor.cpp.obj
 *fill*         0x080027fa        0x2 
 .text._Z41__static_initialization_and_destruction_0ii
                0x080027fc       0x38 CMakeFiles/angle.elf.dir/Core/Own/pid.cpp.obj
 .text._Z5limitfRff
                0x08002834       0x28 CMakeFiles/angle.elf.dir/Core/Own/pid.cpp.obj
                0x08002834                limit(float, float&, float)
 .text._ZN3pid5clearEv
                0x0800285c        0xe CMakeFiles/angle.elf.dir/Core/Own/pid.cpp.obj
                0x0800285c                pid::clear()
 .text._ZN3pid6PosPidE5motorf
                0x0800286a       0x6c CMakeFiles/angle.elf.dir/Core/Own/pid.cpp.obj
                0x0800286a                pid::PosPid(motor, float)
 *fill*         0x080028d6        0x2 
 .text._ZN3pid6AddPidE5motorf
                0x080028d8       0xdc CMakeFiles/angle.elf.dir/Core/Own/pid.cpp.obj
                0x080028d8                pid::AddPid(motor, float)
 .text._ZN3pid8SpeedPidE5motorf
                0x080029b4       0x6e CMakeFiles/angle.elf.dir/Core/Own/pid.cpp.obj
                0x080029b4                pid::SpeedPid(motor, float)
 .text._GLOBAL__sub_I__Z5limitfRff
                0x08002a22        0xe CMakeFiles/angle.elf.dir/Core/Own/pid.cpp.obj
 .text.number   0x08002a30       0x4c CMakeFiles/angle.elf.dir/Core/Own/uart.c.obj
                0x08002a30                number
 .text.print    0x08002a7c       0x42 CMakeFiles/angle.elf.dir/Core/Own/uart.c.obj
                0x08002a7c                print
 *fill*         0x08002abe        0x2 
 .text.MX_DMA_Init
                0x08002ac0       0x44 CMakeFiles/angle.elf.dir/Core/Src/dma.c.obj
                0x08002ac0                MX_DMA_Init
 .text.MX_GPIO_Init
                0x08002b04       0x74 CMakeFiles/angle.elf.dir/Core/Src/gpio.c.obj
                0x08002b04                MX_GPIO_Init
 .text.HAL_MspInit
                0x08002b78       0x44 CMakeFiles/angle.elf.dir/Core/Src/stm32f1xx_hal_msp.c.obj
                0x08002b78                HAL_MspInit
 .text.NMI_Handler
                0x08002bbc        0x2 CMakeFiles/angle.elf.dir/Core/Src/stm32f1xx_it.c.obj
                0x08002bbc                NMI_Handler
 .text.HardFault_Handler
                0x08002bbe        0x2 CMakeFiles/angle.elf.dir/Core/Src/stm32f1xx_it.c.obj
                0x08002bbe                HardFault_Handler
 .text.MemManage_Handler
                0x08002bc0        0x2 CMakeFiles/angle.elf.dir/Core/Src/stm32f1xx_it.c.obj
                0x08002bc0                MemManage_Handler
 .text.BusFault_Handler
                0x08002bc2        0x2 CMakeFiles/angle.elf.dir/Core/Src/stm32f1xx_it.c.obj
                0x08002bc2                BusFault_Handler
 .text.UsageFault_Handler
                0x08002bc4        0x2 CMakeFiles/angle.elf.dir/Core/Src/stm32f1xx_it.c.obj
                0x08002bc4                UsageFault_Handler
 .text.SVC_Handler
                0x08002bc6        0x2 CMakeFiles/angle.elf.dir/Core/Src/stm32f1xx_it.c.obj
                0x08002bc6                SVC_Handler
 .text.DebugMon_Handler
                0x08002bc8        0x2 CMakeFiles/angle.elf.dir/Core/Src/stm32f1xx_it.c.obj
                0x08002bc8                DebugMon_Handler
 .text.PendSV_Handler
                0x08002bca        0x2 CMakeFiles/angle.elf.dir/Core/Src/stm32f1xx_it.c.obj
                0x08002bca                PendSV_Handler
 .text.SysTick_Handler
                0x08002bcc        0x8 CMakeFiles/angle.elf.dir/Core/Src/stm32f1xx_it.c.obj
                0x08002bcc                SysTick_Handler
 .text.DMA1_Channel6_IRQHandler
                0x08002bd4       0x10 CMakeFiles/angle.elf.dir/Core/Src/stm32f1xx_it.c.obj
                0x08002bd4                DMA1_Channel6_IRQHandler
 .text.DMA1_Channel7_IRQHandler
                0x08002be4       0x10 CMakeFiles/angle.elf.dir/Core/Src/stm32f1xx_it.c.obj
                0x08002be4                DMA1_Channel7_IRQHandler
 .text.TIM2_IRQHandler
                0x08002bf4       0x10 CMakeFiles/angle.elf.dir/Core/Src/stm32f1xx_it.c.obj
                0x08002bf4                TIM2_IRQHandler
 .text.USART2_IRQHandler
                0x08002c04       0x10 CMakeFiles/angle.elf.dir/Core/Src/stm32f1xx_it.c.obj
                0x08002c04                USART2_IRQHandler
 .text._getpid  0x08002c14        0x4 CMakeFiles/angle.elf.dir/Core/Src/syscalls.c.obj
                0x08002c14                _getpid
 .text._kill    0x08002c18       0x10 CMakeFiles/angle.elf.dir/Core/Src/syscalls.c.obj
                0x08002c18                _kill
 .text._exit    0x08002c28        0xc CMakeFiles/angle.elf.dir/Core/Src/syscalls.c.obj
                0x08002c28                _exit
 .text._read    0x08002c34       0x20 CMakeFiles/angle.elf.dir/Core/Src/syscalls.c.obj
                0x08002c34                _read
 .text._write   0x08002c54       0x1c CMakeFiles/angle.elf.dir/Core/Src/syscalls.c.obj
                0x08002c54                _write
 .text._close   0x08002c70        0x6 CMakeFiles/angle.elf.dir/Core/Src/syscalls.c.obj
                0x08002c70                _close
 .text._fstat   0x08002c76        0xa CMakeFiles/angle.elf.dir/Core/Src/syscalls.c.obj
                0x08002c76                _fstat
 .text._isatty  0x08002c80        0x4 CMakeFiles/angle.elf.dir/Core/Src/syscalls.c.obj
                0x08002c80                _isatty
 .text._lseek   0x08002c84        0x4 CMakeFiles/angle.elf.dir/Core/Src/syscalls.c.obj
                0x08002c84                _lseek
 .text._sbrk    0x08002c88       0x48 CMakeFiles/angle.elf.dir/Core/Src/sysmem.c.obj
                0x08002c88                _sbrk
 .text.SystemInit
                0x08002cd0        0x2 CMakeFiles/angle.elf.dir/Core/Src/system_stm32f1xx.c.obj
                0x08002cd0                SystemInit
 *fill*         0x08002cd2        0x2 
 .text.MX_TIM2_Init
                0x08002cd4       0x70 CMakeFiles/angle.elf.dir/Core/Src/tim.c.obj
                0x08002cd4                MX_TIM2_Init
 .text.MX_TIM3_Init
                0x08002d44       0x64 CMakeFiles/angle.elf.dir/Core/Src/tim.c.obj
                0x08002d44                MX_TIM3_Init
 .text.HAL_TIM_Base_MspInit
                0x08002da8       0x60 CMakeFiles/angle.elf.dir/Core/Src/tim.c.obj
                0x08002da8                HAL_TIM_Base_MspInit
 .text.HAL_TIM_Encoder_MspInit
                0x08002e08       0x5c CMakeFiles/angle.elf.dir/Core/Src/tim.c.obj
                0x08002e08                HAL_TIM_Encoder_MspInit
 .text.HAL_TIM_MspPostInit
                0x08002e64       0x50 CMakeFiles/angle.elf.dir/Core/Src/tim.c.obj
                0x08002e64                HAL_TIM_MspPostInit
 .text.MX_TIM1_Init
                0x08002eb4       0xe8 CMakeFiles/angle.elf.dir/Core/Src/tim.c.obj
                0x08002eb4                MX_TIM1_Init
 .text.MX_USART2_UART_Init
                0x08002f9c       0x34 CMakeFiles/angle.elf.dir/Core/Src/usart.c.obj
                0x08002f9c                MX_USART2_UART_Init
 .text.HAL_UART_MspInit
                0x08002fd0       0xf4 CMakeFiles/angle.elf.dir/Core/Src/usart.c.obj
                0x08002fd0                HAL_UART_MspInit
 .text.Reset_Handler
                0x080030c4       0x48 CMakeFiles/angle.elf.dir/Core/Startup/startup_stm32f103c8tx.s.obj
                0x080030c4                Reset_Handler
 .text.Default_Handler
                0x0800310c        0x2 CMakeFiles/angle.elf.dir/Core/Startup/startup_stm32f103c8tx.s.obj
                0x0800310c                RTC_Alarm_IRQHandler
                0x0800310c                EXTI2_IRQHandler
                0x0800310c                TIM1_CC_IRQHandler
                0x0800310c                PVD_IRQHandler
                0x0800310c                EXTI3_IRQHandler
                0x0800310c                EXTI0_IRQHandler
                0x0800310c                I2C2_EV_IRQHandler
                0x0800310c                ADC1_2_IRQHandler
                0x0800310c                SPI1_IRQHandler
                0x0800310c                TAMPER_IRQHandler
                0x0800310c                DMA1_Channel4_IRQHandler
                0x0800310c                USART3_IRQHandler
                0x0800310c                RTC_IRQHandler
                0x0800310c                CAN1_RX1_IRQHandler
                0x0800310c                TIM4_IRQHandler
                0x0800310c                I2C1_EV_IRQHandler
                0x0800310c                TIM3_IRQHandler
                0x0800310c                RCC_IRQHandler
                0x0800310c                TIM1_TRG_COM_IRQHandler
                0x0800310c                DMA1_Channel1_IRQHandler
                0x0800310c                Default_Handler
                0x0800310c                EXTI15_10_IRQHandler
                0x0800310c                EXTI9_5_IRQHandler
                0x0800310c                SPI2_IRQHandler
                0x0800310c                DMA1_Channel5_IRQHandler
                0x0800310c                EXTI4_IRQHandler
                0x0800310c                USB_LP_CAN1_RX0_IRQHandler
                0x0800310c                USB_HP_CAN1_TX_IRQHandler
                0x0800310c                DMA1_Channel3_IRQHandler
                0x0800310c                TIM1_UP_IRQHandler
                0x0800310c                WWDG_IRQHandler
                0x0800310c                TIM1_BRK_IRQHandler
                0x0800310c                EXTI1_IRQHandler
                0x0800310c                I2C2_ER_IRQHandler
                0x0800310c                DMA1_Channel2_IRQHandler
                0x0800310c                CAN1_SCE_IRQHandler
                0x0800310c                FLASH_IRQHandler
                0x0800310c                USART1_IRQHandler
                0x0800310c                I2C1_ER_IRQHandler
                0x0800310c                USBWakeUp_IRQHandler
 *fill*         0x0800310e        0x2 
 .text.HAL_InitTick
                0x08003110       0x4c CMakeFiles/angle.elf.dir/Drivers/STM32F1xx_HAL_Driver/Src/stm32f1xx_hal.c.obj
                0x08003110                HAL_InitTick
 .text.HAL_Init
                0x0800315c       0x24 CMakeFiles/angle.elf.dir/Drivers/STM32F1xx_HAL_Driver/Src/stm32f1xx_hal.c.obj
                0x0800315c                HAL_Init
 .text.HAL_IncTick
                0x08003180       0x18 CMakeFiles/angle.elf.dir/Drivers/STM32F1xx_HAL_Driver/Src/stm32f1xx_hal.c.obj
                0x08003180                HAL_IncTick
 .text.HAL_GetTick
                0x08003198        0xc CMakeFiles/angle.elf.dir/Drivers/STM32F1xx_HAL_Driver/Src/stm32f1xx_hal.c.obj
                0x08003198                HAL_GetTick
 .text.HAL_NVIC_SetPriorityGrouping
                0x080031a4       0x24 CMakeFiles/angle.elf.dir/Drivers/STM32F1xx_HAL_Driver/Src/stm32f1xx_hal_cortex.c.obj
                0x080031a4                HAL_NVIC_SetPriorityGrouping
 .text.HAL_NVIC_SetPriority
                0x080031c8       0x70 CMakeFiles/angle.elf.dir/Drivers/STM32F1xx_HAL_Driver/Src/stm32f1xx_hal_cortex.c.obj
                0x080031c8                HAL_NVIC_SetPriority
 .text.HAL_NVIC_EnableIRQ
                0x08003238       0x1c CMakeFiles/angle.elf.dir/Drivers/STM32F1xx_HAL_Driver/Src/stm32f1xx_hal_cortex.c.obj
                0x08003238                HAL_NVIC_EnableIRQ
 .text.HAL_SYSTICK_Config
                0x08003254       0x28 CMakeFiles/angle.elf.dir/Drivers/STM32F1xx_HAL_Driver/Src/stm32f1xx_hal_cortex.c.obj
                0x08003254                HAL_SYSTICK_Config
 .text.DMA_SetConfig
                0x0800327c       0x2c CMakeFiles/angle.elf.dir/Drivers/STM32F1xx_HAL_Driver/Src/stm32f1xx_hal_dma.c.obj
 .text.HAL_DMA_Init
                0x080032a8       0x6c CMakeFiles/angle.elf.dir/Drivers/STM32F1xx_HAL_Driver/Src/stm32f1xx_hal_dma.c.obj
                0x080032a8                HAL_DMA_Init
 .text.HAL_DMA_Start_IT
                0x08003314       0x76 CMakeFiles/angle.elf.dir/Drivers/STM32F1xx_HAL_Driver/Src/stm32f1xx_hal_dma.c.obj
                0x08003314                HAL_DMA_Start_IT
 .text.HAL_DMA_Abort
                0x0800338a       0x46 CMakeFiles/angle.elf.dir/Drivers/STM32F1xx_HAL_Driver/Src/stm32f1xx_hal_dma.c.obj
                0x0800338a                HAL_DMA_Abort
 .text.HAL_DMA_Abort_IT
                0x080033d0       0x98 CMakeFiles/angle.elf.dir/Drivers/STM32F1xx_HAL_Driver/Src/stm32f1xx_hal_dma.c.obj
                0x080033d0                HAL_DMA_Abort_IT
 .text.HAL_DMA_IRQHandler
                0x08003468      0x144 CMakeFiles/angle.elf.dir/Drivers/STM32F1xx_HAL_Driver/Src/stm32f1xx_hal_dma.c.obj
                0x08003468                HAL_DMA_IRQHandler
 .text.HAL_GPIO_Init
                0x080035ac      0x224 CMakeFiles/angle.elf.dir/Drivers/STM32F1xx_HAL_Driver/Src/stm32f1xx_hal_gpio.c.obj
                0x080035ac                HAL_GPIO_Init
 .text.HAL_GPIO_WritePin
                0x080037d0        0xc CMakeFiles/angle.elf.dir/Drivers/STM32F1xx_HAL_Driver/Src/stm32f1xx_hal_gpio.c.obj
                0x080037d0                HAL_GPIO_WritePin
 .text.RCC_Delay
                0x080037dc       0x2c CMakeFiles/angle.elf.dir/Drivers/STM32F1xx_HAL_Driver/Src/stm32f1xx_hal_rcc.c.obj
 .text.HAL_RCC_OscConfig
                0x08003808      0x410 CMakeFiles/angle.elf.dir/Drivers/STM32F1xx_HAL_Driver/Src/stm32f1xx_hal_rcc.c.obj
                0x08003808                HAL_RCC_OscConfig
 .text.HAL_RCC_GetSysClockFreq
                0x08003c18       0x54 CMakeFiles/angle.elf.dir/Drivers/STM32F1xx_HAL_Driver/Src/stm32f1xx_hal_rcc.c.obj
                0x08003c18                HAL_RCC_GetSysClockFreq
 .text.HAL_RCC_ClockConfig
                0x08003c6c      0x16c CMakeFiles/angle.elf.dir/Drivers/STM32F1xx_HAL_Driver/Src/stm32f1xx_hal_rcc.c.obj
                0x08003c6c                HAL_RCC_ClockConfig
 .text.HAL_RCC_GetHCLKFreq
                0x08003dd8        0xc CMakeFiles/angle.elf.dir/Drivers/STM32F1xx_HAL_Driver/Src/stm32f1xx_hal_rcc.c.obj
                0x08003dd8                HAL_RCC_GetHCLKFreq
 .text.HAL_RCC_GetPCLK1Freq
                0x08003de4       0x20 CMakeFiles/angle.elf.dir/Drivers/STM32F1xx_HAL_Driver/Src/stm32f1xx_hal_rcc.c.obj
                0x08003de4                HAL_RCC_GetPCLK1Freq
 .text.HAL_RCC_GetPCLK2Freq
                0x08003e04       0x20 CMakeFiles/angle.elf.dir/Drivers/STM32F1xx_HAL_Driver/Src/stm32f1xx_hal_rcc.c.obj
                0x08003e04                HAL_RCC_GetPCLK2Freq
 .text.TIM_OC1_SetConfig
                0x08003e24       0x5c CMakeFiles/angle.elf.dir/Drivers/STM32F1xx_HAL_Driver/Src/stm32f1xx_hal_tim.c.obj
 .text.TIM_OC3_SetConfig
                0x08003e80       0x64 CMakeFiles/angle.elf.dir/Drivers/STM32F1xx_HAL_Driver/Src/stm32f1xx_hal_tim.c.obj
 .text.TIM_OC4_SetConfig
                0x08003ee4       0x48 CMakeFiles/angle.elf.dir/Drivers/STM32F1xx_HAL_Driver/Src/stm32f1xx_hal_tim.c.obj
 .text.TIM_TI1_ConfigInputStage
                0x08003f2c       0x24 CMakeFiles/angle.elf.dir/Drivers/STM32F1xx_HAL_Driver/Src/stm32f1xx_hal_tim.c.obj
 .text.TIM_TI2_ConfigInputStage
                0x08003f50       0x26 CMakeFiles/angle.elf.dir/Drivers/STM32F1xx_HAL_Driver/Src/stm32f1xx_hal_tim.c.obj
 .text.TIM_ITRx_SetConfig
                0x08003f76       0x10 CMakeFiles/angle.elf.dir/Drivers/STM32F1xx_HAL_Driver/Src/stm32f1xx_hal_tim.c.obj
 *fill*         0x08003f86        0x2 
 .text.HAL_TIM_Base_Start
                0x08003f88       0x5c CMakeFiles/angle.elf.dir/Drivers/STM32F1xx_HAL_Driver/Src/stm32f1xx_hal_tim.c.obj
                0x08003f88                HAL_TIM_Base_Start
 .text.HAL_TIM_Base_Start_IT
                0x08003fe4       0x68 CMakeFiles/angle.elf.dir/Drivers/STM32F1xx_HAL_Driver/Src/stm32f1xx_hal_tim.c.obj
                0x08003fe4                HAL_TIM_Base_Start_IT
 .text.HAL_TIM_PWM_MspInit
                0x0800404c        0x2 CMakeFiles/angle.elf.dir/Drivers/STM32F1xx_HAL_Driver/Src/stm32f1xx_hal_tim.c.obj
                0x0800404c                HAL_TIM_PWM_MspInit
 .text.HAL_TIM_OC_DelayElapsedCallback
                0x0800404e        0x2 CMakeFiles/angle.elf.dir/Drivers/STM32F1xx_HAL_Driver/Src/stm32f1xx_hal_tim.c.obj
                0x0800404e                HAL_TIM_OC_DelayElapsedCallback
 .text.HAL_TIM_IC_CaptureCallback
                0x08004050        0x2 CMakeFiles/angle.elf.dir/Drivers/STM32F1xx_HAL_Driver/Src/stm32f1xx_hal_tim.c.obj
                0x08004050                HAL_TIM_IC_CaptureCallback
 .text.HAL_TIM_PWM_PulseFinishedCallback
                0x08004052        0x2 CMakeFiles/angle.elf.dir/Drivers/STM32F1xx_HAL_Driver/Src/stm32f1xx_hal_tim.c.obj
                0x08004052                HAL_TIM_PWM_PulseFinishedCallback
 .text.HAL_TIM_TriggerCallback
                0x08004054        0x2 CMakeFiles/angle.elf.dir/Drivers/STM32F1xx_HAL_Driver/Src/stm32f1xx_hal_tim.c.obj
                0x08004054                HAL_TIM_TriggerCallback
 .text.HAL_TIM_IRQHandler
                0x08004056      0x17a CMakeFiles/angle.elf.dir/Drivers/STM32F1xx_HAL_Driver/Src/stm32f1xx_hal_tim.c.obj
                0x08004056                HAL_TIM_IRQHandler
 .text.TIM_Base_SetConfig
                0x080041d0       0x74 CMakeFiles/angle.elf.dir/Drivers/STM32F1xx_HAL_Driver/Src/stm32f1xx_hal_tim.c.obj
                0x080041d0                TIM_Base_SetConfig
 .text.HAL_TIM_Base_Init
                0x08004244       0x58 CMakeFiles/angle.elf.dir/Drivers/STM32F1xx_HAL_Driver/Src/stm32f1xx_hal_tim.c.obj
                0x08004244                HAL_TIM_Base_Init
 .text.HAL_TIM_PWM_Init
                0x0800429c       0x58 CMakeFiles/angle.elf.dir/Drivers/STM32F1xx_HAL_Driver/Src/stm32f1xx_hal_tim.c.obj
                0x0800429c                HAL_TIM_PWM_Init
 .text.HAL_TIM_Encoder_Init
                0x080042f4       0xb8 CMakeFiles/angle.elf.dir/Drivers/STM32F1xx_HAL_Driver/Src/stm32f1xx_hal_tim.c.obj
                0x080042f4                HAL_TIM_Encoder_Init
 .text.TIM_OC2_SetConfig
                0x080043ac       0x64 CMakeFiles/angle.elf.dir/Drivers/STM32F1xx_HAL_Driver/Src/stm32f1xx_hal_tim.c.obj
                0x080043ac                TIM_OC2_SetConfig
 .text.HAL_TIM_PWM_ConfigChannel
                0x08004410       0xdc CMakeFiles/angle.elf.dir/Drivers/STM32F1xx_HAL_Driver/Src/stm32f1xx_hal_tim.c.obj
                0x08004410                HAL_TIM_PWM_ConfigChannel
 .text.TIM_ETR_SetConfig
                0x080044ec       0x18 CMakeFiles/angle.elf.dir/Drivers/STM32F1xx_HAL_Driver/Src/stm32f1xx_hal_tim.c.obj
                0x080044ec                TIM_ETR_SetConfig
 .text.HAL_TIM_ConfigClockSource
                0x08004504       0xfe CMakeFiles/angle.elf.dir/Drivers/STM32F1xx_HAL_Driver/Src/stm32f1xx_hal_tim.c.obj
                0x08004504                HAL_TIM_ConfigClockSource
 .text.TIM_CCxChannelCmd
                0x08004602       0x1e CMakeFiles/angle.elf.dir/Drivers/STM32F1xx_HAL_Driver/Src/stm32f1xx_hal_tim.c.obj
                0x08004602                TIM_CCxChannelCmd
 .text.HAL_TIM_PWM_Start
                0x08004620       0xdc CMakeFiles/angle.elf.dir/Drivers/STM32F1xx_HAL_Driver/Src/stm32f1xx_hal_tim.c.obj
                0x08004620                HAL_TIM_PWM_Start
 .text.HAL_TIM_Encoder_Start
                0x080046fc       0xcc CMakeFiles/angle.elf.dir/Drivers/STM32F1xx_HAL_Driver/Src/stm32f1xx_hal_tim.c.obj
                0x080046fc                HAL_TIM_Encoder_Start
 .text.HAL_TIMEx_MasterConfigSynchronization
                0x080047c8       0x6c CMakeFiles/angle.elf.dir/Drivers/STM32F1xx_HAL_Driver/Src/stm32f1xx_hal_tim_ex.c.obj
                0x080047c8                HAL_TIMEx_MasterConfigSynchronization
 .text.HAL_TIMEx_ConfigBreakDeadTime
                0x08004834       0x52 CMakeFiles/angle.elf.dir/Drivers/STM32F1xx_HAL_Driver/Src/stm32f1xx_hal_tim_ex.c.obj
                0x08004834                HAL_TIMEx_ConfigBreakDeadTime
 .text.HAL_TIMEx_CommutCallback
                0x08004886        0x2 CMakeFiles/angle.elf.dir/Drivers/STM32F1xx_HAL_Driver/Src/stm32f1xx_hal_tim_ex.c.obj
                0x08004886                HAL_TIMEx_CommutCallback
 .text.HAL_TIMEx_BreakCallback
                0x08004888        0x2 CMakeFiles/angle.elf.dir/Drivers/STM32F1xx_HAL_Driver/Src/stm32f1xx_hal_tim_ex.c.obj
                0x08004888                HAL_TIMEx_BreakCallback
 .text.UART_EndTxTransfer
                0x0800488a       0x20 CMakeFiles/angle.elf.dir/Drivers/STM32F1xx_HAL_Driver/Src/stm32f1xx_hal_uart.c.obj
 .text.UART_EndRxTransfer
                0x080048aa       0x5c CMakeFiles/angle.elf.dir/Drivers/STM32F1xx_HAL_Driver/Src/stm32f1xx_hal_uart.c.obj
 .text.UART_Transmit_IT
                0x08004906       0x60 CMakeFiles/angle.elf.dir/Drivers/STM32F1xx_HAL_Driver/Src/stm32f1xx_hal_uart.c.obj
 *fill*         0x08004966        0x2 
 .text.UART_SetConfig
                0x08004968       0x94 CMakeFiles/angle.elf.dir/Drivers/STM32F1xx_HAL_Driver/Src/stm32f1xx_hal_uart.c.obj
 .text.UART_WaitOnFlagUntilTimeout
                0x080049fc       0x88 CMakeFiles/angle.elf.dir/Drivers/STM32F1xx_HAL_Driver/Src/stm32f1xx_hal_uart.c.obj
 .text.HAL_UART_Init
                0x08004a84       0x60 CMakeFiles/angle.elf.dir/Drivers/STM32F1xx_HAL_Driver/Src/stm32f1xx_hal_uart.c.obj
                0x08004a84                HAL_UART_Init
 .text.HAL_UART_Transmit
                0x08004ae4       0xbe CMakeFiles/angle.elf.dir/Drivers/STM32F1xx_HAL_Driver/Src/stm32f1xx_hal_uart.c.obj
                0x08004ae4                HAL_UART_Transmit
 .text.HAL_UART_TxCpltCallback
                0x08004ba2        0x2 CMakeFiles/angle.elf.dir/Drivers/STM32F1xx_HAL_Driver/Src/stm32f1xx_hal_uart.c.obj
                0x08004ba2                HAL_UART_TxCpltCallback
 .text.UART_EndTransmit_IT
                0x08004ba4       0x1a CMakeFiles/angle.elf.dir/Drivers/STM32F1xx_HAL_Driver/Src/stm32f1xx_hal_uart.c.obj
 .text.HAL_UART_RxCpltCallback
                0x08004bbe        0x2 CMakeFiles/angle.elf.dir/Drivers/STM32F1xx_HAL_Driver/Src/stm32f1xx_hal_uart.c.obj
                0x08004bbe                HAL_UART_RxCpltCallback
 .text.HAL_UART_RxHalfCpltCallback
                0x08004bc0        0x2 CMakeFiles/angle.elf.dir/Drivers/STM32F1xx_HAL_Driver/Src/stm32f1xx_hal_uart.c.obj
                0x08004bc0                HAL_UART_RxHalfCpltCallback
 .text.HAL_UART_ErrorCallback
                0x08004bc2        0x2 CMakeFiles/angle.elf.dir/Drivers/STM32F1xx_HAL_Driver/Src/stm32f1xx_hal_uart.c.obj
                0x08004bc2                HAL_UART_ErrorCallback
 .text.UART_DMAError
                0x08004bc4       0x58 CMakeFiles/angle.elf.dir/Drivers/STM32F1xx_HAL_Driver/Src/stm32f1xx_hal_uart.c.obj
 .text.UART_DMAAbortOnError
                0x08004c1c       0x10 CMakeFiles/angle.elf.dir/Drivers/STM32F1xx_HAL_Driver/Src/stm32f1xx_hal_uart.c.obj
 .text.UART_Receive_IT
                0x08004c2c       0xe6 CMakeFiles/angle.elf.dir/Drivers/STM32F1xx_HAL_Driver/Src/stm32f1xx_hal_uart.c.obj
 *fill*         0x08004d12        0x2 
 .text.HAL_UART_IRQHandler
                0x08004d14      0x288 CMakeFiles/angle.elf.dir/Drivers/STM32F1xx_HAL_Driver/Src/stm32f1xx_hal_uart.c.obj
                0x08004d14                HAL_UART_IRQHandler
 .text.UART_DMARxHalfCplt
                0x08004f9c       0x1e CMakeFiles/angle.elf.dir/Drivers/STM32F1xx_HAL_Driver/Src/stm32f1xx_hal_uart.c.obj
 .text.UART_DMAReceiveCplt
                0x08004fba       0x9a CMakeFiles/angle.elf.dir/Drivers/STM32F1xx_HAL_Driver/Src/stm32f1xx_hal_uart.c.obj
 .text.UART_Start_Receive_DMA
                0x08005054       0xa4 CMakeFiles/angle.elf.dir/Drivers/STM32F1xx_HAL_Driver/Src/stm32f1xx_hal_uart.c.obj
                0x08005054                UART_Start_Receive_DMA
 .text.HAL_UARTEx_ReceiveToIdle_DMA
                0x080050f8       0x66 CMakeFiles/angle.elf.dir/Drivers/STM32F1xx_HAL_Driver/Src/stm32f1xx_hal_uart.c.obj
                0x080050f8                HAL_UARTEx_ReceiveToIdle_DMA
 *fill*         0x0800515e        0x2 
 .text.abort    0x08005160       0x10 d:/clion_stm32/gcc_arm_none_eabi/gcc-arm-none-eabi-10.3-2021.10/bin/../lib/gcc/arm-none-eabi/10.3.1/../../../../arm-none-eabi/lib/thumb/v7-m/nofp\libg.a(lib_a-abort.o)
                0x08005160                abort
 .text.__errno  0x08005170        0xc d:/clion_stm32/gcc_arm_none_eabi/gcc-arm-none-eabi-10.3-2021.10/bin/../lib/gcc/arm-none-eabi/10.3.1/../../../../arm-none-eabi/lib/thumb/v7-m/nofp\libg.a(lib_a-errno.o)
                0x08005170                __errno
 .text.__libc_init_array
                0x0800517c       0x48 d:/clion_stm32/gcc_arm_none_eabi/gcc-arm-none-eabi-10.3-2021.10/bin/../lib/gcc/arm-none-eabi/10.3.1/../../../../arm-none-eabi/lib/thumb/v7-m/nofp\libg.a(lib_a-init.o)
                0x0800517c                __libc_init_array
 .text.memset   0x080051c4       0xa4 d:/clion_stm32/gcc_arm_none_eabi/gcc-arm-none-eabi-10.3-2021.10/bin/../lib/gcc/arm-none-eabi/10.3.1/../../../../arm-none-eabi/lib/thumb/v7-m/nofp\libg.a(lib_a-memset.o)
                0x080051c4                memset
 .text.raise    0x08005268       0x5c d:/clion_stm32/gcc_arm_none_eabi/gcc-arm-none-eabi-10.3-2021.10/bin/../lib/gcc/arm-none-eabi/10.3.1/../../../../arm-none-eabi/lib/thumb/v7-m/nofp\libg.a(lib_a-signal.o)
                0x08005268                raise
 .text._kill_r  0x080052c4       0x28 d:/clion_stm32/gcc_arm_none_eabi/gcc-arm-none-eabi-10.3-2021.10/bin/../lib/gcc/arm-none-eabi/10.3.1/../../../../arm-none-eabi/lib/thumb/v7-m/nofp\libg.a(lib_a-signalr.o)
                0x080052c4                _kill_r
 .text._getpid_r
                0x080052ec        0x4 d:/clion_stm32/gcc_arm_none_eabi/gcc-arm-none-eabi-10.3-2021.10/bin/../lib/gcc/arm-none-eabi/10.3.1/../../../../arm-none-eabi/lib/thumb/v7-m/nofp\libg.a(lib_a-signalr.o)
                0x080052ec                _getpid_r
 .text.strlen   0x080052f0       0x5c d:/clion_stm32/gcc_arm_none_eabi/gcc-arm-none-eabi-10.3-2021.10/bin/../lib/gcc/arm-none-eabi/10.3.1/../../../../arm-none-eabi/lib/thumb/v7-m/nofp\libg.a(lib_a-strlen-stub.o)
                0x080052f0                strlen
 .text.vsprintf
                0x0800534c       0x38 d:/clion_stm32/gcc_arm_none_eabi/gcc-arm-none-eabi-10.3-2021.10/bin/../lib/gcc/arm-none-eabi/10.3.1/../../../../arm-none-eabi/lib/thumb/v7-m/nofp\libg.a(lib_a-vsprintf.o)
                0x0800534c                vsprintf
 .text.startup.register_fini
                0x08005384       0x14 d:/clion_stm32/gcc_arm_none_eabi/gcc-arm-none-eabi-10.3-2021.10/bin/../lib/gcc/arm-none-eabi/10.3.1/../../../../arm-none-eabi/lib/thumb/v7-m/nofp\libg.a(lib_a-__call_atexit.o)
 .text.atexit   0x08005398        0xc d:/clion_stm32/gcc_arm_none_eabi/gcc-arm-none-eabi-10.3-2021.10/bin/../lib/gcc/arm-none-eabi/10.3.1/../../../../arm-none-eabi/lib/thumb/v7-m/nofp\libg.a(lib_a-atexit.o)
                0x08005398                atexit
 .text.__libc_fini_array
                0x080053a4       0x2c d:/clion_stm32/gcc_arm_none_eabi/gcc-arm-none-eabi-10.3-2021.10/bin/../lib/gcc/arm-none-eabi/10.3.1/../../../../arm-none-eabi/lib/thumb/v7-m/nofp\libg.a(lib_a-fini.o)
                0x080053a4                __libc_fini_array
 .text.__retarget_lock_init_recursive
                0x080053d0        0x4 d:/clion_stm32/gcc_arm_none_eabi/gcc-arm-none-eabi-10.3-2021.10/bin/../lib/gcc/arm-none-eabi/10.3.1/../../../../arm-none-eabi/lib/thumb/v7-m/nofp\libg.a(lib_a-lock.o)
                0x080053d0                __retarget_lock_init_recursive
 .text.__retarget_lock_close_recursive
                0x080053d4        0x4 d:/clion_stm32/gcc_arm_none_eabi/gcc-arm-none-eabi-10.3-2021.10/bin/../lib/gcc/arm-none-eabi/10.3.1/../../../../arm-none-eabi/lib/thumb/v7-m/nofp\libg.a(lib_a-lock.o)
                0x080053d4                __retarget_lock_close_recursive
 .text.__retarget_lock_acquire_recursive
                0x080053d8        0x4 d:/clion_stm32/gcc_arm_none_eabi/gcc-arm-none-eabi-10.3-2021.10/bin/../lib/gcc/arm-none-eabi/10.3.1/../../../../arm-none-eabi/lib/thumb/v7-m/nofp\libg.a(lib_a-lock.o)
                0x080053d8                __retarget_lock_acquire_recursive
 .text.__retarget_lock_release_recursive
                0x080053dc        0x4 d:/clion_stm32/gcc_arm_none_eabi/gcc-arm-none-eabi-10.3-2021.10/bin/../lib/gcc/arm-none-eabi/10.3.1/../../../../arm-none-eabi/lib/thumb/v7-m/nofp\libg.a(lib_a-lock.o)
                0x080053dc                __retarget_lock_release_recursive
 .text._malloc_r
                0x080053e0      0x558 d:/clion_stm32/gcc_arm_none_eabi/gcc-arm-none-eabi-10.3-2021.10/bin/../lib/gcc/arm-none-eabi/10.3.1/../../../../arm-none-eabi/lib/thumb/v7-m/nofp\libg.a(lib_a-mallocr.o)
                0x080053e0                _malloc_r
 .text.__malloc_lock
                0x08005938        0xc d:/clion_stm32/gcc_arm_none_eabi/gcc-arm-none-eabi-10.3-2021.10/bin/../lib/gcc/arm-none-eabi/10.3.1/../../../../arm-none-eabi/lib/thumb/v7-m/nofp\libg.a(lib_a-mlock.o)
                0x08005938                __malloc_lock
 .text.__malloc_unlock
                0x08005944        0xc d:/clion_stm32/gcc_arm_none_eabi/gcc-arm-none-eabi-10.3-2021.10/bin/../lib/gcc/arm-none-eabi/10.3.1/../../../../arm-none-eabi/lib/thumb/v7-m/nofp\libg.a(lib_a-mlock.o)
                0x08005944                __malloc_unlock
 .text._sbrk_r  0x08005950       0x24 d:/clion_stm32/gcc_arm_none_eabi/gcc-arm-none-eabi-10.3-2021.10/bin/../lib/gcc/arm-none-eabi/10.3.1/../../../../arm-none-eabi/lib/thumb/v7-m/nofp\libg.a(lib_a-sbrkr.o)
                0x08005950                _sbrk_r
 .text._svfprintf_r
                0x08005974     0x1aa4 d:/clion_stm32/gcc_arm_none_eabi/gcc-arm-none-eabi-10.3-2021.10/bin/../lib/gcc/arm-none-eabi/10.3.1/../../../../arm-none-eabi/lib/thumb/v7-m/nofp\libg.a(lib_a-svfprintf.o)
                0x08005974                _svfprintf_r
 .text.__register_exitproc
                0x08007418       0x8c d:/clion_stm32/gcc_arm_none_eabi/gcc-arm-none-eabi-10.3-2021.10/bin/../lib/gcc/arm-none-eabi/10.3.1/../../../../arm-none-eabi/lib/thumb/v7-m/nofp\libg.a(lib_a-__atexit.o)
                0x08007418                __register_exitproc
 .text.quorem   0x080074a4      0x12c d:/clion_stm32/gcc_arm_none_eabi/gcc-arm-none-eabi-10.3-2021.10/bin/../lib/gcc/arm-none-eabi/10.3.1/../../../../arm-none-eabi/lib/thumb/v7-m/nofp\libg.a(lib_a-dtoa.o)
 .text._dtoa_r  0x080075d0      0xecc d:/clion_stm32/gcc_arm_none_eabi/gcc-arm-none-eabi-10.3-2021.10/bin/../lib/gcc/arm-none-eabi/10.3.1/../../../../arm-none-eabi/lib/thumb/v7-m/nofp\libg.a(lib_a-dtoa.o)
                0x080075d0                _dtoa_r
 .text._malloc_trim_r
                0x0800849c       0xa0 d:/clion_stm32/gcc_arm_none_eabi/gcc-arm-none-eabi-10.3-2021.10/bin/../lib/gcc/arm-none-eabi/10.3.1/../../../../arm-none-eabi/lib/thumb/v7-m/nofp\libg.a(lib_a-freer.o)
                0x0800849c                _malloc_trim_r
 .text._free_r  0x0800853c      0x200 d:/clion_stm32/gcc_arm_none_eabi/gcc-arm-none-eabi-10.3-2021.10/bin/../lib/gcc/arm-none-eabi/10.3.1/../../../../arm-none-eabi/lib/thumb/v7-m/nofp\libg.a(lib_a-freer.o)
                0x0800853c                _free_r
 .text._localeconv_r
                0x0800873c        0x8 d:/clion_stm32/gcc_arm_none_eabi/gcc-arm-none-eabi-10.3-2021.10/bin/../lib/gcc/arm-none-eabi/10.3.1/../../../../arm-none-eabi/lib/thumb/v7-m/nofp\libg.a(lib_a-localeconv.o)
                0x0800873c                _localeconv_r
 .text.memchr   0x08008744       0x90 d:/clion_stm32/gcc_arm_none_eabi/gcc-arm-none-eabi-10.3-2021.10/bin/../lib/gcc/arm-none-eabi/10.3.1/../../../../arm-none-eabi/lib/thumb/v7-m/nofp\libg.a(lib_a-memchr-stub.o)
                0x08008744                memchr
 .text._Balloc  0x080087d4       0x4c d:/clion_stm32/gcc_arm_none_eabi/gcc-arm-none-eabi-10.3-2021.10/bin/../lib/gcc/arm-none-eabi/10.3.1/../../../../arm-none-eabi/lib/thumb/v7-m/nofp\libg.a(lib_a-mprec.o)
                0x080087d4                _Balloc
 .text._Bfree   0x08008820       0x14 d:/clion_stm32/gcc_arm_none_eabi/gcc-arm-none-eabi-10.3-2021.10/bin/../lib/gcc/arm-none-eabi/10.3.1/../../../../arm-none-eabi/lib/thumb/v7-m/nofp\libg.a(lib_a-mprec.o)
                0x08008820                _Bfree
 .text.__multadd
                0x08008834       0xa4 d:/clion_stm32/gcc_arm_none_eabi/gcc-arm-none-eabi-10.3-2021.10/bin/../lib/gcc/arm-none-eabi/10.3.1/../../../../arm-none-eabi/lib/thumb/v7-m/nofp\libg.a(lib_a-mprec.o)
                0x08008834                __multadd
 .text.__hi0bits
                0x080088d8       0x40 d:/clion_stm32/gcc_arm_none_eabi/gcc-arm-none-eabi-10.3-2021.10/bin/../lib/gcc/arm-none-eabi/10.3.1/../../../../arm-none-eabi/lib/thumb/v7-m/nofp\libg.a(lib_a-mprec.o)
                0x080088d8                __hi0bits
 .text.__lo0bits
                0x08008918       0x58 d:/clion_stm32/gcc_arm_none_eabi/gcc-arm-none-eabi-10.3-2021.10/bin/../lib/gcc/arm-none-eabi/10.3.1/../../../../arm-none-eabi/lib/thumb/v7-m/nofp\libg.a(lib_a-mprec.o)
                0x08008918                __lo0bits
 .text.__i2b    0x08008970       0x5c d:/clion_stm32/gcc_arm_none_eabi/gcc-arm-none-eabi-10.3-2021.10/bin/../lib/gcc/arm-none-eabi/10.3.1/../../../../arm-none-eabi/lib/thumb/v7-m/nofp\libg.a(lib_a-mprec.o)
                0x08008970                __i2b
 .text.__multiply
                0x080089cc      0x15c d:/clion_stm32/gcc_arm_none_eabi/gcc-arm-none-eabi-10.3-2021.10/bin/../lib/gcc/arm-none-eabi/10.3.1/../../../../arm-none-eabi/lib/thumb/v7-m/nofp\libg.a(lib_a-mprec.o)
                0x080089cc                __multiply
 .text.__pow5mult
                0x08008b28       0xb8 d:/clion_stm32/gcc_arm_none_eabi/gcc-arm-none-eabi-10.3-2021.10/bin/../lib/gcc/arm-none-eabi/10.3.1/../../../../arm-none-eabi/lib/thumb/v7-m/nofp\libg.a(lib_a-mprec.o)
                0x08008b28                __pow5mult
 .text.__lshift
                0x08008be0       0xec d:/clion_stm32/gcc_arm_none_eabi/gcc-arm-none-eabi-10.3-2021.10/bin/../lib/gcc/arm-none-eabi/10.3.1/../../../../arm-none-eabi/lib/thumb/v7-m/nofp\libg.a(lib_a-mprec.o)
                0x08008be0                __lshift
 .text.__mcmp   0x08008ccc       0x40 d:/clion_stm32/gcc_arm_none_eabi/gcc-arm-none-eabi-10.3-2021.10/bin/../lib/gcc/arm-none-eabi/10.3.1/../../../../arm-none-eabi/lib/thumb/v7-m/nofp\libg.a(lib_a-mprec.o)
                0x08008ccc                __mcmp
 .text.__mdiff  0x08008d0c      0x14c d:/clion_stm32/gcc_arm_none_eabi/gcc-arm-none-eabi-10.3-2021.10/bin/../lib/gcc/arm-none-eabi/10.3.1/../../../../arm-none-eabi/lib/thumb/v7-m/nofp\libg.a(lib_a-mprec.o)
                0x08008d0c                __mdiff
 .text.__d2b    0x08008e58       0xc4 d:/clion_stm32/gcc_arm_none_eabi/gcc-arm-none-eabi-10.3-2021.10/bin/../lib/gcc/arm-none-eabi/10.3.1/../../../../arm-none-eabi/lib/thumb/v7-m/nofp\libg.a(lib_a-mprec.o)
                0x08008e58                __d2b
 .text.frexp    0x08008f1c       0x70 d:/clion_stm32/gcc_arm_none_eabi/gcc-arm-none-eabi-10.3-2021.10/bin/../lib/gcc/arm-none-eabi/10.3.1/../../../../arm-none-eabi/lib/thumb/v7-m/nofp\libg.a(lib_a-s_frexp.o)
                0x08008f1c                frexp
 .text.strncpy  0x08008f8c       0x68 d:/clion_stm32/gcc_arm_none_eabi/gcc-arm-none-eabi-10.3-2021.10/bin/../lib/gcc/arm-none-eabi/10.3.1/../../../../arm-none-eabi/lib/thumb/v7-m/nofp\libg.a(lib_a-strncpy.o)
                0x08008f8c                strncpy
 .text.__ssprint_r
                0x08008ff4       0xfc d:/clion_stm32/gcc_arm_none_eabi/gcc-arm-none-eabi-10.3-2021.10/bin/../lib/gcc/arm-none-eabi/10.3.1/../../../../arm-none-eabi/lib/thumb/v7-m/nofp\libg.a(lib_a-svfiprintf.o)
                0x08008ff4                __ssprint_r
 .text.__assert_func
                0x080090f0       0x40 d:/clion_stm32/gcc_arm_none_eabi/gcc-arm-none-eabi-10.3-2021.10/bin/../lib/gcc/arm-none-eabi/10.3.1/../../../../arm-none-eabi/lib/thumb/v7-m/nofp\libg.a(lib_a-assert.o)
                0x080090f0                __assert_func
 .text._calloc_r
                0x08009130       0x78 d:/clion_stm32/gcc_arm_none_eabi/gcc-arm-none-eabi-10.3-2021.10/bin/../lib/gcc/arm-none-eabi/10.3.1/../../../../arm-none-eabi/lib/thumb/v7-m/nofp\libg.a(lib_a-callocr.o)
                0x08009130                _calloc_r
 .text.fiprintf
                0x080091a8       0x28 d:/clion_stm32/gcc_arm_none_eabi/gcc-arm-none-eabi-10.3-2021.10/bin/../lib/gcc/arm-none-eabi/10.3.1/../../../../arm-none-eabi/lib/thumb/v7-m/nofp\libg.a(lib_a-fiprintf.o)
                0x080091a8                fiprintf
 .text.__locale_mb_cur_max
                0x080091d0        0xc d:/clion_stm32/gcc_arm_none_eabi/gcc-arm-none-eabi-10.3-2021.10/bin/../lib/gcc/arm-none-eabi/10.3.1/../../../../arm-none-eabi/lib/thumb/v7-m/nofp\libg.a(lib_a-locale.o)
                0x080091d0                __locale_mb_cur_max
 .text.__ascii_mbtowc
                0x080091dc       0x2c d:/clion_stm32/gcc_arm_none_eabi/gcc-arm-none-eabi-10.3-2021.10/bin/../lib/gcc/arm-none-eabi/10.3.1/../../../../arm-none-eabi/lib/thumb/v7-m/nofp\libg.a(lib_a-mbtowc_r.o)
                0x080091dc                __ascii_mbtowc
 .text.memmove  0x08009208       0xf8 d:/clion_stm32/gcc_arm_none_eabi/gcc-arm-none-eabi-10.3-2021.10/bin/../lib/gcc/arm-none-eabi/10.3.1/../../../../arm-none-eabi/lib/thumb/v7-m/nofp\libg.a(lib_a-memmove.o)
                0x08009208                memmove
 .text._realloc_r
                0x08009300      0x3dc d:/clion_stm32/gcc_arm_none_eabi/gcc-arm-none-eabi-10.3-2021.10/bin/../lib/gcc/arm-none-eabi/10.3.1/../../../../arm-none-eabi/lib/thumb/v7-m/nofp\libg.a(lib_a-reallocr.o)
                0x08009300                _realloc_r
 .text.__sprint_r.part.0
                0x080096dc       0x78 d:/clion_stm32/gcc_arm_none_eabi/gcc-arm-none-eabi-10.3-2021.10/bin/../lib/gcc/arm-none-eabi/10.3.1/../../../../arm-none-eabi/lib/thumb/v7-m/nofp\libg.a(lib_a-vfiprintf.o)
 .text._vfiprintf_r
                0x08009754      0xd98 d:/clion_stm32/gcc_arm_none_eabi/gcc-arm-none-eabi-10.3-2021.10/bin/../lib/gcc/arm-none-eabi/10.3.1/../../../../arm-none-eabi/lib/thumb/v7-m/nofp\libg.a(lib_a-vfiprintf.o)
                0x08009754                _vfiprintf_r
 .text.__sbprintf
                0x0800a4ec       0x84 d:/clion_stm32/gcc_arm_none_eabi/gcc-arm-none-eabi-10.3-2021.10/bin/../lib/gcc/arm-none-eabi/10.3.1/../../../../arm-none-eabi/lib/thumb/v7-m/nofp\libg.a(lib_a-vfiprintf.o)
 .text.__ascii_wctomb
                0x0800a570       0x1c d:/clion_stm32/gcc_arm_none_eabi/gcc-arm-none-eabi-10.3-2021.10/bin/../lib/gcc/arm-none-eabi/10.3.1/../../../../arm-none-eabi/lib/thumb/v7-m/nofp\libg.a(lib_a-wctomb_r.o)
                0x0800a570                __ascii_wctomb
 .text.__swsetup_r
                0x0800a58c       0xd4 d:/clion_stm32/gcc_arm_none_eabi/gcc-arm-none-eabi-10.3-2021.10/bin/../lib/gcc/arm-none-eabi/10.3.1/../../../../arm-none-eabi/lib/thumb/v7-m/nofp\libg.a(lib_a-wsetup.o)
                0x0800a58c                __swsetup_r
 .text.__sflush_r
                0x0800a660      0x124 d:/clion_stm32/gcc_arm_none_eabi/gcc-arm-none-eabi-10.3-2021.10/bin/../lib/gcc/arm-none-eabi/10.3.1/../../../../arm-none-eabi/lib/thumb/v7-m/nofp\libg.a(lib_a-fflush.o)
                0x0800a660                __sflush_r
 .text._fflush_r
                0x0800a784       0x5c d:/clion_stm32/gcc_arm_none_eabi/gcc-arm-none-eabi-10.3-2021.10/bin/../lib/gcc/arm-none-eabi/10.3.1/../../../../arm-none-eabi/lib/thumb/v7-m/nofp\libg.a(lib_a-fflush.o)
                0x0800a784                _fflush_r
 .text._cleanup_r
                0x0800a7e0        0xc d:/clion_stm32/gcc_arm_none_eabi/gcc-arm-none-eabi-10.3-2021.10/bin/../lib/gcc/arm-none-eabi/10.3.1/../../../../arm-none-eabi/lib/thumb/v7-m/nofp\libg.a(lib_a-findfp.o)
                0x0800a7e0                _cleanup_r
 .text.__sinit  0x0800a7ec      0x10c d:/clion_stm32/gcc_arm_none_eabi/gcc-arm-none-eabi-10.3-2021.10/bin/../lib/gcc/arm-none-eabi/10.3.1/../../../../arm-none-eabi/lib/thumb/v7-m/nofp\libg.a(lib_a-findfp.o)
                0x0800a7ec                __sinit
 .text.__sfp_lock_acquire
                0x0800a8f8        0xc d:/clion_stm32/gcc_arm_none_eabi/gcc-arm-none-eabi-10.3-2021.10/bin/../lib/gcc/arm-none-eabi/10.3.1/../../../../arm-none-eabi/lib/thumb/v7-m/nofp\libg.a(lib_a-findfp.o)
                0x0800a8f8                __sfp_lock_acquire
 .text.__sfp_lock_release
                0x0800a904        0xc d:/clion_stm32/gcc_arm_none_eabi/gcc-arm-none-eabi-10.3-2021.10/bin/../lib/gcc/arm-none-eabi/10.3.1/../../../../arm-none-eabi/lib/thumb/v7-m/nofp\libg.a(lib_a-findfp.o)
                0x0800a904                __sfp_lock_release
 .text.__fputwc
                0x0800a910       0xa0 d:/clion_stm32/gcc_arm_none_eabi/gcc-arm-none-eabi-10.3-2021.10/bin/../lib/gcc/arm-none-eabi/10.3.1/../../../../arm-none-eabi/lib/thumb/v7-m/nofp\libg.a(lib_a-fputwc.o)
                0x0800a910                __fputwc
 .text._fputwc_r
                0x0800a9b0       0x68 d:/clion_stm32/gcc_arm_none_eabi/gcc-arm-none-eabi-10.3-2021.10/bin/../lib/gcc/arm-none-eabi/10.3.1/../../../../arm-none-eabi/lib/thumb/v7-m/nofp\libg.a(lib_a-fputwc.o)
                0x0800a9b0                _fputwc_r
 .text.__sfvwrite_r
                0x0800aa18      0x2f0 d:/clion_stm32/gcc_arm_none_eabi/gcc-arm-none-eabi-10.3-2021.10/bin/../lib/gcc/arm-none-eabi/10.3.1/../../../../arm-none-eabi/lib/thumb/v7-m/nofp\libg.a(lib_a-fvwrite.o)
                0x0800aa18                __sfvwrite_r
 .text._fwalk_reent
                0x0800ad08       0x48 d:/clion_stm32/gcc_arm_none_eabi/gcc-arm-none-eabi-10.3-2021.10/bin/../lib/gcc/arm-none-eabi/10.3.1/../../../../arm-none-eabi/lib/thumb/v7-m/nofp\libg.a(lib_a-fwalk.o)
                0x0800ad08                _fwalk_reent
 .text.__smakebuf_r
                0x0800ad50       0xe0 d:/clion_stm32/gcc_arm_none_eabi/gcc-arm-none-eabi-10.3-2021.10/bin/../lib/gcc/arm-none-eabi/10.3.1/../../../../arm-none-eabi/lib/thumb/v7-m/nofp\libg.a(lib_a-makebuf.o)
                0x0800ad50                __smakebuf_r
 .text.__sread  0x0800ae30       0x24 d:/clion_stm32/gcc_arm_none_eabi/gcc-arm-none-eabi-10.3-2021.10/bin/../lib/gcc/arm-none-eabi/10.3.1/../../../../arm-none-eabi/lib/thumb/v7-m/nofp\libg.a(lib_a-stdio.o)
                0x0800ae30                __sread
 .text.__swrite
                0x0800ae54       0x40 d:/clion_stm32/gcc_arm_none_eabi/gcc-arm-none-eabi-10.3-2021.10/bin/../lib/gcc/arm-none-eabi/10.3.1/../../../../arm-none-eabi/lib/thumb/v7-m/nofp\libg.a(lib_a-stdio.o)
                0x0800ae54                __swrite
 .text.__sseek  0x0800ae94       0x20 d:/clion_stm32/gcc_arm_none_eabi/gcc-arm-none-eabi-10.3-2021.10/bin/../lib/gcc/arm-none-eabi/10.3.1/../../../../arm-none-eabi/lib/thumb/v7-m/nofp\libg.a(lib_a-stdio.o)
                0x0800ae94                __sseek
 .text.__sclose
                0x0800aeb4        0x8 d:/clion_stm32/gcc_arm_none_eabi/gcc-arm-none-eabi-10.3-2021.10/bin/../lib/gcc/arm-none-eabi/10.3.1/../../../../arm-none-eabi/lib/thumb/v7-m/nofp\libg.a(lib_a-stdio.o)
                0x0800aeb4                __sclose
 .text.__swbuf_r
                0x0800aebc       0xb0 d:/clion_stm32/gcc_arm_none_eabi/gcc-arm-none-eabi-10.3-2021.10/bin/../lib/gcc/arm-none-eabi/10.3.1/../../../../arm-none-eabi/lib/thumb/v7-m/nofp\libg.a(lib_a-wbuf.o)
                0x0800aebc                __swbuf_r
 .text._wcrtomb_r
                0x0800af6c       0x3c d:/clion_stm32/gcc_arm_none_eabi/gcc-arm-none-eabi-10.3-2021.10/bin/../lib/gcc/arm-none-eabi/10.3.1/../../../../arm-none-eabi/lib/thumb/v7-m/nofp\libg.a(lib_a-wcrtomb.o)
                0x0800af6c                _wcrtomb_r
 .text._write_r
                0x0800afa8       0x2c d:/clion_stm32/gcc_arm_none_eabi/gcc-arm-none-eabi-10.3-2021.10/bin/../lib/gcc/arm-none-eabi/10.3.1/../../../../arm-none-eabi/lib/thumb/v7-m/nofp\libg.a(lib_a-writer.o)
                0x0800afa8                _write_r
 .text._close_r
                0x0800afd4       0x24 d:/clion_stm32/gcc_arm_none_eabi/gcc-arm-none-eabi-10.3-2021.10/bin/../lib/gcc/arm-none-eabi/10.3.1/../../../../arm-none-eabi/lib/thumb/v7-m/nofp\libg.a(lib_a-closer.o)
                0x0800afd4                _close_r
 .text._fclose_r
                0x0800aff8       0xcc d:/clion_stm32/gcc_arm_none_eabi/gcc-arm-none-eabi-10.3-2021.10/bin/../lib/gcc/arm-none-eabi/10.3.1/../../../../arm-none-eabi/lib/thumb/v7-m/nofp\libg.a(lib_a-fclose.o)
                0x0800aff8                _fclose_r
 .text._fstat_r
                0x0800b0c4       0x28 d:/clion_stm32/gcc_arm_none_eabi/gcc-arm-none-eabi-10.3-2021.10/bin/../lib/gcc/arm-none-eabi/10.3.1/../../../../arm-none-eabi/lib/thumb/v7-m/nofp\libg.a(lib_a-fstatr.o)
                0x0800b0c4                _fstat_r
 .text._isatty_r
                0x0800b0ec       0x24 d:/clion_stm32/gcc_arm_none_eabi/gcc-arm-none-eabi-10.3-2021.10/bin/../lib/gcc/arm-none-eabi/10.3.1/../../../../arm-none-eabi/lib/thumb/v7-m/nofp\libg.a(lib_a-isattyr.o)
                0x0800b0ec                _isatty_r
 .text._lseek_r
                0x0800b110       0x2c d:/clion_stm32/gcc_arm_none_eabi/gcc-arm-none-eabi-10.3-2021.10/bin/../lib/gcc/arm-none-eabi/10.3.1/../../../../arm-none-eabi/lib/thumb/v7-m/nofp\libg.a(lib_a-lseekr.o)
                0x0800b110                _lseek_r
 .text._read_r  0x0800b13c       0x2c d:/clion_stm32/gcc_arm_none_eabi/gcc-arm-none-eabi-10.3-2021.10/bin/../lib/gcc/arm-none-eabi/10.3.1/../../../../arm-none-eabi/lib/thumb/v7-m/nofp\libg.a(lib_a-readr.o)
                0x0800b13c                _read_r
 *(.glue_7)
 .glue_7        0x0800b168        0x0 linker stubs
 *(.glue_7t)
 .glue_7t       0x0800b168        0x0 linker stubs
 *(.eh_frame)
 .eh_frame      0x0800b168        0x0 d:/clion_stm32/gcc_arm_none_eabi/gcc-arm-none-eabi-10.3-2021.10/bin/../lib/gcc/arm-none-eabi/10.3.1/thumb/v7-m/nofp/crtbegin.o
 *(.init)
 .init          0x0800b168        0x4 d:/clion_stm32/gcc_arm_none_eabi/gcc-arm-none-eabi-10.3-2021.10/bin/../lib/gcc/arm-none-eabi/10.3.1/thumb/v7-m/nofp/crti.o
                0x0800b168                _init
 .init          0x0800b16c        0x8 d:/clion_stm32/gcc_arm_none_eabi/gcc-arm-none-eabi-10.3-2021.10/bin/../lib/gcc/arm-none-eabi/10.3.1/thumb/v7-m/nofp/crtn.o
 *(.fini)
 .fini          0x0800b174        0x4 d:/clion_stm32/gcc_arm_none_eabi/gcc-arm-none-eabi-10.3-2021.10/bin/../lib/gcc/arm-none-eabi/10.3.1/thumb/v7-m/nofp/crti.o
                0x0800b174                _fini
 .fini          0x0800b178        0x8 d:/clion_stm32/gcc_arm_none_eabi/gcc-arm-none-eabi-10.3-2021.10/bin/../lib/gcc/arm-none-eabi/10.3.1/thumb/v7-m/nofp/crtn.o
                0x0800b180                . = ALIGN (0x4)
                0x0800b180                _etext = .

.vfp11_veneer   0x0800b180        0x0
 .vfp11_veneer  0x0800b180        0x0 linker stubs

.v4_bx          0x0800b180        0x0
 .v4_bx         0x0800b180        0x0 linker stubs

.iplt           0x0800b180        0x0
 .iplt          0x0800b180        0x0 d:/clion_stm32/gcc_arm_none_eabi/gcc-arm-none-eabi-10.3-2021.10/bin/../lib/gcc/arm-none-eabi/10.3.1/thumb/v7-m/nofp/crtbegin.o

.rodata         0x0800b180      0x468
                0x0800b180                . = ALIGN (0x4)
 *(.rodata)
 *(.rodata*)
 .rodata.HAL_UARTEx_RxEventCallback.str1.4
                0x0800b180       0x23 CMakeFiles/angle.elf.dir/Core/Own/IT.cpp.obj
                                 0x27 (size before relaxing)
 *fill*         0x0800b1a3        0x1 
 .rodata.HAL_TIM_PeriodElapsedCallback.str1.4
                0x0800b1a4       0x11 CMakeFiles/angle.elf.dir/Core/Own/IT.cpp.obj
 *fill*         0x0800b1b5        0x3 
 .rodata.main.str1.4
                0x0800b1b8        0x4 CMakeFiles/angle.elf.dir/Core/Own/main.cpp.obj
 .rodata.AHBPrescTable
                0x0800b1bc       0x10 CMakeFiles/angle.elf.dir/Core/Src/system_stm32f1xx.c.obj
                0x0800b1bc                AHBPrescTable
 .rodata.APBPrescTable
                0x0800b1cc        0x8 CMakeFiles/angle.elf.dir/Core/Src/system_stm32f1xx.c.obj
                0x0800b1cc                APBPrescTable
 .rodata.aPLLMULFactorTable.1
                0x0800b1d4       0x10 CMakeFiles/angle.elf.dir/Drivers/STM32F1xx_HAL_Driver/Src/stm32f1xx_hal_rcc.c.obj
 .rodata.aPredivFactorTable.0
                0x0800b1e4        0x2 CMakeFiles/angle.elf.dir/Drivers/STM32F1xx_HAL_Driver/Src/stm32f1xx_hal_rcc.c.obj
 *fill*         0x0800b1e6        0x2 
 .rodata._global_impure_ptr
                0x0800b1e8        0x4 d:/clion_stm32/gcc_arm_none_eabi/gcc-arm-none-eabi-10.3-2021.10/bin/../lib/gcc/arm-none-eabi/10.3.1/../../../../arm-none-eabi/lib/thumb/v7-m/nofp\libg.a(lib_a-impure.o)
                0x0800b1e8                _global_impure_ptr
 .rodata._svfprintf_r.str1.4
                0x0800b1ec       0x42 d:/clion_stm32/gcc_arm_none_eabi/gcc-arm-none-eabi-10.3-2021.10/bin/../lib/gcc/arm-none-eabi/10.3.1/../../../../arm-none-eabi/lib/thumb/v7-m/nofp\libg.a(lib_a-svfprintf.o)
 *fill*         0x0800b22e        0x2 
 .rodata.blanks.1
                0x0800b230       0x10 d:/clion_stm32/gcc_arm_none_eabi/gcc-arm-none-eabi-10.3-2021.10/bin/../lib/gcc/arm-none-eabi/10.3.1/../../../../arm-none-eabi/lib/thumb/v7-m/nofp\libg.a(lib_a-svfprintf.o)
 .rodata.zeroes.0
                0x0800b240       0x10 d:/clion_stm32/gcc_arm_none_eabi/gcc-arm-none-eabi-10.3-2021.10/bin/../lib/gcc/arm-none-eabi/10.3.1/../../../../arm-none-eabi/lib/thumb/v7-m/nofp\libg.a(lib_a-svfprintf.o)
 .rodata._dtoa_r.str1.4
                0x0800b250       0xa2 d:/clion_stm32/gcc_arm_none_eabi/gcc-arm-none-eabi-10.3-2021.10/bin/../lib/gcc/arm-none-eabi/10.3.1/../../../../arm-none-eabi/lib/thumb/v7-m/nofp\libg.a(lib_a-dtoa.o)
                                 0xa6 (size before relaxing)
 *fill*         0x0800b2f2        0x2 
 .rodata.__multadd.str1.4
                0x0800b2f4       0x7f d:/clion_stm32/gcc_arm_none_eabi/gcc-arm-none-eabi-10.3-2021.10/bin/../lib/gcc/arm-none-eabi/10.3.1/../../../../arm-none-eabi/lib/thumb/v7-m/nofp\libg.a(lib_a-mprec.o)
                                 0x93 (size before relaxing)
 *fill*         0x0800b373        0x5 
 .rodata.__mprec_bigtens
                0x0800b378       0x28 d:/clion_stm32/gcc_arm_none_eabi/gcc-arm-none-eabi-10.3-2021.10/bin/../lib/gcc/arm-none-eabi/10.3.1/../../../../arm-none-eabi/lib/thumb/v7-m/nofp\libg.a(lib_a-mprec.o)
                0x0800b378                __mprec_bigtens
 .rodata.__mprec_tens
                0x0800b3a0       0xc8 d:/clion_stm32/gcc_arm_none_eabi/gcc-arm-none-eabi-10.3-2021.10/bin/../lib/gcc/arm-none-eabi/10.3.1/../../../../arm-none-eabi/lib/thumb/v7-m/nofp\libg.a(lib_a-mprec.o)
                0x0800b3a0                __mprec_tens
 .rodata.p05.0  0x0800b468        0xc d:/clion_stm32/gcc_arm_none_eabi/gcc-arm-none-eabi-10.3-2021.10/bin/../lib/gcc/arm-none-eabi/10.3.1/../../../../arm-none-eabi/lib/thumb/v7-m/nofp\libg.a(lib_a-mprec.o)
 .rodata.__assert_func.str1.4
                0x0800b474       0x3f d:/clion_stm32/gcc_arm_none_eabi/gcc-arm-none-eabi-10.3-2021.10/bin/../lib/gcc/arm-none-eabi/10.3.1/../../../../arm-none-eabi/lib/thumb/v7-m/nofp\libg.a(lib_a-assert.o)
                                 0x43 (size before relaxing)
 *fill*         0x0800b4b3        0x1 
 .rodata._setlocale_r.str1.4
                0x0800b4b4        0xa d:/clion_stm32/gcc_arm_none_eabi/gcc-arm-none-eabi-10.3-2021.10/bin/../lib/gcc/arm-none-eabi/10.3.1/../../../../arm-none-eabi/lib/thumb/v7-m/nofp\libg.a(lib_a-locale.o)
                                  0xd (size before relaxing)
 *fill*         0x0800b4be        0x2 
 .rodata.str1.4
                0x0800b4c0        0x2 d:/clion_stm32/gcc_arm_none_eabi/gcc-arm-none-eabi-10.3-2021.10/bin/../lib/gcc/arm-none-eabi/10.3.1/../../../../arm-none-eabi/lib/thumb/v7-m/nofp\libg.a(lib_a-locale.o)
 .rodata._vfiprintf_r.str1.4
                0x0800b4c2       0x2f d:/clion_stm32/gcc_arm_none_eabi/gcc-arm-none-eabi-10.3-2021.10/bin/../lib/gcc/arm-none-eabi/10.3.1/../../../../arm-none-eabi/lib/thumb/v7-m/nofp\libg.a(lib_a-vfiprintf.o)
 *fill*         0x0800b4c2        0x2 
 .rodata.blanks.1
                0x0800b4c4       0x10 d:/clion_stm32/gcc_arm_none_eabi/gcc-arm-none-eabi-10.3-2021.10/bin/../lib/gcc/arm-none-eabi/10.3.1/../../../../arm-none-eabi/lib/thumb/v7-m/nofp\libg.a(lib_a-vfiprintf.o)
 .rodata.zeroes.0
                0x0800b4d4       0x10 d:/clion_stm32/gcc_arm_none_eabi/gcc-arm-none-eabi-10.3-2021.10/bin/../lib/gcc/arm-none-eabi/10.3.1/../../../../arm-none-eabi/lib/thumb/v7-m/nofp\libg.a(lib_a-vfiprintf.o)
 .rodata._ctype_
                0x0800b4e4      0x101 d:/clion_stm32/gcc_arm_none_eabi/gcc-arm-none-eabi-10.3-2021.10/bin/../lib/gcc/arm-none-eabi/10.3.1/../../../../arm-none-eabi/lib/thumb/v7-m/nofp\libg.a(lib_a-ctype_.o)
                0x0800b4e4                _ctype_
                0x0800b5e8                . = ALIGN (0x4)
 *fill*         0x0800b5e5        0x3 

.ARM.extab      0x0800b5e8       0x24
                0x0800b5e8                . = ALIGN (0x4)
 *(.ARM.extab* .gnu.linkonce.armextab.*)
 .ARM.extab.text._Z4testv
                0x0800b5e8        0xc CMakeFiles/angle.elf.dir/Core/Own/IT.cpp.obj
 .ARM.extab     0x0800b5f4       0x18 d:/clion_stm32/gcc_arm_none_eabi/gcc-arm-none-eabi-10.3-2021.10/bin/../lib/gcc/arm-none-eabi/10.3.1/thumb/v7-m/nofp\libgcc.a(pr-support.o)
                0x0800b60c                . = ALIGN (0x4)

.ARM            0x0800b60c      0x110
                0x0800b60c                . = ALIGN (0x4)
                0x0800b60c                __exidx_start = .
 *(.ARM.exidx*)
 .ARM.exidx.text._Z4testv
                0x0800b6c4        0x8 CMakeFiles/angle.elf.dir/Core/Own/IT.cpp.obj
 .ARM.exidx.text._Z5myabsf
                0x0800b6cc        0x8 CMakeFiles/angle.elf.dir/Core/Own/IT.cpp.obj
 .ARM.exidx.text.HAL_UARTEx_RxEventCallback
                0x0800b6d4        0x8 CMakeFiles/angle.elf.dir/Core/Own/IT.cpp.obj
 .ARM.exidx.text.HAL_TIM_PeriodElapsedCallback
                0x0800b6dc        0x8 CMakeFiles/angle.elf.dir/Core/Own/IT.cpp.obj
 .ARM.exidx.text.Error_Handler
                0x0800b6e4        0x8 CMakeFiles/angle.elf.dir/Core/Own/main.cpp.obj
 .ARM.exidx.text._Z18SystemClock_Configv
                0x0800b6ec        0x8 CMakeFiles/angle.elf.dir/Core/Own/main.cpp.obj
 .ARM.exidx.text.main
                0x0800b6f4        0x8 CMakeFiles/angle.elf.dir/Core/Own/main.cpp.obj
 .ARM.exidx.text._Z41__static_initialization_and_destruction_0ii
                0x0800b6fc        0x8 CMakeFiles/angle.elf.dir/Core/Own/motor.cpp.obj
 .ARM.exidx.text._ZN5motor9front_runEv
                0x0800b704        0x8 CMakeFiles/angle.elf.dir/Core/Own/motor.cpp.obj
 .ARM.exidx.text._ZN5motor8back_runEv
                0x0800b70c        0x0 CMakeFiles/angle.elf.dir/Core/Own/motor.cpp.obj
                                  0x8 (size before relaxing)
 .ARM.exidx.text._ZN5motor6SetPwmEi
                0x0800b70c        0x8 CMakeFiles/angle.elf.dir/Core/Own/motor.cpp.obj
 .ARM.exidx.text._ZN5motor6GetPosEv
                0x0800b714        0x8 CMakeFiles/angle.elf.dir/Core/Own/motor.cpp.obj
 .ARM.exidx.text._ZN5motor5clearEv
                0x0800b71c        0x0 CMakeFiles/angle.elf.dir/Core/Own/motor.cpp.obj
                                  0x8 (size before relaxing)
 .ARM.exidx.text._GLOBAL__sub_I__ZN5motor9front_runEv
                0x0800b71c        0x0 CMakeFiles/angle.elf.dir/Core/Own/motor.cpp.obj
                                  0x8 (size before relaxing)
 .ARM.exidx.text._Z41__static_initialization_and_destruction_0ii
                0x0800b71c        0x0 CMakeFiles/angle.elf.dir/Core/Own/pid.cpp.obj
                                  0x8 (size before relaxing)
 .ARM.exidx.text._Z5limitfRff
                0x0800b71c        0x0 CMakeFiles/angle.elf.dir/Core/Own/pid.cpp.obj
                                  0x8 (size before relaxing)
 .ARM.exidx.text._ZN3pid5clearEv
                0x0800b71c        0x0 CMakeFiles/angle.elf.dir/Core/Own/pid.cpp.obj
                                  0x8 (size before relaxing)
 .ARM.exidx.text._ZN3pid6PosPidE5motorf
                0x0800b71c        0x0 CMakeFiles/angle.elf.dir/Core/Own/pid.cpp.obj
                                  0x8 (size before relaxing)
 .ARM.exidx.text._ZN3pid6AddPidE5motorf
                0x0800b71c        0x0 CMakeFiles/angle.elf.dir/Core/Own/pid.cpp.obj
                                  0x8 (size before relaxing)
 .ARM.exidx.text._ZN3pid8SpeedPidE5motorf
                0x0800b71c        0x0 CMakeFiles/angle.elf.dir/Core/Own/pid.cpp.obj
                                  0x8 (size before relaxing)
 .ARM.exidx.text._GLOBAL__sub_I__Z5limitfRff
                0x0800b71c        0x0 CMakeFiles/angle.elf.dir/Core/Own/pid.cpp.obj
                                  0x8 (size before relaxing)
 .ARM.exidx     0x0800b60c       0x80 d:/clion_stm32/gcc_arm_none_eabi/gcc-arm-none-eabi-10.3-2021.10/bin/../lib/gcc/arm-none-eabi/10.3.1/thumb/v7-m/nofp\libgcc.a(unwind-arm.o)
                                 0xd8 (size before relaxing)
 .ARM.exidx     0x0800b68c       0x38 d:/clion_stm32/gcc_arm_none_eabi/gcc-arm-none-eabi-10.3-2021.10/bin/../lib/gcc/arm-none-eabi/10.3.1/thumb/v7-m/nofp\libgcc.a(pr-support.o)
 .ARM.exidx     0x0800b6c4        0x0 d:/clion_stm32/gcc_arm_none_eabi/gcc-arm-none-eabi-10.3-2021.10/bin/../lib/gcc/arm-none-eabi/10.3.1/thumb/v7-m/nofp\libgcc.a(_udivmoddi4.o)
                                  0x8 (size before relaxing)
                0x0800b71c                __exidx_end = .
                0x0800b71c                . = ALIGN (0x4)

.rel.dyn        0x0800b71c        0x0
 .rel.iplt      0x0800b71c        0x0 d:/clion_stm32/gcc_arm_none_eabi/gcc-arm-none-eabi-10.3-2021.10/bin/../lib/gcc/arm-none-eabi/10.3.1/thumb/v7-m/nofp/crtbegin.o

.preinit_array  0x0800b71c        0x0
                0x0800b71c                . = ALIGN (0x4)
                0x0800b71c                PROVIDE (__preinit_array_start = .)
 *(.preinit_array*)
                0x0800b71c                PROVIDE (__preinit_array_end = .)
                0x0800b71c                . = ALIGN (0x4)

.init_array     0x0800b71c       0x10
                0x0800b71c                . = ALIGN (0x4)
                0x0800b71c                PROVIDE (__init_array_start = .)
 *(SORT_BY_NAME(.init_array.*))
 .init_array.00000
                0x0800b71c        0x4 d:/clion_stm32/gcc_arm_none_eabi/gcc-arm-none-eabi-10.3-2021.10/bin/../lib/gcc/arm-none-eabi/10.3.1/../../../../arm-none-eabi/lib/thumb/v7-m/nofp\libg.a(lib_a-__call_atexit.o)
 *(.init_array*)
 .init_array    0x0800b720        0x4 d:/clion_stm32/gcc_arm_none_eabi/gcc-arm-none-eabi-10.3-2021.10/bin/../lib/gcc/arm-none-eabi/10.3.1/thumb/v7-m/nofp/crtbegin.o
 .init_array    0x0800b724        0x4 CMakeFiles/angle.elf.dir/Core/Own/motor.cpp.obj
 .init_array    0x0800b728        0x4 CMakeFiles/angle.elf.dir/Core/Own/pid.cpp.obj
                0x0800b72c                PROVIDE (__init_array_end = .)
                0x0800b72c                . = ALIGN (0x4)

.fini_array     0x0800b72c        0x4
                0x0800b72c                . = ALIGN (0x4)
                0x0800b72c                PROVIDE (__fini_array_start = .)
 *(SORT_BY_NAME(.fini_array.*))
 *(.fini_array*)
 .fini_array    0x0800b72c        0x4 d:/clion_stm32/gcc_arm_none_eabi/gcc-arm-none-eabi-10.3-2021.10/bin/../lib/gcc/arm-none-eabi/10.3.1/thumb/v7-m/nofp/crtbegin.o
                0x0800b730                PROVIDE (__fini_array_end = .)
                0x0800b730                . = ALIGN (0x4)
                0x0800b730                _sidata = LOADADDR (.data)

.data           0x20000000      0x9c0 load address 0x0800b730
                0x20000000                . = ALIGN (0x4)
                0x20000000                _sdata = .
 *(.data)
 *(.data*)
 .data.target   0x20000000        0x4 CMakeFiles/angle.elf.dir/Core/Own/IT.cpp.obj
                0x20000000                target
 .data.SystemCoreClock
                0x20000004        0x4 CMakeFiles/angle.elf.dir/Core/Src/system_stm32f1xx.c.obj
                0x20000004                SystemCoreClock
 .data.uwTickFreq
                0x20000008        0x1 CMakeFiles/angle.elf.dir/Drivers/STM32F1xx_HAL_Driver/Src/stm32f1xx_hal.c.obj
                0x20000008                uwTickFreq
 *fill*         0x20000009        0x3 
 .data.uwTickPrio
                0x2000000c        0x4 CMakeFiles/angle.elf.dir/Drivers/STM32F1xx_HAL_Driver/Src/stm32f1xx_hal.c.obj
                0x2000000c                uwTickPrio
 .data._impure_ptr
                0x20000010        0x4 d:/clion_stm32/gcc_arm_none_eabi/gcc-arm-none-eabi-10.3-2021.10/bin/../lib/gcc/arm-none-eabi/10.3.1/../../../../arm-none-eabi/lib/thumb/v7-m/nofp\libg.a(lib_a-impure.o)
                0x20000010                _impure_ptr
 *fill*         0x20000014        0x4 
 .data.impure_data
                0x20000018      0x428 d:/clion_stm32/gcc_arm_none_eabi/gcc-arm-none-eabi-10.3-2021.10/bin/../lib/gcc/arm-none-eabi/10.3.1/../../../../arm-none-eabi/lib/thumb/v7-m/nofp\libg.a(lib_a-impure.o)
 .data.__atexit_recursive_mutex
                0x20000440        0x4 d:/clion_stm32/gcc_arm_none_eabi/gcc-arm-none-eabi-10.3-2021.10/bin/../lib/gcc/arm-none-eabi/10.3.1/../../../../arm-none-eabi/lib/thumb/v7-m/nofp\libg.a(lib_a-__call_atexit.o)
                0x20000440                __atexit_recursive_mutex
 .data.__malloc_av_
                0x20000444      0x408 d:/clion_stm32/gcc_arm_none_eabi/gcc-arm-none-eabi-10.3-2021.10/bin/../lib/gcc/arm-none-eabi/10.3.1/../../../../arm-none-eabi/lib/thumb/v7-m/nofp\libg.a(lib_a-mallocr.o)
                0x20000444                __malloc_av_
 .data.__malloc_sbrk_base
                0x2000084c        0x4 d:/clion_stm32/gcc_arm_none_eabi/gcc-arm-none-eabi-10.3-2021.10/bin/../lib/gcc/arm-none-eabi/10.3.1/../../../../arm-none-eabi/lib/thumb/v7-m/nofp\libg.a(lib_a-mallocr.o)
                0x2000084c                __malloc_sbrk_base
 .data.__malloc_trim_threshold
                0x20000850        0x4 d:/clion_stm32/gcc_arm_none_eabi/gcc-arm-none-eabi-10.3-2021.10/bin/../lib/gcc/arm-none-eabi/10.3.1/../../../../arm-none-eabi/lib/thumb/v7-m/nofp\libg.a(lib_a-mallocr.o)
                0x20000850                __malloc_trim_threshold
 .data.__global_locale
                0x20000854      0x16c d:/clion_stm32/gcc_arm_none_eabi/gcc-arm-none-eabi-10.3-2021.10/bin/../lib/gcc/arm-none-eabi/10.3.1/../../../../arm-none-eabi/lib/thumb/v7-m/nofp\libg.a(lib_a-locale.o)
                0x20000854                __global_locale
 *(.RamFunc)
 *(.RamFunc*)
                0x200009c0                . = ALIGN (0x4)
                0x200009c0                _edata = .

.igot.plt       0x200009c0        0x0 load address 0x0800c0f0
 .igot.plt      0x200009c0        0x0 d:/clion_stm32/gcc_arm_none_eabi/gcc-arm-none-eabi-10.3-2021.10/bin/../lib/gcc/arm-none-eabi/10.3.1/thumb/v7-m/nofp/crtbegin.o
                0x200009c0                . = ALIGN (0x4)

.bss            0x200009c0      0x2cc load address 0x0800c0f0
                0x200009c0                _sbss = .
                0x200009c0                __bss_start__ = _sbss
 *(.bss)
 .bss           0x200009c0       0x1c d:/clion_stm32/gcc_arm_none_eabi/gcc-arm-none-eabi-10.3-2021.10/bin/../lib/gcc/arm-none-eabi/10.3.1/thumb/v7-m/nofp/crtbegin.o
 *(.bss*)
 .bss.left      0x200009dc       0x20 CMakeFiles/angle.elf.dir/Core/Own/motor.cpp.obj
                0x200009dc                left
 .bss._ZZN3pid6AddPidE5motorfE3Err
                0x200009fc        0x4 CMakeFiles/angle.elf.dir/Core/Own/pid.cpp.obj
 .bss._ZZN3pid6AddPidE5motorfE6PreErr
                0x20000a00        0x4 CMakeFiles/angle.elf.dir/Core/Own/pid.cpp.obj
 .bss._ZZN3pid6AddPidE5motorfE7LastErr
                0x20000a04        0x4 CMakeFiles/angle.elf.dir/Core/Own/pid.cpp.obj
 .bss.angle     0x20000a08       0x1c CMakeFiles/angle.elf.dir/Core/Own/pid.cpp.obj
                0x20000a08                angle
 .bss.speed     0x20000a24       0x1c CMakeFiles/angle.elf.dir/Core/Own/pid.cpp.obj
                0x20000a24                speed
 .bss.speed_alone
                0x20000a40       0x1c CMakeFiles/angle.elf.dir/Core/Own/pid.cpp.obj
                0x20000a40                speed_alone
 .bss.AngleOpen
                0x20000a5c        0x1 CMakeFiles/angle.elf.dir/Core/Own/uart.c.obj
                0x20000a5c                AngleOpen
 .bss.SpeedOpen
                0x20000a5d        0x1 CMakeFiles/angle.elf.dir/Core/Own/uart.c.obj
                0x20000a5d                SpeedOpen
 *fill*         0x20000a5e        0x2 
 .bss.bag       0x20000a60       0x32 CMakeFiles/angle.elf.dir/Core/Own/uart.c.obj
                0x20000a60                bag
 *fill*         0x20000a92        0x2 
 .bss.__sbrk_heap_end
                0x20000a94        0x4 CMakeFiles/angle.elf.dir/Core/Src/sysmem.c.obj
 .bss.htim1     0x20000a98       0x48 CMakeFiles/angle.elf.dir/Core/Src/tim.c.obj
                0x20000a98                htim1
 .bss.htim2     0x20000ae0       0x48 CMakeFiles/angle.elf.dir/Core/Src/tim.c.obj
                0x20000ae0                htim2
 .bss.htim3     0x20000b28       0x48 CMakeFiles/angle.elf.dir/Core/Src/tim.c.obj
                0x20000b28                htim3
 .bss.hdma_usart2_rx
                0x20000b70       0x44 CMakeFiles/angle.elf.dir/Core/Src/usart.c.obj
                0x20000b70                hdma_usart2_rx
 .bss.hdma_usart2_tx
                0x20000bb4       0x44 CMakeFiles/angle.elf.dir/Core/Src/usart.c.obj
                0x20000bb4                hdma_usart2_tx
 .bss.huart2    0x20000bf8       0x48 CMakeFiles/angle.elf.dir/Core/Src/usart.c.obj
                0x20000bf8                huart2
 .bss.uwTick    0x20000c40        0x4 CMakeFiles/angle.elf.dir/Drivers/STM32F1xx_HAL_Driver/Src/stm32f1xx_hal.c.obj
                0x20000c40                uwTick
 .bss.__lock___atexit_recursive_mutex
                0x20000c44        0x1 d:/clion_stm32/gcc_arm_none_eabi/gcc-arm-none-eabi-10.3-2021.10/bin/../lib/gcc/arm-none-eabi/10.3.1/../../../../arm-none-eabi/lib/thumb/v7-m/nofp\libg.a(lib_a-lock.o)
                0x20000c44                __lock___atexit_recursive_mutex
 *fill*         0x20000c45        0x3 
 .bss.__lock___malloc_recursive_mutex
                0x20000c48        0x1 d:/clion_stm32/gcc_arm_none_eabi/gcc-arm-none-eabi-10.3-2021.10/bin/../lib/gcc/arm-none-eabi/10.3.1/../../../../arm-none-eabi/lib/thumb/v7-m/nofp\libg.a(lib_a-lock.o)
                0x20000c48                __lock___malloc_recursive_mutex
 *fill*         0x20000c49        0x3 
 .bss.__lock___sfp_recursive_mutex
                0x20000c4c        0x1 d:/clion_stm32/gcc_arm_none_eabi/gcc-arm-none-eabi-10.3-2021.10/bin/../lib/gcc/arm-none-eabi/10.3.1/../../../../arm-none-eabi/lib/thumb/v7-m/nofp\libg.a(lib_a-lock.o)
                0x20000c4c                __lock___sfp_recursive_mutex
 *fill*         0x20000c4d        0x3 
 .bss.__lock___sinit_recursive_mutex
                0x20000c50        0x1 d:/clion_stm32/gcc_arm_none_eabi/gcc-arm-none-eabi-10.3-2021.10/bin/../lib/gcc/arm-none-eabi/10.3.1/../../../../arm-none-eabi/lib/thumb/v7-m/nofp\libg.a(lib_a-lock.o)
                0x20000c50                __lock___sinit_recursive_mutex
 *fill*         0x20000c51        0x3 
 .bss.__malloc_current_mallinfo
                0x20000c54       0x28 d:/clion_stm32/gcc_arm_none_eabi/gcc-arm-none-eabi-10.3-2021.10/bin/../lib/gcc/arm-none-eabi/10.3.1/../../../../arm-none-eabi/lib/thumb/v7-m/nofp\libg.a(lib_a-mallocr.o)
                0x20000c54                __malloc_current_mallinfo
 .bss.__malloc_max_sbrked_mem
                0x20000c7c        0x4 d:/clion_stm32/gcc_arm_none_eabi/gcc-arm-none-eabi-10.3-2021.10/bin/../lib/gcc/arm-none-eabi/10.3.1/../../../../arm-none-eabi/lib/thumb/v7-m/nofp\libg.a(lib_a-mallocr.o)
                0x20000c7c                __malloc_max_sbrked_mem
 .bss.__malloc_max_total_mem
                0x20000c80        0x4 d:/clion_stm32/gcc_arm_none_eabi/gcc-arm-none-eabi-10.3-2021.10/bin/../lib/gcc/arm-none-eabi/10.3.1/../../../../arm-none-eabi/lib/thumb/v7-m/nofp\libg.a(lib_a-mallocr.o)
                0x20000c80                __malloc_max_total_mem
 .bss.__malloc_top_pad
                0x20000c84        0x4 d:/clion_stm32/gcc_arm_none_eabi/gcc-arm-none-eabi-10.3-2021.10/bin/../lib/gcc/arm-none-eabi/10.3.1/../../../../arm-none-eabi/lib/thumb/v7-m/nofp\libg.a(lib_a-mallocr.o)
                0x20000c84                __malloc_top_pad
 .bss.errno     0x20000c88        0x4 d:/clion_stm32/gcc_arm_none_eabi/gcc-arm-none-eabi-10.3-2021.10/bin/../lib/gcc/arm-none-eabi/10.3.1/../../../../arm-none-eabi/lib/thumb/v7-m/nofp\libg.a(lib_a-reent.o)
                0x20000c88                errno
 *(COMMON)
                0x20000c8c                . = ALIGN (0x4)
                0x20000c8c                _ebss = .
                0x20000c8c                __bss_end__ = _ebss

._user_heap_stack
                0x20000c8c      0x604 load address 0x0800c0f0
                0x20000c90                . = ALIGN (0x8)
 *fill*         0x20000c8c        0x4 
                [!provide]                PROVIDE (end = .)
                0x20000c90                PROVIDE (_end = .)
                0x20000e90                . = (. + _Min_Heap_Size)
 *fill*         0x20000c90      0x200 
                0x20001290                . = (. + _Min_Stack_Size)
 *fill*         0x20000e90      0x400 
                0x20001290                . = ALIGN (0x8)

/DISCARD/
 libc.a(*)
 libm.a(*)
 libgcc.a(*)

.ARM.attributes
                0x00000000       0x29
 *(.ARM.attributes)
 .ARM.attributes
                0x00000000       0x1d d:/clion_stm32/gcc_arm_none_eabi/gcc-arm-none-eabi-10.3-2021.10/bin/../lib/gcc/arm-none-eabi/10.3.1/thumb/v7-m/nofp/crti.o
 .ARM.attributes
                0x0000001d       0x2d d:/clion_stm32/gcc_arm_none_eabi/gcc-arm-none-eabi-10.3-2021.10/bin/../lib/gcc/arm-none-eabi/10.3.1/thumb/v7-m/nofp/crtbegin.o
 .ARM.attributes
                0x0000004a       0x2d CMakeFiles/angle.elf.dir/Core/Own/IT.cpp.obj
 .ARM.attributes
                0x00000077       0x2d CMakeFiles/angle.elf.dir/Core/Own/main.cpp.obj
 .ARM.attributes
                0x000000a4       0x2d CMakeFiles/angle.elf.dir/Core/Own/motor.cpp.obj
 .ARM.attributes
                0x000000d1       0x2d CMakeFiles/angle.elf.dir/Core/Own/pid.cpp.obj
 .ARM.attributes
                0x000000fe       0x2d CMakeFiles/angle.elf.dir/Core/Own/uart.c.obj
 .ARM.attributes
                0x0000012b       0x2d CMakeFiles/angle.elf.dir/Core/Src/dma.c.obj
 .ARM.attributes
                0x00000158       0x2d CMakeFiles/angle.elf.dir/Core/Src/gpio.c.obj
 .ARM.attributes
                0x00000185       0x2d CMakeFiles/angle.elf.dir/Core/Src/stm32f1xx_hal_msp.c.obj
 .ARM.attributes
                0x000001b2       0x2d CMakeFiles/angle.elf.dir/Core/Src/stm32f1xx_it.c.obj
 .ARM.attributes
                0x000001df       0x2d CMakeFiles/angle.elf.dir/Core/Src/syscalls.c.obj
 .ARM.attributes
                0x0000020c       0x2d CMakeFiles/angle.elf.dir/Core/Src/sysmem.c.obj
 .ARM.attributes
                0x00000239       0x2d CMakeFiles/angle.elf.dir/Core/Src/system_stm32f1xx.c.obj
 .ARM.attributes
                0x00000266       0x2d CMakeFiles/angle.elf.dir/Core/Src/tim.c.obj
 .ARM.attributes
                0x00000293       0x2d CMakeFiles/angle.elf.dir/Core/Src/usart.c.obj
 .ARM.attributes
                0x000002c0       0x21 CMakeFiles/angle.elf.dir/Core/Startup/startup_stm32f103c8tx.s.obj
 .ARM.attributes
                0x000002e1       0x2d CMakeFiles/angle.elf.dir/Drivers/STM32F1xx_HAL_Driver/Src/stm32f1xx_hal.c.obj
 .ARM.attributes
                0x0000030e       0x2d CMakeFiles/angle.elf.dir/Drivers/STM32F1xx_HAL_Driver/Src/stm32f1xx_hal_cortex.c.obj
 .ARM.attributes
                0x0000033b       0x2d CMakeFiles/angle.elf.dir/Drivers/STM32F1xx_HAL_Driver/Src/stm32f1xx_hal_dma.c.obj
 .ARM.attributes
                0x00000368       0x2d CMakeFiles/angle.elf.dir/Drivers/STM32F1xx_HAL_Driver/Src/stm32f1xx_hal_gpio.c.obj
 .ARM.attributes
                0x00000395       0x2d CMakeFiles/angle.elf.dir/Drivers/STM32F1xx_HAL_Driver/Src/stm32f1xx_hal_rcc.c.obj
 .ARM.attributes
                0x000003c2       0x2d CMakeFiles/angle.elf.dir/Drivers/STM32F1xx_HAL_Driver/Src/stm32f1xx_hal_tim.c.obj
 .ARM.attributes
                0x000003ef       0x2d CMakeFiles/angle.elf.dir/Drivers/STM32F1xx_HAL_Driver/Src/stm32f1xx_hal_tim_ex.c.obj
 .ARM.attributes
                0x0000041c       0x2d CMakeFiles/angle.elf.dir/Drivers/STM32F1xx_HAL_Driver/Src/stm32f1xx_hal_uart.c.obj
 .ARM.attributes
                0x00000449       0x1d d:/clion_stm32/gcc_arm_none_eabi/gcc-arm-none-eabi-10.3-2021.10/bin/../lib/gcc/arm-none-eabi/10.3.1/thumb/v7-m/nofp\libgcc.a(_arm_mulsf3.o)
 .ARM.attributes
                0x00000466       0x1d d:/clion_stm32/gcc_arm_none_eabi/gcc-arm-none-eabi-10.3-2021.10/bin/../lib/gcc/arm-none-eabi/10.3.1/thumb/v7-m/nofp\libgcc.a(_arm_addsubsf3.o)
 .ARM.attributes
                0x00000483       0x1d d:/clion_stm32/gcc_arm_none_eabi/gcc-arm-none-eabi-10.3-2021.10/bin/../lib/gcc/arm-none-eabi/10.3.1/thumb/v7-m/nofp\libgcc.a(_arm_cmpsf2.o)
 .ARM.attributes
                0x000004a0       0x1d d:/clion_stm32/gcc_arm_none_eabi/gcc-arm-none-eabi-10.3-2021.10/bin/../lib/gcc/arm-none-eabi/10.3.1/thumb/v7-m/nofp\libgcc.a(_arm_fixsfsi.o)
 .ARM.attributes
                0x000004bd       0x2d d:/clion_stm32/gcc_arm_none_eabi/gcc-arm-none-eabi-10.3-2021.10/bin/../lib/gcc/arm-none-eabi/10.3.1/thumb/v7-m/nofp\libgcc.a(unwind-arm.o)
 .ARM.attributes
                0x000004ea       0x1d d:/clion_stm32/gcc_arm_none_eabi/gcc-arm-none-eabi-10.3-2021.10/bin/../lib/gcc/arm-none-eabi/10.3.1/thumb/v7-m/nofp\libgcc.a(libunwind.o)
 .ARM.attributes
                0x00000507       0x2d d:/clion_stm32/gcc_arm_none_eabi/gcc-arm-none-eabi-10.3-2021.10/bin/../lib/gcc/arm-none-eabi/10.3.1/thumb/v7-m/nofp\libgcc.a(pr-support.o)
 .ARM.attributes
                0x00000534       0x2d d:/clion_stm32/gcc_arm_none_eabi/gcc-arm-none-eabi-10.3-2021.10/bin/../lib/gcc/arm-none-eabi/10.3.1/../../../../arm-none-eabi/lib/thumb/v7-m/nofp\libg.a(lib_a-abort.o)
 .ARM.attributes
                0x00000561       0x2d d:/clion_stm32/gcc_arm_none_eabi/gcc-arm-none-eabi-10.3-2021.10/bin/../lib/gcc/arm-none-eabi/10.3.1/../../../../arm-none-eabi/lib/thumb/v7-m/nofp\libg.a(lib_a-errno.o)
 .ARM.attributes
                0x0000058e       0x2d d:/clion_stm32/gcc_arm_none_eabi/gcc-arm-none-eabi-10.3-2021.10/bin/../lib/gcc/arm-none-eabi/10.3.1/../../../../arm-none-eabi/lib/thumb/v7-m/nofp\libg.a(lib_a-impure.o)
 .ARM.attributes
                0x000005bb       0x2d d:/clion_stm32/gcc_arm_none_eabi/gcc-arm-none-eabi-10.3-2021.10/bin/../lib/gcc/arm-none-eabi/10.3.1/../../../../arm-none-eabi/lib/thumb/v7-m/nofp\libg.a(lib_a-init.o)
 .ARM.attributes
                0x000005e8       0x1b d:/clion_stm32/gcc_arm_none_eabi/gcc-arm-none-eabi-10.3-2021.10/bin/../lib/gcc/arm-none-eabi/10.3.1/../../../../arm-none-eabi/lib/thumb/v7-m/nofp\libg.a(lib_a-memcpy.o)
 .ARM.attributes
                0x00000603       0x2d d:/clion_stm32/gcc_arm_none_eabi/gcc-arm-none-eabi-10.3-2021.10/bin/../lib/gcc/arm-none-eabi/10.3.1/../../../../arm-none-eabi/lib/thumb/v7-m/nofp\libg.a(lib_a-memset.o)
 .ARM.attributes
                0x00000630       0x2d d:/clion_stm32/gcc_arm_none_eabi/gcc-arm-none-eabi-10.3-2021.10/bin/../lib/gcc/arm-none-eabi/10.3.1/../../../../arm-none-eabi/lib/thumb/v7-m/nofp\libg.a(lib_a-signal.o)
 .ARM.attributes
                0x0000065d       0x2d d:/clion_stm32/gcc_arm_none_eabi/gcc-arm-none-eabi-10.3-2021.10/bin/../lib/gcc/arm-none-eabi/10.3.1/../../../../arm-none-eabi/lib/thumb/v7-m/nofp\libg.a(lib_a-signalr.o)
 .ARM.attributes
                0x0000068a       0x2d d:/clion_stm32/gcc_arm_none_eabi/gcc-arm-none-eabi-10.3-2021.10/bin/../lib/gcc/arm-none-eabi/10.3.1/../../../../arm-none-eabi/lib/thumb/v7-m/nofp\libg.a(lib_a-strlen-stub.o)
 .ARM.attributes
                0x000006b7       0x2d d:/clion_stm32/gcc_arm_none_eabi/gcc-arm-none-eabi-10.3-2021.10/bin/../lib/gcc/arm-none-eabi/10.3.1/../../../../arm-none-eabi/lib/thumb/v7-m/nofp\libg.a(lib_a-vsprintf.o)
 .ARM.attributes
                0x000006e4       0x2d d:/clion_stm32/gcc_arm_none_eabi/gcc-arm-none-eabi-10.3-2021.10/bin/../lib/gcc/arm-none-eabi/10.3.1/../../../../arm-none-eabi/lib/thumb/v7-m/nofp\libg.a(lib_a-__call_atexit.o)
 .ARM.attributes
                0x00000711       0x2d d:/clion_stm32/gcc_arm_none_eabi/gcc-arm-none-eabi-10.3-2021.10/bin/../lib/gcc/arm-none-eabi/10.3.1/../../../../arm-none-eabi/lib/thumb/v7-m/nofp\libg.a(lib_a-atexit.o)
 .ARM.attributes
                0x0000073e       0x2d d:/clion_stm32/gcc_arm_none_eabi/gcc-arm-none-eabi-10.3-2021.10/bin/../lib/gcc/arm-none-eabi/10.3.1/../../../../arm-none-eabi/lib/thumb/v7-m/nofp\libg.a(lib_a-fini.o)
 .ARM.attributes
                0x0000076b       0x2d d:/clion_stm32/gcc_arm_none_eabi/gcc-arm-none-eabi-10.3-2021.10/bin/../lib/gcc/arm-none-eabi/10.3.1/../../../../arm-none-eabi/lib/thumb/v7-m/nofp\libg.a(lib_a-lock.o)
 .ARM.attributes
                0x00000798       0x2d d:/clion_stm32/gcc_arm_none_eabi/gcc-arm-none-eabi-10.3-2021.10/bin/../lib/gcc/arm-none-eabi/10.3.1/../../../../arm-none-eabi/lib/thumb/v7-m/nofp\libg.a(lib_a-mallocr.o)
 .ARM.attributes
                0x000007c5       0x2d d:/clion_stm32/gcc_arm_none_eabi/gcc-arm-none-eabi-10.3-2021.10/bin/../lib/gcc/arm-none-eabi/10.3.1/../../../../arm-none-eabi/lib/thumb/v7-m/nofp\libg.a(lib_a-mlock.o)
 .ARM.attributes
                0x000007f2       0x2d d:/clion_stm32/gcc_arm_none_eabi/gcc-arm-none-eabi-10.3-2021.10/bin/../lib/gcc/arm-none-eabi/10.3.1/../../../../arm-none-eabi/lib/thumb/v7-m/nofp\libg.a(lib_a-reent.o)
 .ARM.attributes
                0x0000081f       0x2d d:/clion_stm32/gcc_arm_none_eabi/gcc-arm-none-eabi-10.3-2021.10/bin/../lib/gcc/arm-none-eabi/10.3.1/../../../../arm-none-eabi/lib/thumb/v7-m/nofp\libg.a(lib_a-sbrkr.o)
 .ARM.attributes
                0x0000084c       0x2d d:/clion_stm32/gcc_arm_none_eabi/gcc-arm-none-eabi-10.3-2021.10/bin/../lib/gcc/arm-none-eabi/10.3.1/../../../../arm-none-eabi/lib/thumb/v7-m/nofp\libg.a(lib_a-svfprintf.o)
 .ARM.attributes