Archive member included to satisfy reference by file (symbol)

d:/clion_stm32/gcc_arm_none_eabi/gcc-arm-none-eabi-10.3-2021.10/bin/../lib/gcc/arm-none-eabi/10.3.1/thumb/v7-m/nofp\libgcc.a(_arm_mulsf3.o)
                              CMakeFiles/angle.elf.dir/Core/Own/pid.cpp.obj (__aeabi_fmul)
d:/clion_stm32/gcc_arm_none_eabi/gcc-arm-none-eabi-10.3-2021.10/bin/../lib/gcc/arm-none-eabi/10.3.1/thumb/v7-m/nofp\libgcc.a(_arm_addsubsf3.o)
                              CMakeFiles/angle.elf.dir/Core/Own/pid.cpp.obj (__aeabi_fsub)
d:/clion_stm32/gcc_arm_none_eabi/gcc-arm-none-eabi-10.3-2021.10/bin/../lib/gcc/arm-none-eabi/10.3.1/thumb/v7-m/nofp\libgcc.a(_arm_cmpsf2.o)
                              CMakeFiles/angle.elf.dir/Core/Own/IT.cpp.obj (__aeabi_fcmplt)
d:/clion_stm32/gcc_arm_none_eabi/gcc-arm-none-eabi-10.3-2021.10/bin/../lib/gcc/arm-none-eabi/10.3.1/thumb/v7-m/nofp\libgcc.a(_arm_fixsfsi.o)
                              CMakeFiles/angle.elf.dir/Core/Own/IT.cpp.obj (__aeabi_f2iz)
d:/clion_stm32/gcc_arm_none_eabi/gcc-arm-none-eabi-10.3-2021.10/bin/../lib/gcc/arm-none-eabi/10.3.1/thumb/v7-m/nofp\libgcc.a(unwind-arm.o)
                              CMakeFiles/angle.elf.dir/Core/Own/IT.cpp.obj (__aeabi_unwind_cpp_pr0)
d:/clion_stm32/gcc_arm_none_eabi/gcc-arm-none-eabi-10.3-2021.10/bin/../lib/gcc/arm-none-eabi/10.3.1/thumb/v7-m/nofp\libgcc.a(libunwind.o)
                              d:/clion_stm32/gcc_arm_none_eabi/gcc-arm-none-eabi-10.3-2021.10/bin/../lib/gcc/arm-none-eabi/10.3.1/thumb/v7-m/nofp\libgcc.a(unwind-arm.o) (restore_core_regs)
d:/clion_stm32/gcc_arm_none_eabi/gcc-arm-none-eabi-10.3-2021.10/bin/../lib/gcc/arm-none-eabi/10.3.1/thumb/v7-m/nofp\libgcc.a(pr-support.o)
                              d:/clion_stm32/gcc_arm_none_eabi/gcc-arm-none-eabi-10.3-2021.10/bin/../lib/gcc/arm-none-eabi/10.3.1/thumb/v7-m/nofp\libgcc.a(unwind-arm.o) (__gnu_unwind_execute)
d:/clion_stm32/gcc_arm_none_eabi/gcc-arm-none-eabi-10.3-2021.10/bin/../lib/gcc/arm-none-eabi/10.3.1/../../../../arm-none-eabi/lib/thumb/v7-m/nofp\libg.a(lib_a-abort.o)
                              d:/clion_stm32/gcc_arm_none_eabi/gcc-arm-none-eabi-10.3-2021.10/bin/../lib/gcc/arm-none-eabi/10.3.1/thumb/v7-m/nofp\libgcc.a(unwind-arm.o) (abort)
d:/clion_stm32/gcc_arm_none_eabi/gcc-arm-none-eabi-10.3-2021.10/bin/../lib/gcc/arm-none-eabi/10.3.1/../../../../arm-none-eabi/lib/thumb/v7-m/nofp\libg.a(lib_a-errno.o)
                              CMakeFiles/angle.elf.dir/Core/Src/syscalls.c.obj (__errno)
d:/clion_stm32/gcc_arm_none_eabi/gcc-arm-none-eabi-10.3-2021.10/bin/../lib/gcc/arm-none-eabi/10.3.1/../../../../arm-none-eabi/lib/thumb/v7-m/nofp\libg.a(lib_a-exit.o)
                              d:/clion_stm32/gcc_arm_none_eabi/gcc-arm-none-eabi-10.3-2021.10/bin/../lib/gcc/arm-none-eabi/10.3.1/../../../../arm-none-eabi/lib/thumb/v7-m/nofp/crt0.o (exit)
d:/clion_stm32/gcc_arm_none_eabi/gcc-arm-none-eabi-10.3-2021.10/bin/../lib/gcc/arm-none-eabi/10.3.1/../../../../arm-none-eabi/lib/thumb/v7-m/nofp\libg.a(lib_a-impure.o)
                              d:/clion_stm32/gcc_arm_none_eabi/gcc-arm-none-eabi-10.3-2021.10/bin/../lib/gcc/arm-none-eabi/10.3.1/../../../../arm-none-eabi/lib/thumb/v7-m/nofp\libg.a(lib_a-exit.o) (_global_impure_ptr)
d:/clion_stm32/gcc_arm_none_eabi/gcc-arm-none-eabi-10.3-2021.10/bin/../lib/gcc/arm-none-eabi/10.3.1/../../../../arm-none-eabi/lib/thumb/v7-m/nofp\libg.a(lib_a-init.o)
                              d:/clion_stm32/gcc_arm_none_eabi/gcc-arm-none-eabi-10.3-2021.10/bin/../lib/gcc/arm-none-eabi/10.3.1/../../../../arm-none-eabi/lib/thumb/v7-m/nofp/crt0.o (__libc_init_array)
d:/clion_stm32/gcc_arm_none_eabi/gcc-arm-none-eabi-10.3-2021.10/bin/../lib/gcc/arm-none-eabi/10.3.1/../../../../arm-none-eabi/lib/thumb/v7-m/nofp\libg.a(lib_a-memcpy.o)
                              d:/clion_stm32/gcc_arm_none_eabi/gcc-arm-none-eabi-10.3-2021.10/bin/../lib/gcc/arm-none-eabi/10.3.1/thumb/v7-m/nofp\libgcc.a(unwind-arm.o) (memcpy)
d:/clion_stm32/gcc_arm_none_eabi/gcc-arm-none-eabi-10.3-2021.10/bin/../lib/gcc/arm-none-eabi/10.3.1/../../../../arm-none-eabi/lib/thumb/v7-m/nofp\libg.a(lib_a-memset.o)
                              d:/clion_stm32/gcc_arm_none_eabi/gcc-arm-none-eabi-10.3-2021.10/bin/../lib/gcc/arm-none-eabi/10.3.1/../../../../arm-none-eabi/lib/thumb/v7-m/nofp/crt0.o (memset)
d:/clion_stm32/gcc_arm_none_eabi/gcc-arm-none-eabi-10.3-2021.10/bin/../lib/gcc/arm-none-eabi/10.3.1/../../../../arm-none-eabi/lib/thumb/v7-m/nofp\libg.a(lib_a-printf.o)
                              CMakeFiles/angle.elf.dir/Core/Own/main.cpp.obj (printf)
d:/clion_stm32/gcc_arm_none_eabi/gcc-arm-none-eabi-10.3-2021.10/bin/../lib/gcc/arm-none-eabi/10.3.1/../../../../arm-none-eabi/lib/thumb/v7-m/nofp\libg.a(lib_a-signal.o)
                              d:/clion_stm32/gcc_arm_none_eabi/gcc-arm-none-eabi-10.3-2021.10/bin/../lib/gcc/arm-none-eabi/10.3.1/../../../../arm-none-eabi/lib/thumb/v7-m/nofp\libg.a(lib_a-abort.o) (raise)
[...]
Memory Configuration

Name             Origin             Length             Attributes
RAM              0x20000000         0x00005000         xrw
FLASH            0x08000000         0x00010000         xr
*default*        0x00000000         0xffffffff

Linker script and memory map

LOAD d:/clion_stm32/gcc_arm_none_eabi/gcc-arm-none-eabi-10.3-2021.10/bin/../lib/gcc/arm-none-eabi/10.3.1/thumb/v7-m/nofp/crti.o
LOAD d:/clion_stm32/gcc_arm_none_eabi/gcc-arm-none-eabi-10.3-2021.10/bin/../lib/gcc/arm-none-eabi/10.3.1/thumb/v7-m/nofp/crtbegin.o
LOAD d:/clion_stm32/gcc_arm_none_eabi/gcc-arm-none-eabi-10.3-2021.10/bin/../lib/gcc/arm-none-eabi/10.3.1/../../../../arm-none-eabi/lib/thumb/v7-m/nofp/crt0.o
LOAD CMakeFiles/angle.elf.dir/Core/Own/IT.cpp.obj
LOAD CMakeFiles/angle.elf.dir/Core/Own/main.cpp.obj
LOAD CMakeFiles/angle.elf.dir/Core/Own/motor.cpp.obj
LOAD CMakeFiles/angle.elf.dir/Core/Own/pid.cpp.obj
LOAD CMakeFiles/angle.elf.dir/Core/Own/uart.c.obj
LOAD CMakeFiles/angle.elf.dir/Core/Src/dma.c.obj
LOAD CMakeFiles/angle.elf.dir/Core/Src/gpio.c.obj
LOAD CMakeFiles/angle.elf.dir/Core/Src/stm32f1xx_hal_msp.c.obj
LOAD CMakeFiles/angle.elf.dir/Core/Src/stm32f1xx_it.c.obj
LOAD CMakeFiles/angle.elf.dir/Core/Src/syscalls.c.obj
LOAD CMakeFiles/angle.elf.dir/Core/Src/sysmem.c.obj
LOAD CMakeFiles/angle.elf.dir/Core/Src/system_stm32f1xx.c.obj
LOAD CMakeFiles/angle.elf.dir/Core/Src/tim.c.obj
LOAD CMakeFiles/angle.elf.dir/Core/Src/usart.c.obj
LOAD CMakeFiles/angle.elf.dir/Core/Startup/startup_stm32f103c8tx.s.obj
LOAD CMakeFiles/angle.elf.dir/Drivers/STM32F1xx_HAL_Driver/Src/stm32f1xx_hal.c.obj
LOAD CMakeFiles/angle.elf.dir/Drivers/STM32F1xx_HAL_Driver/Src/stm32f1xx_hal_cortex.c.obj
LOAD CMakeFiles/angle.elf.dir/Drivers/STM32F1xx_HAL_Driver/Src/stm32f1xx_hal_dma.c.obj
LOAD CMakeFiles/angle.elf.dir/Drivers/STM32F1xx_HAL_Driver/Src/stm32f1xx_hal_exti.c.obj
LOAD CMakeFiles/angle.elf.dir/Drivers/STM32F1xx_HAL_Driver/Src/stm32f1xx_hal_flash.c.obj
LOAD CMakeFiles/angle.elf.dir/Drivers/STM32F1xx_HAL_Driver/Src/stm32f1xx_hal_flash_ex.c.obj
LOAD CMakeFiles/angle.elf.dir/Drivers/STM32F1xx_HAL_Driver/Src/stm32f1xx_hal_gpio.c.obj
LOAD CMakeFiles/angle.elf.dir/Drivers/STM32F1xx_HAL_Driver/Src/stm32f1xx_hal_gpio_ex.c.obj
LOAD CMakeFiles/angle.elf.dir/Drivers/STM32F1xx_HAL_Driver/Src/stm32f1xx_hal_pwr.c.obj
LOAD CMakeFiles/angle.elf.dir/Drivers/STM32F1xx_HAL_Driver/Src/stm32f1xx_hal_rcc.c.obj
LOAD CMakeFiles/angle.elf.dir/Drivers/STM32F1xx_HAL_Driver/Src/stm32f1xx_hal_rcc_ex.c.obj
LOAD CMakeFiles/angle.elf.dir/Drivers/STM32F1xx_HAL_Driver/Src/stm32f1xx_hal_tim.c.obj
LOAD CMakeFiles/angle.elf.dir/Drivers/STM32F1xx_HAL_Driver/Src/stm32f1xx_hal_tim_ex.c.obj
LOAD CMakeFiles/angle.elf.dir/Drivers/STM32F1xx_HAL_Driver/Src/stm32f1xx_hal_uart.c.obj
LOAD d:/clion_stm32/gcc_arm_none_eabi/gcc-arm-none-eabi-10.3-2021.10/bin/../lib/gcc/arm-none-eabi/10.3.1/../../../../arm-none-eabi/lib/thumb/v7-m/nofp\libstdc++.a
LOAD d:/clion_stm32/gcc_arm_none_eabi/gcc-arm-none-eabi-10.3-2021.10/bin/../lib/gcc/arm-none-eabi/10.3.1/../../../../arm-none-eabi/lib/thumb/v7-m/nofp\libm.a
START GROUP
LOAD d:/clion_stm32/gcc_arm_none_eabi/gcc-arm-none-eabi-10.3-2021.10/bin/../lib/gcc/arm-none-eabi/10.3.1/thumb/v7-m/nofp\libgcc.a
LOAD d:/clion_stm32/gcc_arm_none_eabi/gcc-arm-none-eabi-10.3-2021.10/bin/../lib/gcc/arm-none-eabi/10.3.1/../../../../arm-none-eabi/lib/thumb/v7-m/nofp\libg.a
LOAD d:/clion_stm32/gcc_arm_none_eabi/gcc-arm-none-eabi-10.3-2021.10/bin/../lib/gcc/arm-none-eabi/10.3.1/../../../../arm-none-eabi/lib/thumb/v7-m/nofp\libc.a
END GROUP
LOAD d:/clion_stm32/gcc_arm_none_eabi/gcc-arm-none-eabi-10.3-2021.10/bin/../lib/gcc/arm-none-eabi/10.3.1/thumb/v7-m/nofp/crtend.o
LOAD d:/clion_stm32/gcc_arm_none_eabi/gcc-arm-none-eabi-10.3-2021.10/bin/../lib/gcc/arm-none-eabi/10.3.1/thumb/v7-m/nofp/crtn.o
                0x20005000                _estack = (ORIGIN (RAM) + LENGTH (RAM))
                0x00000200                _Min_Heap_Size = 0x200
                0x00000400                _Min_Stack_Size = 0x400

.isr_vector     0x08000000      0x10c
                0x08000000                . = ALIGN (0x4)
 *(.isr_vector)
 .isr_vector    0x08000000      0x10c CMakeFiles/angle.elf.dir/Core/Startup/startup_stm32f103c8tx.s.obj
                0x08000000                g_pfnVectors
                0x0800010c                . = ALIGN (0x4)

.text           0x08000110     0xcc90
                0x08000110                . = ALIGN (0x4)
 *(.text)
 .text          0x08000110       0x40 d:/clion_stm32/gcc_arm_none_eabi/gcc-arm-none-eabi-10.3-2021.10/bin/../lib/gcc/arm-none-eabi/10.3.1/thumb/v7-m/nofp/crtbegin.o
 .text          0x08000150      0x168 d:/clion_stm32/gcc_arm_none_eabi/gcc-arm-none-eabi-10.3-2021.10/bin/../lib/gcc/arm-none-eabi/10.3.1/thumb/v7-m/nofp\libgcc.a(_arm_mulsf3.o)
                0x08000150                __aeabi_fmul
                0x08000150                __mulsf3
 .text          0x080002b8      0x21c d:/clion_stm32/gcc_arm_none_eabi/gcc-arm-none-eabi-10.3-2021.10/bin/../lib/gcc/arm-none-eabi/10.3.1/thumb/v7-m/nofp\libgcc.a(_arm_addsubsf3.o)
                0x080002b8                __aeabi_frsub
                0x080002c0                __subsf3
                0x080002c0                __aeabi_fsub
                0x080002c4                __aeabi_fadd
                0x080002c4                __addsf3
                0x08000424                __aeabi_ui2f
                0x08000424                __floatunsisf
                0x0800042c                __aeabi_i2f
                0x0800042c                __floatsisf
                0x08000448                __aeabi_ul2f
                0x08000448                __floatundisf
                0x08000458                __aeabi_l2f
                0x08000458                __floatdisf
 .text          0x080004d4       0xec d:/clion_stm32/gcc_arm_none_eabi/gcc-arm-none-eabi-10.3-2021.10/bin/../lib/gcc/arm-none-eabi/10.3.1/thumb/v7-m/nofp\libgcc.a(_arm_cmpsf2.o)
                0x080004d4                __gesf2
                0x080004d4                __gtsf2
                0x080004dc                __lesf2
                0x080004dc                __ltsf2
                0x080004e4                __nesf2
                0x080004e4                __eqsf2
                0x080004e4                __cmpsf2
                0x08000544                __aeabi_cfrcmple
                0x0800054c                __aeabi_cfcmpeq
                0x0800054c                __aeabi_cfcmple
                0x0800055c                __aeabi_fcmpeq
                0x08000570                __aeabi_fcmplt
                0x08000584                __aeabi_fcmple
                0x08000598                __aeabi_fcmpge
                0x080005ac                __aeabi_fcmpgt
 .text          0x080005c0       0x4c d:/clion_stm32/gcc_arm_none_eabi/gcc-arm-none-eabi-10.3-2021.10/bin/../lib/gcc/arm-none-eabi/10.3.1/thumb/v7-m/nofp\libgcc.a(_arm_fixsfsi.o)
                0x080005c0                __aeabi_f2iz
                0x080005c0                __fixsfsi
 .text          0x0800060c      0x9e4 d:/clion_stm32/gcc_arm_none_eabi/gcc-arm-none-eabi-10.3-2021.10/bin/../lib/gcc/arm-none-eabi/10.3.1/thumb/v7-m/nofp\libgcc.a(unwind-arm.o)
                0x080008cc                _Unwind_GetCFA
                0x080008d0                __gnu_Unwind_RaiseException
                0x08000938                __gnu_Unwind_ForcedUnwind
                0x0800094c                __gnu_Unwind_Resume
                0x08000990                __gnu_Unwind_Resume_or_Rethrow
                0x080009a4                _Unwind_Complete
                0x080009a8                _Unwind_DeleteException
                0x080009b4                _Unwind_VRS_Get
                0x08000a00                _Unwind_VRS_Set
                0x08000a48                __gnu_Unwind_Backtrace
                0x08000d70                __aeabi_unwind_cpp_pr0
                0x08000d74                __aeabi_unwind_cpp_pr1
                0x08000d78                __aeabi_unwind_cpp_pr2
                0x08000d7c                _Unwind_VRS_Pop
 .text          0x08000ff0      0x1ac d:/clion_stm32/gcc_arm_none_eabi/gcc-arm-none-eabi-10.3-2021.10/bin/../lib/gcc/arm-none-eabi/10.3.1/thumb/v7-m/nofp\libgcc.a(libunwind.o)
                0x08000ff0                __restore_core_regs
                0x08000ff0                restore_core_regs
                0x08001008                __gnu_Unwind_Restore_VFP
                0x08001010                __gnu_Unwind_Save_VFP
                0x08001018                __gnu_Unwind_Restore_VFP_D
                0x08001020                __gnu_Unwind_Save_VFP_D
                0x08001028                __gnu_Unwind_Restore_VFP_D_16_to_31
                0x08001030                __gnu_Unwind_Save_VFP_D_16_to_31
                0x08001038                __gnu_Unwind_Restore_WMMXD
                0x0800107c                __gnu_Unwind_Save_WMMXD
                0x080010c0                __gnu_Unwind_Restore_WMMXC
                0x080010d4                __gnu_Unwind_Save_WMMXC
                0x080010e8                ___Unwind_RaiseException
                0x080010e8                _Unwind_RaiseException
                0x0800110c                _Unwind_Resume
                0x0800110c                ___Unwind_Resume
                0x08001130                _Unwind_Resume_or_Rethrow
                0x08001130                ___Unwind_Resume_or_Rethrow
                0x08001154                _Unwind_ForcedUnwind
                0x08001154                ___Unwind_ForcedUnwind
                0x08001178                ___Unwind_Backtrace
                0x08001178                _Unwind_Backtrace
 .text          0x0800119c      0x38c d:/clion_stm32/gcc_arm_none_eabi/gcc-arm-none-eabi-10.3-2021.10/bin/../lib/gcc/arm-none-eabi/10.3.1/thumb/v7-m/nofp\libgcc.a(pr-support.o)
                0x080011f4                __gnu_unwind_execute
                0x080014d8                __gnu_unwind_frame
                0x08001508                _Unwind_GetRegionStart
                0x08001514                _Unwind_GetLanguageSpecificData
 .text          0x08001528       0xec d:/clion_stm32/gcc_arm_none_eabi/gcc-arm-none-eabi-10.3-2021.10/bin/../lib/gcc/arm-none-eabi/10.3.1/../../../../arm-none-eabi/lib/thumb/v7-m/nofp\libg.a(lib_a-memcpy.o)
                0x08001528                memcpy
 .text          0x08001614      0x378 d:/clion_stm32/gcc_arm_none_eabi/gcc-arm-none-eabi-10.3-2021.10/bin/../lib/gcc/arm-none-eabi/10.3.1/thumb/v7-m/nofp\libgcc.a(_arm_addsubdf3.o)
                0x08001614                __aeabi_drsub
                0x0800161c                __aeabi_dsub
                0x0800161c                __subdf3
                0x08001620                __aeabi_dadd
                0x08001620                __adddf3
                0x08001898                __floatunsidf
                0x08001898                __aeabi_ui2d
                0x080018b8                __floatsidf
                0x080018b8                __aeabi_i2d
                0x080018dc                __aeabi_f2d
                0x080018dc                __extendsfdf2
                0x08001920                __floatundidf
                0x08001920                __aeabi_ul2d
                0x08001930                __floatdidf
                0x08001930                __aeabi_l2d
 .text          0x0800198c      0x424 d:/clion_stm32/gcc_arm_none_eabi/gcc-arm-none-eabi-10.3-2021.10/bin/../lib/gcc/arm-none-eabi/10.3.1/thumb/v7-m/nofp\libgcc.a(_arm_muldivdf3.o)
                0x0800198c                __aeabi_dmul
                0x0800198c                __muldf3
                0x08001be0                __divdf3
                0x08001be0                __aeabi_ddiv
 .text          0x08001db0      0x110 d:/clion_stm32/gcc_arm_none_eabi/gcc-arm-none-eabi-10.3-2021.10/bin/../lib/gcc/arm-none-eabi/10.3.1/thumb/v7-m/nofp\libgcc.a(_arm_cmpdf2.o)
                0x08001db0                __gtdf2
                0x08001db0                __gedf2
                0x08001db8                __ltdf2
                0x08001db8                __ledf2
                0x08001dc0                __nedf2
                0x08001dc0                __eqdf2
                0x08001dc0                __cmpdf2
                0x08001e3c                __aeabi_cdrcmple
                0x08001e4c                __aeabi_cdcmpeq
                0x08001e4c                __aeabi_cdcmple
                0x08001e5c                __aeabi_dcmpeq
                0x08001e70                __aeabi_dcmplt
                0x08001e84                __aeabi_dcmple
                0x08001e98                __aeabi_dcmpge
                0x08001eac                __aeabi_dcmpgt
 .text          0x08001ec0       0x2c d:/clion_stm32/gcc_arm_none_eabi/gcc-arm-none-eabi-10.3-2021.10/bin/../lib/gcc/arm-none-eabi/10.3.1/thumb/v7-m/nofp\libgcc.a(_arm_unorddf2.o)
                0x08001ec0                __unorddf2
                0x08001ec0                __aeabi_dcmpun
 .text          0x08001eec       0x50 d:/clion_stm32/gcc_arm_none_eabi/gcc-arm-none-eabi-10.3-2021.10/bin/../lib/gcc/arm-none-eabi/10.3.1/thumb/v7-m/nofp\libgcc.a(_arm_fixdfsi.o)
                0x08001eec                __aeabi_d2iz
                0x08001eec                __fixdfsi
 .text          0x08001f3c       0x30 d:/clion_stm32/gcc_arm_none_eabi/gcc-arm-none-eabi-10.3-2021.10/bin/../lib/gcc/arm-none-eabi/10.3.1/thumb/v7-m/nofp\libgcc.a(_aeabi_uldivmod.o)
                0x08001f3c                __aeabi_uldivmod
 .text          0x08001f6c      0x2d4 d:/clion_stm32/gcc_arm_none_eabi/gcc-arm-none-eabi-10.3-2021.10/bin/../lib/gcc/arm-none-eabi/10.3.1/thumb/v7-m/nofp\libgcc.a(_udivmoddi4.o)
                0x08001f6c                __udivmoddi4
 .text          0x08002240        0x4 d:/clion_stm32/gcc_arm_none_eabi/gcc-arm-none-eabi-10.3-2021.10/bin/../lib/gcc/arm-none-eabi/10.3.1/thumb/v7-m/nofp\libgcc.a(_dvmd_tls.o)
                0x08002240                __aeabi_idiv0
                0x08002240                __aeabi_ldiv0
 *(.text*)
 .text._Z4testv
                0x08002244      0x14c CMakeFiles/angle.elf.dir/Core/Own/IT.cpp.obj
                0x08002244                test()
 .text._Z5myabsf
                0x08002390       0x16 CMakeFiles/angle.elf.dir/Core/Own/IT.cpp.obj
                0x08002390                myabs(float)
 *fill*         0x080023a6        0x2 
 .text.HAL_UARTEx_RxEventCallback
                0x080023a8       0x98 CMakeFiles/angle.elf.dir/Core/Own/IT.cpp.obj
                0x080023a8                HAL_UARTEx_RxEventCallback
 .text.HAL_TIM_PeriodElapsedCallback
                0x08002440      0x13c CMakeFiles/angle.elf.dir/Core/Own/IT.cpp.obj
                0x08002440                HAL_TIM_PeriodElapsedCallback
 .text._write   0x0800257c       0x18 CMakeFiles/angle.elf.dir/Core/Own/main.cpp.obj
                0x0800257c                _write
 .text.Error_Handler
                0x08002594        0x4 CMakeFiles/angle.elf.dir/Core/Own/main.cpp.obj
                0x08002594                Error_Handler
 .text._Z18SystemClock_Configv
                0x08002598       0x64 CMakeFiles/angle.elf.dir/Core/Own/main.cpp.obj
                0x08002598                SystemClock_Config()
 .text.main     0x080025fc       0xdc CMakeFiles/angle.elf.dir/Core/Own/main.cpp.obj
                0x080025fc                main
 .text._Z41__static_initialization_and_destruction_0ii
                0x080026d8       0x3c CMakeFiles/angle.elf.dir/Core/Own/motor.cpp.obj
 .text._ZN5motor9front_runEv
                0x08002714       0x1a CMakeFiles/angle.elf.dir/Core/Own/motor.cpp.obj
                0x08002714                motor::front_run()
 .text._ZN5motor8back_runEv
                0x0800272e       0x1a CMakeFiles/angle.elf.dir/Core/Own/motor.cpp.obj
                0x0800272e                motor::back_run()
 .text._ZN5motor6SetPwmEi
                0x08002748       0x94 CMakeFiles/angle.elf.dir/Core/Own/motor.cpp.obj
                0x08002748                motor::SetPwm(int)
 .text._ZN5motor6GetPosEv
                0x080027dc       0x22 CMakeFiles/angle.elf.dir/Core/Own/motor.cpp.obj
                0x080027dc                motor::GetPos()
 .text._ZN5motor5clearEv
                0x080027fe       0x12 CMakeFiles/angle.elf.dir/Core/Own/motor.cpp.obj
                0x080027fe                motor::clear()
 .text._GLOBAL__sub_I__ZN5motor9front_runEv
                0x08002810        0xe CMakeFiles/angle.elf.dir/Core/Own/motor.cpp.obj
 *fill*         0x0800281e        0x2 
 .text._Z41__static_initialization_and_destruction_0ii
                0x08002820       0x38 CMakeFiles/angle.elf.dir/Core/Own/pid.cpp.obj
 .text._Z5limitfRff
                0x08002858       0x28 CMakeFiles/angle.elf.dir/Core/Own/pid.cpp.obj
                0x08002858                limit(float, float&, float)
 .text._ZN3pid5clearEv
                0x08002880        0xe CMakeFiles/angle.elf.dir/Core/Own/pid.cpp.obj
                0x08002880                pid::clear()
 .text._ZN3pid6PosPidE5motorf
                0x0800288e       0x6c CMakeFiles/angle.elf.dir/Core/Own/pid.cpp.obj
                0x0800288e                pid::PosPid(motor, float)
 *fill*         0x080028fa        0x2 
 .text._ZN3pid6AddPidE5motorf
                0x080028fc       0xdc CMakeFiles/angle.elf.dir/Core/Own/pid.cpp.obj
                0x080028fc                pid::AddPid(motor, float)
 .text._ZN3pid8SpeedPidE5motorf
                0x080029d8       0x6e CMakeFiles/angle.elf.dir/Core/Own/pid.cpp.obj
                0x080029d8                pid::SpeedPid(motor, float)
 .text._GLOBAL__sub_I__Z5limitfRff
                0x08002a46        0xe CMakeFiles/angle.elf.dir/Core/Own/pid.cpp.obj
 .text.number   0x08002a54       0x4c CMakeFiles/angle.elf.dir/Core/Own/uart.c.obj
                0x08002a54                number
 .text.print    0x08002aa0       0x42 CMakeFiles/angle.elf.dir/Core/Own/uart.c.obj
                0x08002aa0                print
 *fill*         0x08002ae2        0x2 
 .text.MX_DMA_Init
                0x08002ae4       0x44 CMakeFiles/angle.elf.dir/Core/Src/dma.c.obj
                0x08002ae4                MX_DMA_Init
 .text.MX_GPIO_Init
                0x08002b28       0x74 CMakeFiles/angle.elf.dir/Core/Src/gpio.c.obj
                0x08002b28                MX_GPIO_Init
 .text.HAL_MspInit
                0x08002b9c       0x44 CMakeFiles/angle.elf.dir/Core/Src/stm32f1xx_hal_msp.c.obj
                0x08002b9c                HAL_MspInit
 .text.NMI_Handler
                0x08002be0        0x2 CMakeFiles/angle.elf.dir/Core/Src/stm32f1xx_it.c.obj
                0x08002be0                NMI_Handler
 .text.HardFault_Handler
                0x08002be2        0x2 CMakeFiles/angle.elf.dir/Core/Src/stm32f1xx_it.c.obj
                0x08002be2                HardFault_Handler
 .text.MemManage_Handler
                0x08002be4        0x2 CMakeFiles/angle.elf.dir/Core/Src/stm32f1xx_it.c.obj
                0x08002be4                MemManage_Handler
 .text.BusFault_Handler
                0x08002be6        0x2 CMakeFiles/angle.elf.dir/Core/Src/stm32f1xx_it.c.obj
                0x08002be6                BusFault_Handler
 .text.UsageFault_Handler
                0x08002be8        0x2 CMakeFiles/angle.elf.dir/Core/Src/stm32f1xx_it.c.obj
                0x08002be8                UsageFault_Handler
 .text.SVC_Handler
                0x08002bea        0x2 CMakeFiles/angle.elf.dir/Core/Src/stm32f1xx_it.c.obj
                0x08002bea                SVC_Handler
 .text.DebugMon_Handler
                0x08002bec        0x2 CMakeFiles/angle.elf.dir/Core/Src/stm32f1xx_it.c.obj
                0x08002bec                DebugMon_Handler
 .text.PendSV_Handler
                0x08002bee        0x2 CMakeFiles/angle.elf.dir/Core/Src/stm32f1xx_it.c.obj
                0x08002bee                PendSV_Handler
 .text.SysTick_Handler
                0x08002bf0        0x8 CMakeFiles/angle.elf.dir/Core/Src/stm32f1xx_it.c.obj
                0x08002bf0                SysTick_Handler
 .text.DMA1_Channel6_IRQHandler
                0x08002bf8       0x10 CMakeFiles/angle.elf.dir/Core/Src/stm32f1xx_it.c.obj
                0x08002bf8                DMA1_Channel6_IRQHandler
 .text.DMA1_Channel7_IRQHandler
                0x08002c08       0x10 CMakeFiles/angle.elf.dir/Core/Src/stm32f1xx_it.c.obj
                0x08002c08                DMA1_Channel7_IRQHandler
 .text.TIM2_IRQHandler
                0x08002c18       0x10 CMakeFiles/angle.elf.dir/Core/Src/stm32f1xx_it.c.obj
                0x08002c18                TIM2_IRQHandler
 .text.USART2_IRQHandler
                0x08002c28       0x10 CMakeFiles/angle.elf.dir/Core/Src/stm32f1xx_it.c.obj
                0x08002c28                USART2_IRQHandler
 .text._getpid  0x08002c38        0x4 CMakeFiles/angle.elf.dir/Core/Src/syscalls.c.obj
                0x08002c38                _getpid
 .text._kill    0x08002c3c       0x10 CMakeFiles/angle.elf.dir/Core/Src/syscalls.c.obj
                0x08002c3c                _kill
 .text._exit    0x08002c4c        0xc CMakeFiles/angle.elf.dir/Core/Src/syscalls.c.obj
                0x08002c4c                _exit
 .text._read    0x08002c58       0x20 CMakeFiles/angle.elf.dir/Core/Src/syscalls.c.obj
                0x08002c58                _read
 .text._close   0x08002c78        0x6 CMakeFiles/angle.elf.dir/Core/Src/syscalls.c.obj
                0x08002c78                _close
 .text._fstat   0x08002c7e        0xa CMakeFiles/angle.elf.dir/Core/Src/syscalls.c.obj
                0x08002c7e                _fstat
 .text._isatty  0x08002c88        0x4 CMakeFiles/angle.elf.dir/Core/Src/syscalls.c.obj
                0x08002c88                _isatty
 .text._lseek   0x08002c8c        0x4 CMakeFiles/angle.elf.dir/Core/Src/syscalls.c.obj
                0x08002c8c                _lseek
 .text._sbrk    0x08002c90       0x48 CMakeFiles/angle.elf.dir/Core/Src/sysmem.c.obj
                0x08002c90                _sbrk
 .text.SystemInit
                0x08002cd8        0x2 CMakeFiles/angle.elf.dir/Core/Src/system_stm32f1xx.c.obj
                0x08002cd8                SystemInit
 *fill*         0x08002cda        0x2 
 .text.MX_TIM2_Init
                0x08002cdc       0x70 CMakeFiles/angle.elf.dir/Core/Src/tim.c.obj
                0x08002cdc                MX_TIM2_Init
 .text.MX_TIM3_Init
                0x08002d4c       0x64 CMakeFiles/angle.elf.dir/Core/Src/tim.c.obj
                0x08002d4c                MX_TIM3_Init
 .text.HAL_TIM_Base_MspInit
                0x08002db0       0x60 CMakeFiles/angle.elf.dir/Core/Src/tim.c.obj
                0x08002db0                HAL_TIM_Base_MspInit
 .text.HAL_TIM_Encoder_MspInit
                0x08002e10       0x5c CMakeFiles/angle.elf.dir/Core/Src/tim.c.obj
                0x08002e10                HAL_TIM_Encoder_MspInit
 .text.HAL_TIM_MspPostInit
                0x08002e6c       0x50 CMakeFiles/angle.elf.dir/Core/Src/tim.c.obj
                0x08002e6c                HAL_TIM_MspPostInit
 .text.MX_TIM1_Init
                0x08002ebc       0xe8 CMakeFiles/angle.elf.dir/Core/Src/tim.c.obj
                0x08002ebc                MX_TIM1_Init
 .text.MX_USART2_UART_Init
                0x08002fa4       0x34 CMakeFiles/angle.elf.dir/Core/Src/usart.c.obj
                0x08002fa4                MX_USART2_UART_Init
 .text.HAL_UART_MspInit
                0x08002fd8       0xf4 CMakeFiles/angle.elf.dir/Core/Src/usart.c.obj
                0x08002fd8                HAL_UART_MspInit
 .text.Reset_Handler
                0x080030cc       0x48 CMakeFiles/angle.elf.dir/Core/Startup/startup_stm32f103c8tx.s.obj
                0x080030cc                Reset_Handler
 .text.Default_Handler
                0x08003114        0x2 CMakeFiles/angle.elf.dir/Core/Startup/startup_stm32f103c8tx.s.obj
                0x08003114                RTC_Alarm_IRQHandler
                0x08003114                EXTI2_IRQHandler
                0x08003114                TIM1_CC_IRQHandler
                0x08003114                PVD_IRQHandler
                0x08003114                EXTI3_IRQHandler
                0x08003114                EXTI0_IRQHandler
                0x08003114                I2C2_EV_IRQHandler
                0x08003114                ADC1_2_IRQHandler
                0x08003114                SPI1_IRQHandler
                0x08003114                TAMPER_IRQHandler
                0x08003114                DMA1_Channel4_IRQHandler
                0x08003114                USART3_IRQHandler
                0x08003114                RTC_IRQHandler
                0x08003114                CAN1_RX1_IRQHandler
                0x08003114                TIM4_IRQHandler
                0x08003114                I2C1_EV_IRQHandler
                0x08003114                TIM3_IRQHandler
                0x08003114                RCC_IRQHandler
                0x08003114                TIM1_TRG_COM_IRQHandler
                0x08003114                DMA1_Channel1_IRQHandler
                0x08003114                Default_Handler
                0x08003114                EXTI15_10_IRQHandler
                0x08003114                EXTI9_5_IRQHandler
                0x08003114                SPI2_IRQHandler
                0x08003114                DMA1_Channel5_IRQHandler
                0x08003114                EXTI4_IRQHandler
                0x08003114                USB_LP_CAN1_RX0_IRQHandler
                0x08003114                USB_HP_CAN1_TX_IRQHandler
                0x08003114                DMA1_Channel3_IRQHandler
                0x08003114                TIM1_UP_IRQHandler
                0x08003114                WWDG_IRQHandler
                0x08003114                TIM1_BRK_IRQHandler
                0x08003114                EXTI1_IRQHandler
                0x08003114                I2C2_ER_IRQHandler
                0x08003114                DMA1_Channel2_IRQHandler
                0x08003114                CAN1_SCE_IRQHandler
                0x08003114                FLASH_IRQHandler
                0x08003114                USART1_IRQHandler
                0x08003114                I2C1_ER_IRQHandler
                0x08003114                USBWakeUp_IRQHandler
 *fill*         0x08003116        0x2 
 .text.HAL_InitTick
                0x08003118       0x4c CMakeFiles/angle.elf.dir/Drivers/STM32F1xx_HAL_Driver/Src/stm32f1xx_hal.c.obj
                0x08003118                HAL_InitTick
 .text.HAL_Init
                0x08003164       0x24 CMakeFiles/angle.elf.dir/Drivers/STM32F1xx_HAL_Driver/Src/stm32f1xx_hal.c.obj
                0x08003164                HAL_Init
 .text.HAL_IncTick
                0x08003188       0x18 CMakeFiles/angle.elf.dir/Drivers/STM32F1xx_HAL_Driver/Src/stm32f1xx_hal.c.obj
                0x08003188                HAL_IncTick
 .text.HAL_GetTick
                0x080031a0        0xc CMakeFiles/angle.elf.dir/Drivers/STM32F1xx_HAL_Driver/Src/stm32f1xx_hal.c.obj
                0x080031a0                HAL_GetTick
 .text.HAL_NVIC_SetPriorityGrouping
                0x080031ac       0x24 CMakeFiles/angle.elf.dir/Drivers/STM32F1xx_HAL_Driver/Src/stm32f1xx_hal_cortex.c.obj
                0x080031ac                HAL_NVIC_SetPriorityGrouping
 .text.HAL_NVIC_SetPriority
                0x080031d0       0x70 CMakeFiles/angle.elf.dir/Drivers/STM32F1xx_HAL_Driver/Src/stm32f1xx_hal_cortex.c.obj
                0x080031d0                HAL_NVIC_SetPriority
 .text.HAL_NVIC_EnableIRQ
                0x08003240       0x1c CMakeFiles/angle.elf.dir/Drivers/STM32F1xx_HAL_Driver/Src/stm32f1xx_hal_cortex.c.obj
                0x08003240                HAL_NVIC_EnableIRQ
 .text.HAL_SYSTICK_Config
                0x0800325c       0x28 CMakeFiles/angle.elf.dir/Drivers/STM32F1xx_HAL_Driver/Src/stm32f1xx_hal_cortex.c.obj
                0x0800325c                HAL_SYSTICK_Config
 .text.DMA_SetConfig
                0x08003284       0x2c CMakeFiles/angle.elf.dir/Drivers/STM32F1xx_HAL_Driver/Src/stm32f1xx_hal_dma.c.obj
 .text.HAL_DMA_Init
                0x080032b0       0x6c CMakeFiles/angle.elf.dir/Drivers/STM32F1xx_HAL_Driver/Src/stm32f1xx_hal_dma.c.obj
                0x080032b0                HAL_DMA_Init
 .text.HAL_DMA_Start_IT
                0x0800331c       0x76 CMakeFiles/angle.elf.dir/Drivers/STM32F1xx_HAL_Driver/Src/stm32f1xx_hal_dma.c.obj
                0x0800331c                HAL_DMA_Start_IT
 .text.HAL_DMA_Abort
                0x08003392       0x46 CMakeFiles/angle.elf.dir/Drivers/STM32F1xx_HAL_Driver/Src/stm32f1xx_hal_dma.c.obj
                0x08003392                HAL_DMA_Abort
 .text.HAL_DMA_Abort_IT
                0x080033d8       0x98 CMakeFiles/angle.elf.dir/Drivers/STM32F1xx_HAL_Driver/Src/stm32f1xx_hal_dma.c.obj
                0x080033d8                HAL_DMA_Abort_IT
 .text.HAL_DMA_IRQHandler
                0x08003470      0x144 CMakeFiles/angle.elf.dir/Drivers/STM32F1xx_HAL_Driver/Src/stm32f1xx_hal_dma.c.obj
                0x08003470                HAL_DMA_IRQHandler
 .text.HAL_GPIO_Init
                0x080035b4      0x224 CMakeFiles/angle.elf.dir/Drivers/STM32F1xx_HAL_Driver/Src/stm32f1xx_hal_gpio.c.obj
                0x080035b4                HAL_GPIO_Init
 .text.HAL_GPIO_WritePin
                0x080037d8        0xc CMakeFiles/angle.elf.dir/Drivers/STM32F1xx_HAL_Driver/Src/stm32f1xx_hal_gpio.c.obj
                0x080037d8                HAL_GPIO_WritePin
 .text.RCC_Delay
                0x080037e4       0x2c CMakeFiles/angle.elf.dir/Drivers/STM32F1xx_HAL_Driver/Src/stm32f1xx_hal_rcc.c.obj
 .text.HAL_RCC_OscConfig
                0x08003810      0x410 CMakeFiles/angle.elf.dir/Drivers/STM32F1xx_HAL_Driver/Src/stm32f1xx_hal_rcc.c.obj
                0x08003810                HAL_RCC_OscConfig
 .text.HAL_RCC_GetSysClockFreq
                0x08003c20       0x54 CMakeFiles/angle.elf.dir/Drivers/STM32F1xx_HAL_Driver/Src/stm32f1xx_hal_rcc.c.obj
                0x08003c20                HAL_RCC_GetSysClockFreq
 .text.HAL_RCC_ClockConfig
                0x08003c74      0x16c CMakeFiles/angle.elf.dir/Drivers/STM32F1xx_HAL_Driver/Src/stm32f1xx_hal_rcc.c.obj
                0x08003c74                HAL_RCC_ClockConfig
 .text.HAL_RCC_GetHCLKFreq
                0x08003de0        0xc CMakeFiles/angle.elf.dir/Drivers/STM32F1xx_HAL_Driver/Src/stm32f1xx_hal_rcc.c.obj
                0x08003de0                HAL_RCC_GetHCLKFreq
 .text.HAL_RCC_GetPCLK1Freq
                0x08003dec       0x20 CMakeFiles/angle.elf.dir/Drivers/STM32F1xx_HAL_Driver/Src/stm32f1xx_hal_rcc.c.obj
                0x08003dec                HAL_RCC_GetPCLK1Freq
 .text.HAL_RCC_GetPCLK2Freq
                0x08003e0c       0x20 CMakeFiles/angle.elf.dir/Drivers/STM32F1xx_HAL_Driver/Src/stm32f1xx_hal_rcc.c.obj
                0x08003e0c                HAL_RCC_GetPCLK2Freq
 .text.TIM_OC1_SetConfig
                0x08003e2c       0x5c CMakeFiles/angle.elf.dir/Drivers/STM32F1xx_HAL_Driver/Src/stm32f1xx_hal_tim.c.obj
 .text.TIM_OC3_SetConfig
                0x08003e88       0x64 CMakeFiles/angle.elf.dir/Drivers/STM32F1xx_HAL_Driver/Src/stm32f1xx_hal_tim.c.obj
 .text.TIM_OC4_SetConfig
                0x08003eec       0x48 CMakeFiles/angle.elf.dir/Drivers/STM32F1xx_HAL_Driver/Src/stm32f1xx_hal_tim.c.obj
 .text.TIM_TI1_ConfigInputStage
                0x08003f34       0x24 CMakeFiles/angle.elf.dir/Drivers/STM32F1xx_HAL_Driver/Src/stm32f1xx_hal_tim.c.obj
 .text.TIM_TI2_ConfigInputStage
                0x08003f58       0x26 CMakeFiles/angle.elf.dir/Drivers/STM32F1xx_HAL_Driver/Src/stm32f1xx_hal_tim.c.obj
 .text.TIM_ITRx_SetConfig
                0x08003f7e       0x10 CMakeFiles/angle.elf.dir/Drivers/STM32F1xx_HAL_Driver/Src/stm32f1xx_hal_tim.c.obj
 *fill*         0x08003f8e        0x2 
 .text.HAL_TIM_Base_Start
                0x08003f90       0x5c CMakeFiles/angle.elf.dir/Drivers/STM32F1xx_HAL_Driver/Src/stm32f1xx_hal_tim.c.obj
                0x08003f90                HAL_TIM_Base_Start
 .text.HAL_TIM_Base_Start_IT
                0x08003fec       0x68 CMakeFiles/angle.elf.dir/Drivers/STM32F1xx_HAL_Driver/Src/stm32f1xx_hal_tim.c.obj
                0x08003fec                HAL_TIM_Base_Start_IT
 .text.HAL_TIM_PWM_MspInit
                0x08004054        0x2 CMakeFiles/angle.elf.dir/Drivers/STM32F1xx_HAL_Driver/Src/stm32f1xx_hal_tim.c.obj
                0x08004054                HAL_TIM_PWM_MspInit
 .text.HAL_TIM_OC_DelayElapsedCallback
                0x08004056        0x2 CMakeFiles/angle.elf.dir/Drivers/STM32F1xx_HAL_Driver/Src/stm32f1xx_hal_tim.c.obj
                0x08004056                HAL_TIM_OC_DelayElapsedCallback
 .text.HAL_TIM_IC_CaptureCallback
                0x08004058        0x2 CMakeFiles/angle.elf.dir/Drivers/STM32F1xx_HAL_Driver/Src/stm32f1xx_hal_tim.c.obj
                0x08004058                HAL_TIM_IC_CaptureCallback
 .text.HAL_TIM_PWM_PulseFinishedCallback
                0x0800405a        0x2 CMakeFiles/angle.elf.dir/Drivers/STM32F1xx_HAL_Driver/Src/stm32f1xx_hal_tim.c.obj
                0x0800405a                HAL_TIM_PWM_PulseFinishedCallback
 .text.HAL_TIM_TriggerCallback
                0x0800405c        0x2 CMakeFiles/angle.elf.dir/Drivers/STM32F1xx_HAL_Driver/Src/stm32f1xx_hal_tim.c.obj
                0x0800405c                HAL_TIM_TriggerCallback
 .text.HAL_TIM_IRQHandler
                0x0800405e      0x17a CMakeFiles/angle.elf.dir/Drivers/STM32F1xx_HAL_Driver/Src/stm32f1xx_hal_tim.c.obj
                0x0800405e                HAL_TIM_IRQHandler
 .text.TIM_Base_SetConfig
                0x080041d8       0x74 CMakeFiles/angle.elf.dir/Drivers/STM32F1xx_HAL_Driver/Src/stm32f1xx_hal_tim.c.obj
                0x080041d8                TIM_Base_SetConfig
 .text.HAL_TIM_Base_Init
                0x0800424c       0x58 CMakeFiles/angle.elf.dir/Drivers/STM32F1xx_HAL_Driver/Src/stm32f1xx_hal_tim.c.obj
                0x0800424c                HAL_TIM_Base_Init
 .text.HAL_TIM_PWM_Init
                0x080042a4       0x58 CMakeFiles/angle.elf.dir/Drivers/STM32F1xx_HAL_Driver/Src/stm32f1xx_hal_tim.c.obj
                0x080042a4                HAL_TIM_PWM_Init
 .text.HAL_TIM_Encoder_Init
                0x080042fc       0xb8 CMakeFiles/angle.elf.dir/Drivers/STM32F1xx_HAL_Driver/Src/stm32f1xx_hal_tim.c.obj
                0x080042fc                HAL_TIM_Encoder_Init
 .text.TIM_OC2_SetConfig
                0x080043b4       0x64 CMakeFiles/angle.elf.dir/Drivers/STM32F1xx_HAL_Driver/Src/stm32f1xx_hal_tim.c.obj
                0x080043b4                TIM_OC2_SetConfig
 .text.HAL_TIM_PWM_ConfigChannel
                0x08004418       0xdc CMakeFiles/angle.elf.dir/Drivers/STM32F1xx_HAL_Driver/Src/stm32f1xx_hal_tim.c.obj
                0x08004418                HAL_TIM_PWM_ConfigChannel
 .text.TIM_ETR_SetConfig
                0x080044f4       0x18 CMakeFiles/angle.elf.dir/Drivers/STM32F1xx_HAL_Driver/Src/stm32f1xx_hal_tim.c.obj
                0x080044f4                TIM_ETR_SetConfig
 .text.HAL_TIM_ConfigClockSource
                0x0800450c       0xfe CMakeFiles/angle.elf.dir/Drivers/STM32F1xx_HAL_Driver/Src/stm32f1xx_hal_tim.c.obj
                0x0800450c                HAL_TIM_ConfigClockSource
 .text.TIM_CCxChannelCmd
                0x0800460a       0x1e CMakeFiles/angle.elf.dir/Drivers/STM32F1xx_HAL_Driver/Src/stm32f1xx_hal_tim.c.obj
                0x0800460a                TIM_CCxChannelCmd
 .text.HAL_TIM_PWM_Start
                0x08004628       0xdc CMakeFiles/angle.elf.dir/Drivers/STM32F1xx_HAL_Driver/Src/stm32f1xx_hal_tim.c.obj
                0x08004628                HAL_TIM_PWM_Start
 .text.HAL_TIM_Encoder_Start
                0x08004704       0xcc CMakeFiles/angle.elf.dir/Drivers/STM32F1xx_HAL_Driver/Src/stm32f1xx_hal_tim.c.obj
                0x08004704                HAL_TIM_Encoder_Start
 .text.HAL_TIMEx_MasterConfigSynchronization
                0x080047d0       0x6c CMakeFiles/angle.elf.dir/Drivers/STM32F1xx_HAL_Driver/Src/stm32f1xx_hal_tim_ex.c.obj
                0x080047d0                HAL_TIMEx_MasterConfigSynchronization
 .text.HAL_TIMEx_ConfigBreakDeadTime
                0x0800483c       0x52 CMakeFiles/angle.elf.dir/Drivers/STM32F1xx_HAL_Driver/Src/stm32f1xx_hal_tim_ex.c.obj
                0x0800483c                HAL_TIMEx_ConfigBreakDeadTime
 .text.HAL_TIMEx_CommutCallback
                0x0800488e        0x2 CMakeFiles/angle.elf.dir/Drivers/STM32F1xx_HAL_Driver/Src/stm32f1xx_hal_tim_ex.c.obj
                0x0800488e                HAL_TIMEx_CommutCallback
 .text.HAL_TIMEx_BreakCallback
                0x08004890        0x2 CMakeFiles/angle.elf.dir/Drivers/STM32F1xx_HAL_Driver/Src/stm32f1xx_hal_tim_ex.c.obj
                0x08004890                HAL_TIMEx_BreakCallback
 .text.UART_EndTxTransfer
                0x08004892       0x20 CMakeFiles/angle.elf.dir/Drivers/STM32F1xx_HAL_Driver/Src/stm32f1xx_hal_uart.c.obj
 .text.UART_EndRxTransfer
                0x080048b2       0x5c CMakeFiles/angle.elf.dir/Drivers/STM32F1xx_HAL_Driver/Src/stm32f1xx_hal_uart.c.obj
 .text.UART_Transmit_IT
                0x0800490e       0x60 CMakeFiles/angle.elf.dir/Drivers/STM32F1xx_HAL_Driver/Src/stm32f1xx_hal_uart.c.obj
 *fill*         0x0800496e        0x2 
 .text.UART_SetConfig
                0x08004970       0x94 CMakeFiles/angle.elf.dir/Drivers/STM32F1xx_HAL_Driver/Src/stm32f1xx_hal_uart.c.obj
 .text.UART_WaitOnFlagUntilTimeout
                0x08004a04       0x88 CMakeFiles/angle.elf.dir/Drivers/STM32F1xx_HAL_Driver/Src/stm32f1xx_hal_uart.c.obj
 .text.HAL_UART_Init
                0x08004a8c       0x60 CMakeFiles/angle.elf.dir/Drivers/STM32F1xx_HAL_Driver/Src/stm32f1xx_hal_uart.c.obj
                0x08004a8c                HAL_UART_Init
 .text.HAL_UART_Transmit
                0x08004aec       0xbe CMakeFiles/angle.elf.dir/Drivers/STM32F1xx_HAL_Driver/Src/stm32f1xx_hal_uart.c.obj
                0x08004aec                HAL_UART_Transmit
 .text.HAL_UART_TxCpltCallback
                0x08004baa        0x2 CMakeFiles/angle.elf.dir/Drivers/STM32F1xx_HAL_Driver/Src/stm32f1xx_hal_uart.c.obj
                0x08004baa                HAL_UART_TxCpltCallback
 .text.UART_EndTransmit_IT
                0x08004bac       0x1a CMakeFiles/angle.elf.dir/Drivers/STM32F1xx_HAL_Driver/Src/stm32f1xx_hal_uart.c.obj
 .text.HAL_UART_RxCpltCallback
                0x08004bc6        0x2 CMakeFiles/angle.elf.dir/Drivers/STM32F1xx_HAL_Driver/Src/stm32f1xx_hal_uart.c.obj
                0x08004bc6                HAL_UART_RxCpltCallback
 .text.HAL_UART_RxHalfCpltCallback
                0x08004bc8        0x2 CMakeFiles/angle.elf.dir/Drivers/STM32F1xx_HAL_Driver/Src/stm32f1xx_hal_uart.c.obj
                0x08004bc8                HAL_UART_RxHalfCpltCallback
 .text.HAL_UART_ErrorCallback
                0x08004bca        0x2 CMakeFiles/angle.elf.dir/Drivers/STM32F1xx_HAL_Driver/Src/stm32f1xx_hal_uart.c.obj
                0x08004bca                HAL_UART_ErrorCallback
 .text.UART_DMAError
                0x08004bcc       0x58 CMakeFiles/angle.elf.dir/Drivers/STM32F1xx_HAL_Driver/Src/stm32f1xx_hal_uart.c.obj
 .text.UART_DMAAbortOnError
                0x08004c24       0x10 CMakeFiles/angle.elf.dir/Drivers/STM32F1xx_HAL_Driver/Src/stm32f1xx_hal_uart.c.obj
 .text.UART_Receive_IT
                0x08004c34       0xe6 CMakeFiles/angle.elf.dir/Drivers/STM32F1xx_HAL_Driver/Src/stm32f1xx_hal_uart.c.obj
 *fill*         0x08004d1a        0x2 
 .text.HAL_UART_IRQHandler
                0x08004d1c      0x288 CMakeFiles/angle.elf.dir/Drivers/STM32F1xx_HAL_Driver/Src/stm32f1xx_hal_uart.c.obj
                0x08004d1c                HAL_UART_IRQHandler
 .text.UART_DMARxHalfCplt
                0x08004fa4       0x1e CMakeFiles/angle.elf.dir/Drivers/STM32F1xx_HAL_Driver/Src/stm32f1xx_hal_uart.c.obj
 .text.UART_DMAReceiveCplt
                0x08004fc2       0x9a CMakeFiles/angle.elf.dir/Drivers/STM32F1xx_HAL_Driver/Src/stm32f1xx_hal_uart.c.obj
 .text.UART_Start_Receive_DMA
                0x0800505c       0xa4 CMakeFiles/angle.elf.dir/Drivers/STM32F1xx_HAL_Driver/Src/stm32f1xx_hal_uart.c.obj
                0x0800505c                UART_Start_Receive_DMA
 .text.HAL_UARTEx_ReceiveToIdle_DMA
                0x08005100       0x66 CMakeFiles/angle.elf.dir/Drivers/STM32F1xx_HAL_Driver/Src/stm32f1xx_hal_uart.c.obj
                0x08005100                HAL_UARTEx_ReceiveToIdle_DMA
 *fill*         0x08005166        0x2 
 .text.abort    0x08005168       0x10 d:/clion_stm32/gcc_arm_none_eabi/gcc-arm-none-eabi-10.3-2021.10/bin/../lib/gcc/arm-none-eabi/10.3.1/../../../../arm-none-eabi/lib/thumb/v7-m/nofp\libg.a(lib_a-abort.o)
                0x08005168                abort
 .text.__errno  0x08005178        0xc d:/clion_stm32/gcc_arm_none_eabi/gcc-arm-none-eabi-10.3-2021.10/bin/../lib/gcc/arm-none-eabi/10.3.1/../../../../arm-none-eabi/lib/thumb/v7-m/nofp\libg.a(lib_a-errno.o)
                0x08005178                __errno
 .text.__libc_init_array
                0x08005184       0x48 d:/clion_stm32/gcc_arm_none_eabi/gcc-arm-none-eabi-10.3-2021.10/bin/../lib/gcc/arm-none-eabi/10.3.1/../../../../arm-none-eabi/lib/thumb/v7-m/nofp\libg.a(lib_a-init.o)
                0x08005184                __libc_init_array
 .text.memset   0x080051cc       0xa4 d:/clion_stm32/gcc_arm_none_eabi/gcc-arm-none-eabi-10.3-2021.10/bin/../lib/gcc/arm-none-eabi/10.3.1/../../../../arm-none-eabi/lib/thumb/v7-m/nofp\libg.a(lib_a-memset.o)
                0x080051cc                memset
 .text.printf   0x08005270       0x28 d:/clion_stm32/gcc_arm_none_eabi/gcc-arm-none-eabi-10.3-2021.10/bin/../lib/gcc/arm-none-eabi/10.3.1/../../../../arm-none-eabi/lib/thumb/v7-m/nofp\libg.a(lib_a-printf.o)
                0x08005270                printf
 .text.raise    0x08005298       0x5c d:/clion_stm32/gcc_arm_none_eabi/gcc-arm-none-eabi-10.3-2021.10/bin/../lib/gcc/arm-none-eabi/10.3.1/../../../../arm-none-eabi/lib/thumb/v7-m/nofp\libg.a(lib_a-signal.o)
                0x08005298                raise
 .text._kill_r  0x080052f4       0x28 d:/clion_stm32/gcc_arm_none_eabi/gcc-arm-none-eabi-10.3-2021.10/bin/../lib/gcc/arm-none-eabi/10.3.1/../../../../arm-none-eabi/lib/thumb/v7-m/nofp\libg.a(lib_a-signalr.o)
                0x080052f4                _kill_r
 .text._getpid_r
                0x0800531c        0x4 d:/clion_stm32/gcc_arm_none_eabi/gcc-arm-none-eabi-10.3-2021.10/bin/../lib/gcc/arm-none-eabi/10.3.1/../../../../arm-none-eabi/lib/thumb/v7-m/nofp\libg.a(lib_a-signalr.o)
                0x0800531c                _getpid_r
 .text.strlen   0x08005320       0x5c d:/clion_stm32/gcc_arm_none_eabi/gcc-arm-none-eabi-10.3-2021.10/bin/../lib/gcc/arm-none-eabi/10.3.1/../../../../arm-none-eabi/lib/thumb/v7-m/nofp\libg.a(lib_a-strlen-stub.o)
                0x08005320                strlen
 .text._vfprintf_r
                0x0800537c     0x1b58 d:/clion_stm32/gcc_arm_none_eabi/gcc-arm-none-eabi-10.3-2021.10/bin/../lib/gcc/arm-none-eabi/10.3.1/../../../../arm-none-eabi/lib/thumb/v7-m/nofp\libg.a(lib_a-vfprintf.o)
                0x0800537c                _vfprintf_r
 .text.__sbprintf
                0x08006ed4       0x84 d:/clion_stm32/gcc_arm_none_eabi/gcc-arm-none-eabi-10.3-2021.10/bin/../lib/gcc/arm-none-eabi/10.3.1/../../../../arm-none-eabi/lib/thumb/v7-m/nofp\libg.a(lib_a-vfprintf.o)
 .text.vsprintf
                0x08006f58       0x38 d:/clion_stm32/gcc_arm_none_eabi/gcc-arm-none-eabi-10.3-2021.10/bin/../lib/gcc/arm-none-eabi/10.3.1/../../../../arm-none-eabi/lib/thumb/v7-m/nofp\libg.a(lib_a-vsprintf.o)
                0x08006f58                vsprintf
 .text.__swsetup_r
                0x08006f90       0xd4 d:/clion_stm32/gcc_arm_none_eabi/gcc-arm-none-eabi-10.3-2021.10/bin/../lib/gcc/arm-none-eabi/10.3.1/../../../../arm-none-eabi/lib/thumb/v7-m/nofp\libg.a(lib_a-wsetup.o)
                0x08006f90                __swsetup_r
 .text.startup.register_fini
                0x08007064       0x14 d:/clion_stm32/gcc_arm_none_eabi/gcc-arm-none-eabi-10.3-2021.10/bin/../lib/gcc/arm-none-eabi/10.3.1/../../../../arm-none-eabi/lib/thumb/v7-m/nofp\libg.a(lib_a-__call_atexit.o)
 .text.atexit   0x08007078        0xc d:/clion_stm32/gcc_arm_none_eabi/gcc-arm-none-eabi-10.3-2021.10/bin/../lib/gcc/arm-none-eabi/10.3.1/../../../../arm-none-eabi/lib/thumb/v7-m/nofp\libg.a(lib_a-atexit.o)
                0x08007078                atexit
 .text.quorem   0x08007084      0x12c d:/clion_stm32/gcc_arm_none_eabi/gcc-arm-none-eabi-10.3-2021.10/bin/../lib/gcc/arm-none-eabi/10.3.1/../../../../arm-none-eabi/lib/thumb/v7-m/nofp\libg.a(lib_a-dtoa.o)
 .text._dtoa_r  0x080071b0      0xecc d:/clion_stm32/gcc_arm_none_eabi/gcc-arm-none-eabi-10.3-2021.10/bin/../lib/gcc/arm-none-eabi/10.3.1/../../../../arm-none-eabi/lib/thumb/v7-m/nofp\libg.a(lib_a-dtoa.o)
                0x080071b0                _dtoa_r
 .text.__sflush_r
                0x0800807c      0x124 d:/clion_stm32/gcc_arm_none_eabi/gcc-arm-none-eabi-10.3-2021.10/bin/../lib/gcc/arm-none-eabi/10.3.1/../../../../arm-none-eabi/lib/thumb/v7-m/nofp\libg.a(lib_a-fflush.o)
                0x0800807c                __sflush_r
 .text._fflush_r
                0x080081a0       0x5c d:/clion_stm32/gcc_arm_none_eabi/gcc-arm-none-eabi-10.3-2021.10/bin/../lib/gcc/arm-none-eabi/10.3.1/../../../../arm-none-eabi/lib/thumb/v7-m/nofp\libg.a(lib_a-fflush.o)
                0x080081a0                _fflush_r
 .text._cleanup_r
                0x080081fc        0xc d:/clion_stm32/gcc_arm_none_eabi/gcc-arm-none-eabi-10.3-2021.10/bin/../lib/gcc/arm-none-eabi/10.3.1/../../../../arm-none-eabi/lib/thumb/v7-m/nofp\libg.a(lib_a-findfp.o)
                0x080081fc                _cleanup_r
 .text.__sinit  0x08008208      0x10c d:/clion_stm32/gcc_arm_none_eabi/gcc-arm-none-eabi-10.3-2021.10/bin/../lib/gcc/arm-none-eabi/10.3.1/../../../../arm-none-eabi/lib/thumb/v7-m/nofp\libg.a(lib_a-findfp.o)
                0x08008208                __sinit
 .text.__sfp_lock_acquire
                0x08008314        0xc d:/clion_stm32/gcc_arm_none_eabi/gcc-arm-none-eabi-10.3-2021.10/bin/../lib/gcc/arm-none-eabi/10.3.1/../../../../arm-none-eabi/lib/thumb/v7-m/nofp\libg.a(lib_a-findfp.o)
                0x08008314                __sfp_lock_acquire
 .text.__sfp_lock_release
                0x08008320        0xc d:/clion_stm32/gcc_arm_none_eabi/gcc-arm-none-eabi-10.3-2021.10/bin/../lib/gcc/arm-none-eabi/10.3.1/../../../../arm-none-eabi/lib/thumb/v7-m/nofp\libg.a(lib_a-findfp.o)
                0x08008320                __sfp_lock_release
 .text.__libc_fini_array
                0x0800832c       0x2c d:/clion_stm32/gcc_arm_none_eabi/gcc-arm-none-eabi-10.3-2021.10/bin/../lib/gcc/arm-none-eabi/10.3.1/../../../../arm-none-eabi/lib/thumb/v7-m/nofp\libg.a(lib_a-fini.o)
                0x0800832c                __libc_fini_array
 .text._malloc_trim_r
                0x08008358       0xa0 d:/clion_stm32/gcc_arm_none_eabi/gcc-arm-none-eabi-10.3-2021.10/bin/../lib/gcc/arm-none-eabi/10.3.1/../../../../arm-none-eabi/lib/thumb/v7-m/nofp\libg.a(lib_a-freer.o)
                0x08008358                _malloc_trim_r
 .text._free_r  0x080083f8      0x200 d:/clion_stm32/gcc_arm_none_eabi/gcc-arm-none-eabi-10.3-2021.10/bin/../lib/gcc/arm-none-eabi/10.3.1/../../../../arm-none-eabi/lib/thumb/v7-m/nofp\libg.a(lib_a-freer.o)
                0x080083f8                _free_r
 .text._fwalk_reent
                0x080085f8       0x48 d:/clion_stm32/gcc_arm_none_eabi/gcc-arm-none-eabi-10.3-2021.10/bin/../lib/gcc/arm-none-eabi/10.3.1/../../../../arm-none-eabi/lib/thumb/v7-m/nofp\libg.a(lib_a-fwalk.o)
                0x080085f8                _fwalk_reent
 .text._localeconv_r
                0x08008640        0x8 d:/clion_stm32/gcc_arm_none_eabi/gcc-arm-none-eabi-10.3-2021.10/bin/../lib/gcc/arm-none-eabi/10.3.1/../../../../arm-none-eabi/lib/thumb/v7-m/nofp\libg.a(lib_a-localeconv.o)
                0x08008640                _localeconv_r
 .text.__retarget_lock_init_recursive
                0x08008648        0x4 d:/clion_stm32/gcc_arm_none_eabi/gcc-arm-none-eabi-10.3-2021.10/bin/../lib/gcc/arm-none-eabi/10.3.1/../../../../arm-none-eabi/lib/thumb/v7-m/nofp\libg.a(lib_a-lock.o)
                0x08008648                __retarget_lock_init_recursive
 .text.__retarget_lock_close_recursive
                0x0800864c        0x4 d:/clion_stm32/gcc_arm_none_eabi/gcc-arm-none-eabi-10.3-2021.10/bin/../lib/gcc/arm-none-eabi/10.3.1/../../../../arm-none-eabi/lib/thumb/v7-m/nofp\libg.a(lib_a-lock.o)
                0x0800864c                __retarget_lock_close_recursive
 .text.__retarget_lock_acquire_recursive
                0x08008650        0x4 d:/clion_stm32/gcc_arm_none_eabi/gcc-arm-none-eabi-10.3-2021.10/bin/../lib/gcc/arm-none-eabi/10.3.1/../../../../arm-none-eabi/lib/thumb/v7-m/nofp\libg.a(lib_a-lock.o)
                0x08008650                __retarget_lock_acquire_recursive
 .text.__retarget_lock_release_recursive
                0x08008654        0x4 d:/clion_stm32/gcc_arm_none_eabi/gcc-arm-none-eabi-10.3-2021.10/bin/../lib/gcc/arm-none-eabi/10.3.1/../../../../arm-none-eabi/lib/thumb/v7-m/nofp\libg.a(lib_a-lock.o)
                0x08008654                __retarget_lock_release_recursive
 .text.__smakebuf_r
                0x08008658       0xe0 d:/clion_stm32/gcc_arm_none_eabi/gcc-arm-none-eabi-10.3-2021.10/bin/../lib/gcc/arm-none-eabi/10.3.1/../../../../arm-none-eabi/lib/thumb/v7-m/nofp\libg.a(lib_a-makebuf.o)
                0x08008658                __smakebuf_r
 .text._malloc_r
                0x08008738      0x558 d:/clion_stm32/gcc_arm_none_eabi/gcc-arm-none-eabi-10.3-2021.10/bin/../lib/gcc/arm-none-eabi/10.3.1/../../../../arm-none-eabi/lib/thumb/v7-m/nofp\libg.a(lib_a-mallocr.o)
                0x08008738                _malloc_r
 .text.memchr   0x08008c90       0x90 d:/clion_stm32/gcc_arm_none_eabi/gcc-arm-none-eabi-10.3-2021.10/bin/../lib/gcc/arm-none-eabi/10.3.1/../../../../arm-none-eabi/lib/thumb/v7-m/nofp\libg.a(lib_a-memchr-stub.o)
                0x08008c90                memchr
 .text.__malloc_lock
                0x08008d20        0xc d:/clion_stm32/gcc_arm_none_eabi/gcc-arm-none-eabi-10.3-2021.10/bin/../lib/gcc/arm-none-eabi/10.3.1/../../../../arm-none-eabi/lib/thumb/v7-m/nofp\libg.a(lib_a-mlock.o)
                0x08008d20                __malloc_lock
 .text.__malloc_unlock
                0x08008d2c        0xc d:/clion_stm32/gcc_arm_none_eabi/gcc-arm-none-eabi-10.3-2021.10/bin/../lib/gcc/arm-none-eabi/10.3.1/../../../../arm-none-eabi/lib/thumb/v7-m/nofp\libg.a(lib_a-mlock.o)
                0x08008d2c                __malloc_unlock
 .text._Balloc  0x08008d38       0x4c d:/clion_stm32/gcc_arm_none_eabi/gcc-arm-none-eabi-10.3-2021.10/bin/../lib/gcc/arm-none-eabi/10.3.1/../../../../arm-none-eabi/lib/thumb/v7-m/nofp\libg.a(lib_a-mprec.o)
                0x08008d38                _Balloc
 .text._Bfree   0x08008d84       0x14 d:/clion_stm32/gcc_arm_none_eabi/gcc-arm-none-eabi-10.3-2021.10/bin/../lib/gcc/arm-none-eabi/10.3.1/../../../../arm-none-eabi/lib/thumb/v7-m/nofp\libg.a(lib_a-mprec.o)
                0x08008d84                _Bfree
 .text.__multadd
                0x08008d98       0xa4 d:/clion_stm32/gcc_arm_none_eabi/gcc-arm-none-eabi-10.3-2021.10/bin/../lib/gcc/arm-none-eabi/10.3.1/../../../../arm-none-eabi/lib/thumb/v7-m/nofp\libg.a(lib_a-mprec.o)
                0x08008d98                __multadd
 .text.__hi0bits
                0x08008e3c       0x40 d:/clion_stm32/gcc_arm_none_eabi/gcc-arm-none-eabi-10.3-2021.10/bin/../lib/gcc/arm-none-eabi/10.3.1/../../../../arm-none-eabi/lib/thumb/v7-m/nofp\libg.a(lib_a-mprec.o)
                0x08008e3c                __hi0bits
 .text.__lo0bits
                0x08008e7c       0x58 d:/clion_stm32/gcc_arm_none_eabi/gcc-arm-none-eabi-10.3-2021.10/bin/../lib/gcc/arm-none-eabi/10.3.1/../../../../arm-none-eabi/lib/thumb/v7-m/nofp\libg.a(lib_a-mprec.o)
                0x08008e7c                __lo0bits
 .text.__i2b    0x08008ed4       0x5c d:/clion_stm32/gcc_arm_none_eabi/gcc-arm-none-eabi-10.3-2021.10/bin/../lib/gcc/arm-none-eabi/10.3.1/../../../../arm-none-eabi/lib/thumb/v7-m/nofp\libg.a(lib_a-mprec.o)
                0x08008ed4                __i2b
 .text.__multiply
                0x08008f30      0x15c d:/clion_stm32/gcc_arm_none_eabi/gcc-arm-none-eabi-10.3-2021.10/bin/../lib/gcc/arm-none-eabi/10.3.1/../../../../arm-none-eabi/lib/thumb/v7-m/nofp\libg.a(lib_a-mprec.o)
                0x08008f30                __multiply
 .text.__pow5mult
                0x0800908c       0xb8 d:/clion_stm32/gcc_arm_none_eabi/gcc-arm-none-eabi-10.3-2021.10/bin/../lib/gcc/arm-none-eabi/10.3.1/../../../../arm-none-eabi/lib/thumb/v7-m/nofp\libg.a(lib_a-mprec.o)
                0x0800908c                __pow5mult
 .text.__lshift
                0x08009144       0xec d:/clion_stm32/gcc_arm_none_eabi/gcc-arm-none-eabi-10.3-2021.10/bin/../lib/gcc/arm-none-eabi/10.3.1/../../../../arm-none-eabi/lib/thumb/v7-m/nofp\libg.a(lib_a-mprec.o)
                0x08009144                __lshift
 .text.__mcmp   0x08009230       0x40 d:/clion_stm32/gcc_arm_none_eabi/gcc-arm-none-eabi-10.3-2021.10/bin/../lib/gcc/arm-none-eabi/10.3.1/../../../../arm-none-eabi/lib/thumb/v7-m/nofp\libg.a(lib_a-mprec.o)
                0x08009230                __mcmp
 .text.__mdiff  0x08009270      0x14c d:/clion_stm32/gcc_arm_none_eabi/gcc-arm-none-eabi-10.3-2021.10/bin/../lib/gcc/arm-none-eabi/10.3.1/../../../../arm-none-eabi/lib/thumb/v7-m/nofp\libg.a(lib_a-mprec.o)
                0x08009270                __mdiff
 .text.__d2b    0x080093bc       0xc4 d:/clion_stm32/gcc_arm_none_eabi/gcc-arm-none-eabi-10.3-2021.10/bin/../lib/gcc/arm-none-eabi/10.3.1/../../../../arm-none-eabi/lib/thumb/v7-m/nofp\libg.a(lib_a-mprec.o)
                0x080093bc                __d2b
 .text.frexp    0x08009480       0x70 d:/clion_stm32/gcc_arm_none_eabi/gcc-arm-none-eabi-10.3-2021.10/bin/../lib/gcc/arm-none-eabi/10.3.1/../../../../arm-none-eabi/lib/thumb/v7-m/nofp\libg.a(lib_a-s_frexp.o)
                0x08009480                frexp
 .text._sbrk_r  0x080094f0       0x24 d:/clion_stm32/gcc_arm_none_eabi/gcc-arm-none-eabi-10.3-2021.10/bin/../lib/gcc/arm-none-eabi/10.3.1/../../../../arm-none-eabi/lib/thumb/v7-m/nofp\libg.a(lib_a-sbrkr.o)
                0x080094f0                _sbrk_r
 .text.__sread  0x08009514       0x24 d:/clion_stm32/gcc_arm_none_eabi/gcc-arm-none-eabi-10.3-2021.10/bin/../lib/gcc/arm-none-eabi/10.3.1/../../../../arm-none-eabi/lib/thumb/v7-m/nofp\libg.a(lib_a-stdio.o)
                0x08009514                __sread
 .text.__swrite
                0x08009538       0x40 d:/clion_stm32/gcc_arm_none_eabi/gcc-arm-none-eabi-10.3-2021.10/bin/../lib/gcc/arm-none-eabi/10.3.1/../../../../arm-none-eabi/lib/thumb/v7-m/nofp\libg.a(lib_a-stdio.o)
                0x08009538                __swrite
 .text.__sseek  0x08009578       0x20 d:/clion_stm32/gcc_arm_none_eabi/gcc-arm-none-eabi-10.3-2021.10/bin/../lib/gcc/arm-none-eabi/10.3.1/../../../../arm-none-eabi/lib/thumb/v7-m/nofp\libg.a(lib_a-stdio.o)
                0x08009578                __sseek
 .text.__sclose
                0x08009598        0x8 d:/clion_stm32/gcc_arm_none_eabi/gcc-arm-none-eabi-10.3-2021.10/bin/../lib/gcc/arm-none-eabi/10.3.1/../../../../arm-none-eabi/lib/thumb/v7-m/nofp\libg.a(lib_a-stdio.o)
                0x08009598                __sclose
 .text.strncpy  0x080095a0       0x68 d:/clion_stm32/gcc_arm_none_eabi/gcc-arm-none-eabi-10.3-2021.10/bin/../lib/gcc/arm-none-eabi/10.3.1/../../../../arm-none-eabi/lib/thumb/v7-m/nofp\libg.a(lib_a-strncpy.o)
                0x080095a0                strncpy
 .text._svfprintf_r
                0x08009608     0x1aa4 d:/clion_stm32/gcc_arm_none_eabi/gcc-arm-none-eabi-10.3-2021.10/bin/../lib/gcc/arm-none-eabi/10.3.1/../../../../arm-none-eabi/lib/thumb/v7-m/nofp\libg.a(lib_a-svfprintf.o)
                0x08009608                _svfprintf_r
 .text.__sprint_r.part.0
                0x0800b0ac       0x78 d:/clion_stm32/gcc_arm_none_eabi/gcc-arm-none-eabi-10.3-2021.10/bin/../lib/gcc/arm-none-eabi/10.3.1/../../../../arm-none-eabi/lib/thumb/v7-m/nofp\libg.a(lib_a-vfiprintf.o)
 .text.__sprint_r
                0x0800b124       0x14 d:/clion_stm32/gcc_arm_none_eabi/gcc-arm-none-eabi-10.3-2021.10/bin/../lib/gcc/arm-none-eabi/10.3.1/../../../../arm-none-eabi/lib/thumb/v7-m/nofp\libg.a(lib_a-vfiprintf.o)
                0x0800b124                __sprint_r
 .text._vfiprintf_r
                0x0800b138      0xd98 d:/clion_stm32/gcc_arm_none_eabi/gcc-arm-none-eabi-10.3-2021.10/bin/../lib/gcc/arm-none-eabi/10.3.1/../../../../arm-none-eabi/lib/thumb/v7-m/nofp\libg.a(lib_a-vfiprintf.o)
                0x0800b138                _vfiprintf_r
 .text.__sbprintf
                0x0800bed0       0x84 d:/clion_stm32/gcc_arm_none_eabi/gcc-arm-none-eabi-10.3-2021.10/bin/../lib/gcc/arm-none-eabi/10.3.1/../../../../arm-none-eabi/lib/thumb/v7-m/nofp\libg.a(lib_a-vfiprintf.o)
 .text._write_r
                0x0800bf54       0x2c d:/clion_stm32/gcc_arm_none_eabi/gcc-arm-none-eabi-10.3-2021.10/bin/../lib/gcc/arm-none-eabi/10.3.1/../../../../arm-none-eabi/lib/thumb/v7-m/nofp\libg.a(lib_a-writer.o)
                0x0800bf54                _write_r
 .text.__register_exitproc
                0x0800bf80       0x8c d:/clion_stm32/gcc_arm_none_eabi/gcc-arm-none-eabi-10.3-2021.10/bin/../lib/gcc/arm-none-eabi/10.3.1/../../../../arm-none-eabi/lib/thumb/v7-m/nofp\libg.a(lib_a-__atexit.o)
                0x0800bf80                __register_exitproc
 .text.__assert_func
                0x0800c00c       0x40 d:/clion_stm32/gcc_arm_none_eabi/gcc-arm-none-eabi-10.3-2021.10/bin/../lib/gcc/arm-none-eabi/10.3.1/../../../../arm-none-eabi/lib/thumb/v7-m/nofp\libg.a(lib_a-assert.o)
                0x0800c00c                __assert_func
 .text._calloc_r
                0x0800c04c       0x78 d:/clion_stm32/gcc_arm_none_eabi/gcc-arm-none-eabi-10.3-2021.10/bin/../lib/gcc/arm-none-eabi/10.3.1/../../../../arm-none-eabi/lib/thumb/v7-m/nofp\libg.a(lib_a-callocr.o)
                0x0800c04c                _calloc_r
 .text._close_r
                0x0800c0c4       0x24 d:/clion_stm32/gcc_arm_none_eabi/gcc-arm-none-eabi-10.3-2021.10/bin/../lib/gcc/arm-none-eabi/10.3.1/../../../../arm-none-eabi/lib/thumb/v7-m/nofp\libg.a(lib_a-closer.o)
                0x0800c0c4                _close_r
 .text._fclose_r
                0x0800c0e8       0xcc d:/clion_stm32/gcc_arm_none_eabi/gcc-arm-none-eabi-10.3-2021.10/bin/../lib/gcc/arm-none-eabi/10.3.1/../../../../arm-none-eabi/lib/thumb/v7-m/nofp\libg.a(lib_a-fclose.o)
                0x0800c0e8                _fclose_r
 .text.fiprintf
                0x0800c1b4       0x28 d:/clion_stm32/gcc_arm_none_eabi/gcc-arm-none-eabi-10.3-2021.10/bin/../lib/gcc/arm-none-eabi/10.3.1/../../../../arm-none-eabi/lib/thumb/v7-m/nofp\libg.a(lib_a-fiprintf.o)
                0x0800c1b4                fiprintf
 .text.__fputwc
                0x0800c1dc       0xa0 d:/clion_stm32/gcc_arm_none_eabi/gcc-arm-none-eabi-10.3-2021.10/bin/../lib/gcc/arm-none-eabi/10.3.1/../../../../arm-none-eabi/lib/thumb/v7-m/nofp\libg.a(lib_a-fputwc.o)
                0x0800c1dc                __fputwc
 .text._fputwc_r
                0x0800c27c       0x68 d:/clion_stm32/gcc_arm_none_eabi/gcc-arm-none-eabi-10.3-2021.10/bin/../lib/gcc/arm-none-eabi/10.3.1/../../../../arm-none-eabi/lib/thumb/v7-m/nofp\libg.a(lib_a-fputwc.o)
                0x0800c27c                _fputwc_r
 .text._fstat_r
                0x0800c2e4       0x28 d:/clion_stm32/gcc_arm_none_eabi/gcc-arm-none-eabi-10.3-2021.10/bin/../lib/gcc/arm-none-eabi/10.3.1/../../../../arm-none-eabi/lib/thumb/v7-m/nofp\libg.a(lib_a-fstatr.o)
                0x0800c2e4                _fstat_r
 .text.__sfvwrite_r
                0x0800c30c      0x2f0 d:/clion_stm32/gcc_arm_none_eabi/gcc-arm-none-eabi-10.3-2021.10/bin/../lib/gcc/arm-none-eabi/10.3.1/../../../../arm-none-eabi/lib/thumb/v7-m/nofp\libg.a(lib_a-fvwrite.o)
                0x0800c30c                __sfvwrite_r
 .text._isatty_r
                0x0800c5fc       0x24 d:/clion_stm32/gcc_arm_none_eabi/gcc-arm-none-eabi-10.3-2021.10/bin/../lib/gcc/arm-none-eabi/10.3.1/../../../../arm-none-eabi/lib/thumb/v7-m/nofp\libg.a(lib_a-isattyr.o)
                0x0800c5fc                _isatty_r
 .text.__locale_mb_cur_max
                0x0800c620        0xc d:/clion_stm32/gcc_arm_none_eabi/gcc-arm-none-eabi-10.3-2021.10/bin/../lib/gcc/arm-none-eabi/10.3.1/../../../../arm-none-eabi/lib/thumb/v7-m/nofp\libg.a(lib_a-locale.o)
                0x0800c620                __locale_mb_cur_max
 .text._lseek_r
                0x0800c62c       0x2c d:/clion_stm32/gcc_arm_none_eabi/gcc-arm-none-eabi-10.3-2021.10/bin/../lib/gcc/arm-none-eabi/10.3.1/../../../../arm-none-eabi/lib/thumb/v7-m/nofp\libg.a(lib_a-lseekr.o)
                0x0800c62c                _lseek_r
 .text.__ascii_mbtowc
                0x0800c658       0x2c d:/clion_stm32/gcc_arm_none_eabi/gcc-arm-none-eabi-10.3-2021.10/bin/../lib/gcc/arm-none-eabi/10.3.1/../../../../arm-none-eabi/lib/thumb/v7-m/nofp\libg.a(lib_a-mbtowc_r.o)
                0x0800c658                __ascii_mbtowc
 .text.memmove  0x0800c684       0xf8 d:/clion_stm32/gcc_arm_none_eabi/gcc-arm-none-eabi-10.3-2021.10/bin/../lib/gcc/arm-none-eabi/10.3.1/../../../../arm-none-eabi/lib/thumb/v7-m/nofp\libg.a(lib_a-memmove.o)
                0x0800c684                memmove
 .text._read_r  0x0800c77c       0x2c d:/clion_stm32/gcc_arm_none_eabi/gcc-arm-none-eabi-10.3-2021.10/bin/../lib/gcc/arm-none-eabi/10.3.1/../../../../arm-none-eabi/lib/thumb/v7-m/nofp\libg.a(lib_a-readr.o)
                0x0800c77c                _read_r
 .text._realloc_r
                0x0800c7a8      0x3dc d:/clion_stm32/gcc_arm_none_eabi/gcc-arm-none-eabi-10.3-2021.10/bin/../lib/gcc/arm-none-eabi/10.3.1/../../../../arm-none-eabi/lib/thumb/v7-m/nofp\libg.a(lib_a-reallocr.o)
                0x0800c7a8                _realloc_r
 .text.__ssprint_r
                0x0800cb84       0xfc d:/clion_stm32/gcc_arm_none_eabi/gcc-arm-none-eabi-10.3-2021.10/bin/../lib/gcc/arm-none-eabi/10.3.1/../../../../arm-none-eabi/lib/thumb/v7-m/nofp\libg.a(lib_a-svfiprintf.o)
                0x0800cb84                __ssprint_r
 .text.__swbuf_r
                0x0800cc80       0xb0 d:/clion_stm32/gcc_arm_none_eabi/gcc-arm-none-eabi-10.3-2021.10/bin/../lib/gcc/arm-none-eabi/10.3.1/../../../../arm-none-eabi/lib/thumb/v7-m/nofp\libg.a(lib_a-wbuf.o)
                0x0800cc80                __swbuf_r
 .text._wcrtomb_r
                0x0800cd30       0x3c d:/clion_stm32/gcc_arm_none_eabi/gcc-arm-none-eabi-10.3-2021.10/bin/../lib/gcc/arm-none-eabi/10.3.1/../../../../arm-none-eabi/lib/thumb/v7-m/nofp\libg.a(lib_a-wcrtomb.o)
                0x0800cd30                _wcrtomb_r
 .text.__ascii_wctomb
                0x0800cd6c       0x1c d:/clion_stm32/gcc_arm_none_eabi/gcc-arm-none-eabi-10.3-2021.10/bin/../lib/gcc/arm-none-eabi/10.3.1/../../../../arm-none-eabi/lib/thumb/v7-m/nofp\libg.a(lib_a-wctomb_r.o)
                0x0800cd6c                __ascii_wctomb
 *(.glue_7)
 .glue_7        0x0800cd88        0x0 linker stubs
 *(.glue_7t)
 .glue_7t       0x0800cd88        0x0 linker stubs
 *(.eh_frame)
 .eh_frame      0x0800cd88        0x0 d:/clion_stm32/gcc_arm_none_eabi/gcc-arm-none-eabi-10.3-2021.10/bin/../lib/gcc/arm-none-eabi/10.3.1/thumb/v7-m/nofp/crtbegin.o
 *(.init)
 .init          0x0800cd88        0x4 d:/clion_stm32/gcc_arm_none_eabi/gcc-arm-none-eabi-10.3-2021.10/bin/../lib/gcc/arm-none-eabi/10.3.1/thumb/v7-m/nofp/crti.o
                0x0800cd88                _init
 .init          0x0800cd8c        0x8 d:/clion_stm32/gcc_arm_none_eabi/gcc-arm-none-eabi-10.3-2021.10/bin/../lib/gcc/arm-none-eabi/10.3.1/thumb/v7-m/nofp/crtn.o
 *(.fini)
 .fini          0x0800cd94        0x4 d:/clion_stm32/gcc_arm_none_eabi/gcc-arm-none-eabi-10.3-2021.10/bin/../lib/gcc/arm-none-eabi/10.3.1/thumb/v7-m/nofp/crti.o
                0x0800cd94                _fini
 .fini          0x0800cd98        0x8 d:/clion_stm32/gcc_arm_none_eabi/gcc-arm-none-eabi-10.3-2021.10/bin/../lib/gcc/arm-none-eabi/10.3.1/thumb/v7-m/nofp/crtn.o
                0x0800cda0                . = ALIGN (0x4)
                0x0800cda0                _etext = .

.vfp11_veneer   0x0800cda0        0x0
 .vfp11_veneer  0x0800cda0        0x0 linker stubs

.v4_bx          0x0800cda0        0x0
 .v4_bx         0x0800cda0        0x0 linker stubs

.iplt           0x0800cda0        0x0
 .iplt          0x0800cda0        0x0 d:/clion_stm32/gcc_arm_none_eabi/gcc-arm-none-eabi-10.3-2021.10/bin/../lib/gcc/arm-none-eabi/10.3.1/thumb/v7-m/nofp/crtbegin.o

.rodata         0x0800cda0      0x488
                0x0800cda0                . = ALIGN (0x4)
 *(.rodata)
 *(.rodata*)
 .rodata.HAL_UARTEx_RxEventCallback.str1.4
                0x0800cda0       0x23 CMakeFiles/angle.elf.dir/Core/Own/IT.cpp.obj
                                 0x27 (size before relaxing)
 *fill*         0x0800cdc3        0x1 
 .rodata.HAL_TIM_PeriodElapsedCallback.str1.4
                0x0800cdc4       0x11 CMakeFiles/angle.elf.dir/Core/Own/IT.cpp.obj
 *fill*         0x0800cdd5        0x3 
 .rodata.main.str1.4
                0x0800cdd8        0x8 CMakeFiles/angle.elf.dir/Core/Own/main.cpp.obj
 .rodata.AHBPrescTable
                0x0800cde0       0x10 CMakeFiles/angle.elf.dir/Core/Src/system_stm32f1xx.c.obj
                0x0800cde0                AHBPrescTable
 .rodata.APBPrescTable
                0x0800cdf0        0x8 CMakeFiles/angle.elf.dir/Core/Src/system_stm32f1xx.c.obj
                0x0800cdf0                APBPrescTable
 .rodata.aPLLMULFactorTable.1
                0x0800cdf8       0x10 CMakeFiles/angle.elf.dir/Drivers/STM32F1xx_HAL_Driver/Src/stm32f1xx_hal_rcc.c.obj
 .rodata.aPredivFactorTable.0
                0x0800ce08        0x2 CMakeFiles/angle.elf.dir/Drivers/STM32F1xx_HAL_Driver/Src/stm32f1xx_hal_rcc.c.obj
 *fill*         0x0800ce0a        0x2 
 .rodata._global_impure_ptr
                0x0800ce0c        0x4 d:/clion_stm32/gcc_arm_none_eabi/gcc-arm-none-eabi-10.3-2021.10/bin/../lib/gcc/arm-none-eabi/10.3.1/../../../../arm-none-eabi/lib/thumb/v7-m/nofp\libg.a(lib_a-impure.o)
                0x0800ce0c                _global_impure_ptr
 .rodata._vfprintf_r.str1.4
                0x0800ce10       0x42 d:/clion_stm32/gcc_arm_none_eabi/gcc-arm-none-eabi-10.3-2021.10/bin/../lib/gcc/arm-none-eabi/10.3.1/../../../../arm-none-eabi/lib/thumb/v7-m/nofp\libg.a(lib_a-vfprintf.o)
 *fill*         0x0800ce52        0x2 
 .rodata.blanks.1
                0x0800ce54       0x10 d:/clion_stm32/gcc_arm_none_eabi/gcc-arm-none-eabi-10.3-2021.10/bin/../lib/gcc/arm-none-eabi/10.3.1/../../../../arm-none-eabi/lib/thumb/v7-m/nofp\libg.a(lib_a-vfprintf.o)
 .rodata.zeroes.0
                0x0800ce64       0x10 d:/clion_stm32/gcc_arm_none_eabi/gcc-arm-none-eabi-10.3-2021.10/bin/../lib/gcc/arm-none-eabi/10.3.1/../../../../arm-none-eabi/lib/thumb/v7-m/nofp\libg.a(lib_a-vfprintf.o)
 .rodata._dtoa_r.str1.4
                0x0800ce74       0xa2 d:/clion_stm32/gcc_arm_none_eabi/gcc-arm-none-eabi-10.3-2021.10/bin/../lib/gcc/arm-none-eabi/10.3.1/../../../../arm-none-eabi/lib/thumb/v7-m/nofp\libg.a(lib_a-dtoa.o)
                                 0xa6 (size before relaxing)
 *fill*         0x0800cf16        0x2 
 .rodata.__multadd.str1.4
                0x0800cf18       0x7f d:/clion_stm32/gcc_arm_none_eabi/gcc-arm-none-eabi-10.3-2021.10/bin/../lib/gcc/arm-none-eabi/10.3.1/../../../../arm-none-eabi/lib/thumb/v7-m/nofp\libg.a(lib_a-mprec.o)
                                 0x93 (size before relaxing)
 *fill*         0x0800cf97        0x1 
 .rodata.__mprec_bigtens
                0x0800cf98       0x28 d:/clion_stm32/gcc_arm_none_eabi/gcc-arm-none-eabi-10.3-2021.10/bin/../lib/gcc/arm-none-eabi/10.3.1/../../../../arm-none-eabi/lib/thumb/v7-m/nofp\libg.a(lib_a-mprec.o)
                0x0800cf98                __mprec_bigtens
 .rodata.__mprec_tens
                0x0800cfc0       0xc8 d:/clion_stm32/gcc_arm_none_eabi/gcc-arm-none-eabi-10.3-2021.10/bin/../lib/gcc/arm-none-eabi/10.3.1/../../../../arm-none-eabi/lib/thumb/v7-m/nofp\libg.a(lib_a-mprec.o)
                0x0800cfc0                __mprec_tens
 .rodata.p05.0  0x0800d088        0xc d:/clion_stm32/gcc_arm_none_eabi/gcc-arm-none-eabi-10.3-2021.10/bin/../lib/gcc/arm-none-eabi/10.3.1/../../../../arm-none-eabi/lib/thumb/v7-m/nofp\libg.a(lib_a-mprec.o)
 .rodata._svfprintf_r.str1.4
                0x0800d094       0x42 d:/clion_stm32/gcc_arm_none_eabi/gcc-arm-none-eabi-10.3-2021.10/bin/../lib/gcc/arm-none-eabi/10.3.1/../../../../arm-none-eabi/lib/thumb/v7-m/nofp\libg.a(lib_a-svfprintf.o)
 .rodata.blanks.1
                0x0800d094       0x10 d:/clion_stm32/gcc_arm_none_eabi/gcc-arm-none-eabi-10.3-2021.10/bin/../lib/gcc/arm-none-eabi/10.3.1/../../../../arm-none-eabi/lib/thumb/v7-m/nofp\libg.a(lib_a-svfprintf.o)
 .rodata.zeroes.0
                0x0800d0a4       0x10 d:/clion_stm32/gcc_arm_none_eabi/gcc-arm-none-eabi-10.3-2021.10/bin/../lib/gcc/arm-none-eabi/10.3.1/../../../../arm-none-eabi/lib/thumb/v7-m/nofp\libg.a(lib_a-svfprintf.o)
 .rodata._vfiprintf_r.str1.4
                0x0800d0b4       0x2f d:/clion_stm32/gcc_arm_none_eabi/gcc-arm-none-eabi-10.3-2021.10/bin/../lib/gcc/arm-none-eabi/10.3.1/../../../../arm-none-eabi/lib/thumb/v7-m/nofp\libg.a(lib_a-vfiprintf.o)
 .rodata.blanks.1
                0x0800d0b4       0x10 d:/clion_stm32/gcc_arm_none_eabi/gcc-arm-none-eabi-10.3-2021.10/bin/../lib/gcc/arm-none-eabi/10.3.1/../../../../arm-none-eabi/lib/thumb/v7-m/nofp\libg.a(lib_a-vfiprintf.o)
 .rodata.zeroes.0
                0x0800d0c4       0x10 d:/clion_stm32/gcc_arm_none_eabi/gcc-arm-none-eabi-10.3-2021.10/bin/../lib/gcc/arm-none-eabi/10.3.1/../../../../arm-none-eabi/lib/thumb/v7-m/nofp\libg.a(lib_a-vfiprintf.o)
 .rodata.__assert_func.str1.4
                0x0800d0d4       0x3f d:/clion_stm32/gcc_arm_none_eabi/gcc-arm-none-eabi-10.3-2021.10/bin/../lib/gcc/arm-none-eabi/10.3.1/../../../../arm-none-eabi/lib/thumb/v7-m/nofp\libg.a(lib_a-assert.o)
                                 0x43 (size before relaxing)
 *fill*         0x0800d113        0x1 
 .rodata._setlocale_r.str1.4
                0x0800d114        0xa d:/clion_stm32/gcc_arm_none_eabi/gcc-arm-none-eabi-10.3-2021.10/bin/../lib/gcc/arm-none-eabi/10.3.1/../../../../arm-none-eabi/lib/thumb/v7-m/nofp\libg.a(lib_a-locale.o)
                                  0xd (size before relaxing)
 *fill*         0x0800d11e        0x2 
 .rodata.str1.4
                0x0800d120        0x2 d:/clion_stm32/gcc_arm_none_eabi/gcc-arm-none-eabi-10.3-2021.10/bin/../lib/gcc/arm-none-eabi/10.3.1/../../../../arm-none-eabi/lib/thumb/v7-m/nofp\libg.a(lib_a-locale.o)
 *fill*         0x0800d122        0x2 
 .rodata._ctype_
                0x0800d124      0x101 d:/clion_stm32/gcc_arm_none_eabi/gcc-arm-none-eabi-10.3-2021.10/bin/../lib/gcc/arm-none-eabi/10.3.1/../../../../arm-none-eabi/lib/thumb/v7-m/nofp\libg.a(lib_a-ctype_.o)
                0x0800d124                _ctype_
                0x0800d228                . = ALIGN (0x4)
 *fill*         0x0800d225        0x3 

.ARM.extab      0x0800d228       0x24
                0x0800d228                . = ALIGN (0x4)
 *(.ARM.extab* .gnu.linkonce.armextab.*)
 .ARM.extab.text._Z4testv
                0x0800d228        0xc CMakeFiles/angle.elf.dir/Core/Own/IT.cpp.obj
 .ARM.extab     0x0800d234       0x18 d:/clion_stm32/gcc_arm_none_eabi/gcc-arm-none-eabi-10.3-2021.10/bin/../lib/gcc/arm-none-eabi/10.3.1/thumb/v7-m/nofp\libgcc.a(pr-support.o)
                0x0800d24c                . = ALIGN (0x4)

.ARM            0x0800d24c      0x118
                0x0800d24c                . = ALIGN (0x4)
                0x0800d24c                __exidx_start = .
 *(.ARM.exidx*)
 .ARM.exidx.text._Z4testv
                0x0800d304        0x8 CMakeFiles/angle.elf.dir/Core/Own/IT.cpp.obj
 .ARM.exidx.text._Z5myabsf
                0x0800d30c        0x8 CMakeFiles/angle.elf.dir/Core/Own/IT.cpp.obj
 .ARM.exidx.text.HAL_UARTEx_RxEventCallback
                0x0800d314        0x8 CMakeFiles/angle.elf.dir/Core/Own/IT.cpp.obj
 .ARM.exidx.text.HAL_TIM_PeriodElapsedCallback
                0x0800d31c        0x8 CMakeFiles/angle.elf.dir/Core/Own/IT.cpp.obj
 .ARM.exidx.text._write
                0x0800d324        0x8 CMakeFiles/angle.elf.dir/Core/Own/main.cpp.obj
 .ARM.exidx.text.Error_Handler
                0x0800d32c        0x8 CMakeFiles/angle.elf.dir/Core/Own/main.cpp.obj
 .ARM.exidx.text._Z18SystemClock_Configv
                0x0800d334        0x8 CMakeFiles/angle.elf.dir/Core/Own/main.cpp.obj
 .ARM.exidx.text.main
                0x0800d33c        0x8 CMakeFiles/angle.elf.dir/Core/Own/main.cpp.obj
 .ARM.exidx.text._Z41__static_initialization_and_destruction_0ii
                0x0800d344        0x8 CMakeFiles/angle.elf.dir/Core/Own/motor.cpp.obj
 .ARM.exidx.text._ZN5motor9front_runEv
                0x0800d34c        0x8 CMakeFiles/angle.elf.dir/Core/Own/motor.cpp.obj
 .ARM.exidx.text._ZN5motor8back_runEv
                0x0800d354        0x0 CMakeFiles/angle.elf.dir/Core/Own/motor.cpp.obj
                                  0x8 (size before relaxing)
 .ARM.exidx.text._ZN5motor6SetPwmEi
                0x0800d354        0x8 CMakeFiles/angle.elf.dir/Core/Own/motor.cpp.obj
 .ARM.exidx.text._ZN5motor6GetPosEv
                0x0800d35c        0x8 CMakeFiles/angle.elf.dir/Core/Own/motor.cpp.obj
 .ARM.exidx.text._ZN5motor5clearEv
                0x0800d364        0x0 CMakeFiles/angle.elf.dir/Core/Own/motor.cpp.obj
                                  0x8 (size before relaxing)
 .ARM.exidx.text._GLOBAL__sub_I__ZN5motor9front_runEv
                0x0800d364        0x0 CMakeFiles/angle.elf.dir/Core/Own/motor.cpp.obj
                                  0x8 (size before relaxing)
 .ARM.exidx.text._Z41__static_initialization_and_destruction_0ii
                0x0800d364        0x0 CMakeFiles/angle.elf.dir/Core/Own/pid.cpp.obj
                                  0x8 (size before relaxing)
 .ARM.exidx.text._Z5limitfRff
                0x0800d364        0x0 CMakeFiles/angle.elf.dir/Core/Own/pid.cpp.obj
                                  0x8 (size before relaxing)
 .ARM.exidx.text._ZN3pid5clearEv
                0x0800d364        0x0 CMakeFiles/angle.elf.dir/Core/Own/pid.cpp.obj
                                  0x8 (size before relaxing)
 .ARM.exidx.text._ZN3pid6PosPidE5motorf
                0x0800d364        0x0 CMakeFiles/angle.elf.dir/Core/Own/pid.cpp.obj
                                  0x8 (size before relaxing)
 .ARM.exidx.text._ZN3pid6AddPidE5motorf
                0x0800d364        0x0 CMakeFiles/angle.elf.dir/Core/Own/pid.cpp.obj
                                  0x8 (size before relaxing)
 .ARM.exidx.text._ZN3pid8SpeedPidE5motorf
                0x0800d364        0x0 CMakeFiles/angle.elf.dir/Core/Own/pid.cpp.obj
                                  0x8 (size before relaxing)
 .ARM.exidx.text._GLOBAL__sub_I__Z5limitfRff
                0x0800d364        0x0 CMakeFiles/angle.elf.dir/Core/Own/pid.cpp.obj
                                  0x8 (size before relaxing)
 .ARM.exidx     0x0800d24c       0x80 d:/clion_stm32/gcc_arm_none_eabi/gcc-arm-none-eabi-10.3-2021.10/bin/../lib/gcc/arm-none-eabi/10.3.1/thumb/v7-m/nofp\libgcc.a(unwind-arm.o)
                                 0xd8 (size before relaxing)
 .ARM.exidx     0x0800d2cc       0x38 d:/clion_stm32/gcc_arm_none_eabi/gcc-arm-none-eabi-10.3-2021.10/bin/../lib/gcc/arm-none-eabi/10.3.1/thumb/v7-m/nofp\libgcc.a(pr-support.o)
 .ARM.exidx     0x0800d304        0x0 d:/clion_stm32/gcc_arm_none_eabi/gcc-arm-none-eabi-10.3-2021.10/bin/../lib/gcc/arm-none-eabi/10.3.1/thumb/v7-m/nofp\libgcc.a(_udivmoddi4.o)
                                  0x8 (size before relaxing)
                0x0800d364                __exidx_end = .
                0x0800d364                . = ALIGN (0x4)

.rel.dyn        0x0800d364        0x0
 .rel.iplt      0x0800d364        0x0 d:/clion_stm32/gcc_arm_none_eabi/gcc-arm-none-eabi-10.3-2021.10/bin/../lib/gcc/arm-none-eabi/10.3.1/thumb/v7-m/nofp/crtbegin.o

.preinit_array  0x0800d364        0x0
                0x0800d364                . = ALIGN (0x4)
                0x0800d364                PROVIDE (__preinit_array_start = .)
 *(.preinit_array*)
                0x0800d364                PROVIDE (__preinit_array_end = .)
                0x0800d364                . = ALIGN (0x4)

.init_array     0x0800d364       0x10
                0x0800d364                . = ALIGN (0x4)
                0x0800d364                PROVIDE (__init_array_start = .)
 *(SORT_BY_NAME(.init_array.*))
 .init_array.00000
                0x0800d364        0x4 d:/clion_stm32/gcc_arm_none_eabi/gcc-arm-none-eabi-10.3-2021.10/bin/../lib/gcc/arm-none-eabi/10.3.1/../../../../arm-none-eabi/lib/thumb/v7-m/nofp\libg.a(lib_a-__call_atexit.o)
 *(.init_array*)
 .init_array    0x0800d368        0x4 d:/clion_stm32/gcc_arm_none_eabi/gcc-arm-none-eabi-10.3-2021.10/bin/../lib/gcc/arm-none-eabi/10.3.1/thumb/v7-m/nofp/crtbegin.o
 .init_array    0x0800d36c        0x4 CMakeFiles/angle.elf.dir/Core/Own/motor.cpp.obj
 .init_array    0x0800d370        0x4 CMakeFiles/angle.elf.dir/Core/Own/pid.cpp.obj
                0x0800d374                PROVIDE (__init_array_end = .)
                0x0800d374                . = ALIGN (0x4)

.fini_array     0x0800d374        0x4
                0x0800d374                . = ALIGN (0x4)
                0x0800d374                PROVIDE (__fini_array_start = .)
 *(SORT_BY_NAME(.fini_array.*))
 *(.fini_array*)
 .fini_array    0x0800d374        0x4 d:/clion_stm32/gcc_arm_none_eabi/gcc-arm-none-eabi-10.3-2021.10/bin/../lib/gcc/arm-none-eabi/10.3.1/thumb/v7-m/nofp/crtbegin.o
                0x0800d378                PROVIDE (__fini_array_end = .)
                0x0800d378                . = ALIGN (0x4)
                0x0800d378                _sidata = LOADADDR (.data)

.data           0x20000000      0x9c0 load address 0x0800d378
                0x20000000                . = ALIGN (0x4)
                0x20000000                _sdata = .
 *(.data)
 *(.data*)
 .data.target   0x20000000        0x4 CMakeFiles/angle.elf.dir/Core/Own/IT.cpp.obj
                0x20000000                target
 .data.SystemCoreClock
                0x20000004        0x4 CMakeFiles/angle.elf.dir/Core/Src/system_stm32f1xx.c.obj
                0x20000004                SystemCoreClock
 .data.uwTickFreq
                0x20000008        0x1 CMakeFiles/angle.elf.dir/Drivers/STM32F1xx_HAL_Driver/Src/stm32f1xx_hal.c.obj
                0x20000008                uwTickFreq
 *fill*         0x20000009        0x3 
 .data.uwTickPrio
                0x2000000c        0x4 CMakeFiles/angle.elf.dir/Drivers/STM32F1xx_HAL_Driver/Src/stm32f1xx_hal.c.obj
                0x2000000c                uwTickPrio
 .data._impure_ptr
                0x20000010        0x4 d:/clion_stm32/gcc_arm_none_eabi/gcc-arm-none-eabi-10.3-2021.10/bin/../lib/gcc/arm-none-eabi/10.3.1/../../../../arm-none-eabi/lib/thumb/v7-m/nofp\libg.a(lib_a-impure.o)
                0x20000010                _impure_ptr
 *fill*         0x20000014        0x4 
 .data.impure_data
                0x20000018      0x428 d:/clion_stm32/gcc_arm_none_eabi/gcc-arm-none-eabi-10.3-2021.10/bin/../lib/gcc/arm-none-eabi/10.3.1/../../../../arm-none-eabi/lib/thumb/v7-m/nofp\libg.a(lib_a-impure.o)
 .data.__atexit_recursive_mutex
                0x20000440        0x4 d:/clion_stm32/gcc_arm_none_eabi/gcc-arm-none-eabi-10.3-2021.10/bin/../lib/gcc/arm-none-eabi/10.3.1/../../../../arm-none-eabi/lib/thumb/v7-m/nofp\libg.a(lib_a-__call_atexit.o)
                0x20000440                __atexit_recursive_mutex
 .data.__malloc_av_
                0x20000444      0x408 d:/clion_stm32/gcc_arm_none_eabi/gcc-arm-none-eabi-10.3-2021.10/bin/../lib/gcc/arm-none-eabi/10.3.1/../../../../arm-none-eabi/lib/thumb/v7-m/nofp\libg.a(lib_a-mallocr.o)
                0x20000444                __malloc_av_
 .data.__malloc_sbrk_base
                0x2000084c        0x4 d:/clion_stm32/gcc_arm_none_eabi/gcc-arm-none-eabi-10.3-2021.10/bin/../lib/gcc/arm-none-eabi/10.3.1/../../../../arm-none-eabi/lib/thumb/v7-m/nofp\libg.a(lib_a-mallocr.o)
                0x2000084c                __malloc_sbrk_base
 .data.__malloc_trim_threshold
                0x20000850        0x4 d:/clion_stm32/gcc_arm_none_eabi/gcc-arm-none-eabi-10.3-2021.10/bin/../lib/gcc/arm-none-eabi/10.3.1/../../../../arm-none-eabi/lib/thumb/v7-m/nofp\libg.a(lib_a-mallocr.o)
                0x20000850                __malloc_trim_threshold
 .data.__global_locale
                0x20000854      0x16c d:/clion_stm32/gcc_arm_none_eabi/gcc-arm-none-eabi-10.3-2021.10/bin/../lib/gcc/arm-none-eabi/10.3.1/../../../../arm-none-eabi/lib/thumb/v7-m/nofp\libg.a(lib_a-locale.o)
                0x20000854                __global_locale
 *(.RamFunc)
 *(.RamFunc*)
                0x200009c0                . = ALIGN (0x4)
                0x200009c0                _edata = .

.igot.plt       0x200009c0        0x0 load address 0x0800dd38
 .igot.plt      0x200009c0        0x0 d:/clion_stm32/gcc_arm_none_eabi/gcc-arm-none-eabi-10.3-2021.10/bin/../lib/gcc/arm-none-eabi/10.3.1/thumb/v7-m/nofp/crtbegin.o
                0x200009c0                . = ALIGN (0x4)

.bss            0x200009c0      0x2cc load address 0x0800dd38
                0x200009c0                _sbss = .
                0x200009c0                __bss_start__ = _sbss
 *(.bss)
 .bss           0x200009c0       0x1c d:/clion_stm32/gcc_arm_none_eabi/gcc-arm-none-eabi-10.3-2021.10/bin/../lib/gcc/arm-none-eabi/10.3.1/thumb/v7-m/nofp/crtbegin.o
 *(.bss*)
 .bss.left      0x200009dc       0x20 CMakeFiles/angle.elf.dir/Core/Own/motor.cpp.obj
                0x200009dc                left
 .bss._ZZN3pid6AddPidE5motorfE3Err
                0x200009fc        0x4 CMakeFiles/angle.elf.dir/Core/Own/pid.cpp.obj
 .bss._ZZN3pid6AddPidE5motorfE6PreErr
                0x20000a00        0x4 CMakeFiles/angle.elf.dir/Core/Own/pid.cpp.obj
 .bss._ZZN3pid6AddPidE5motorfE7LastErr
                0x20000a04        0x4 CMakeFiles/angle.elf.dir/Core/Own/pid.cpp.obj
 .bss.angle     0x20000a08       0x1c CMakeFiles/angle.elf.dir/Core/Own/pid.cpp.obj
                0x20000a08                angle
 .bss.speed     0x20000a24       0x1c CMakeFiles/angle.elf.dir/Core/Own/pid.cpp.obj
                0x20000a24                speed
 .bss.speed_alone
                0x20000a40       0x1c CMakeFiles/angle.elf.dir/Core/Own/pid.cpp.obj
                0x20000a40                speed_alone
 .bss.AngleOpen
                0x20000a5c        0x1 CMakeFiles/angle.elf.dir/Core/Own/uart.c.obj
                0x20000a5c                AngleOpen
 .bss.SpeedOpen
                0x20000a5d        0x1 CMakeFiles/angle.elf.dir/Core/Own/uart.c.obj
                0x20000a5d                SpeedOpen
 *fill*         0x20000a5e        0x2 
 .bss.bag       0x20000a60       0x32 CMakeFiles/angle.elf.dir/Core/Own/uart.c.obj
                0x20000a60                bag
 *fill*         0x20000a92        0x2 
 .bss.__sbrk_heap_end
                0x20000a94        0x4 CMakeFiles/angle.elf.dir/Core/Src/sysmem.c.obj
 .bss.htim1     0x20000a98       0x48 CMakeFiles/angle.elf.dir/Core/Src/tim.c.obj
                0x20000a98                htim1
 .bss.htim2     0x20000ae0       0x48 CMakeFiles/angle.elf.dir/Core/Src/tim.c.obj
                0x20000ae0                htim2
 .bss.htim3     0x20000b28       0x48 CMakeFiles/angle.elf.dir/Core/Src/tim.c.obj
                0x20000b28                htim3
 .bss.hdma_usart2_rx
                0x20000b70       0x44 CMakeFiles/angle.elf.dir/Core/Src/usart.c.obj
                0x20000b70                hdma_usart2_rx
 .bss.hdma_usart2_tx
                0x20000bb4       0x44 CMakeFiles/angle.elf.dir/Core/Src/usart.c.obj
                0x20000bb4                hdma_usart2_tx
 .bss.huart2    0x20000bf8       0x48 CMakeFiles/angle.elf.dir/Core/Src/usart.c.obj
                0x20000bf8                huart2
 .bss.uwTick    0x20000c40        0x4 CMakeFiles/angle.elf.dir/Drivers/STM32F1xx_HAL_Driver/Src/stm32f1xx_hal.c.obj
                0x20000c40                uwTick
 .bss.__lock___atexit_recursive_mutex
                0x20000c44        0x1 d:/clion_stm32/gcc_arm_none_eabi/gcc-arm-none-eabi-10.3-2021.10/bin/../lib/gcc/arm-none-eabi/10.3.1/../../../../arm-none-eabi/lib/thumb/v7-m/nofp\libg.a(lib_a-lock.o)
                0x20000c44                __lock___atexit_recursive_mutex
 *fill*         0x20000c45        0x3 
 .bss.__lock___malloc_recursive_mutex
                0x20000c48        0x1 d:/clion_stm32/gcc_arm_none_eabi/gcc-arm-none-eabi-10.3-2021.10/bin/../lib/gcc/arm-none-eabi/10.3.1/../../../../arm-none-eabi/lib/thumb/v7-m/nofp\libg.a(lib_a-lock.o)
                0x20000c48                __lock___malloc_recursive_mutex
 *fill*         0x20000c49        0x3 
 .bss.__lock___sfp_recursive_mutex
                0x20000c4c        0x1 d:/clion_stm32/gcc_arm_none_eabi/gcc-arm-none-eabi-10.3-2021.10/bin/../lib/gcc/arm-none-eabi/10.3.1/../../../../arm-none-eabi/lib/thumb/v7-m/nofp\libg.a(lib_a-lock.o)
                0x20000c4c                __lock___sfp_recursive_mutex
 *fill*         0x20000c4d        0x3 
 .bss.__lock___sinit_recursive_mutex
                0x20000c50        0x1 d:/clion_stm32/gcc_arm_none_eabi/gcc-arm-none-eabi-10.3-2021.10/bin/../lib/gcc/arm-none-eabi/10.3.1/../../../../arm-none-eabi/lib/thumb/v7-m/nofp\libg.a(lib_a-lock.o)
                0x20000c50                __lock___sinit_recursive_mutex
 *fill*         0x20000c51        0x3 
 .bss.__malloc_current_mallinfo
                0x20000c54       0x28 d:/clion_stm32/gcc_arm_none_eabi/gcc-arm-none-eabi-10.3-2021.10/bin/../lib/gcc/arm-none-eabi/10.3.1/../../../../arm-none-eabi/lib/thumb/v7-m/nofp\libg.a(lib_a-mallocr.o)
                0x20000c54                __malloc_current_mallinfo
 .bss.__malloc_max_sbrked_mem
                0x20000c7c        0x4 d:/clion_stm32/gcc_arm_none_eabi/gcc-arm-none-eabi-10.3-2021.10/bin/../lib/gcc/arm-none-eabi/10.3.1/../../../../arm-none-eabi/lib/thumb/v7-m/nofp\libg.a(lib_a-mallocr.o)
                0x20000c7c                __malloc_max_sbrked_mem
 .bss.__malloc_max_total_mem
                0x20000c80        0x4 d:/clion_stm32/gcc_arm_none_eabi/gcc-arm-none-eabi-10.3-2021.10/bin/../lib/gcc/arm-none-eabi/10.3.1/../../../../arm-none-eabi/lib/thumb/v7-m/nofp\libg.a(lib_a-mallocr.o)
                0x20000c80                __malloc_max_total_mem
 .bss.__malloc_top_pad
                0x20000c84        0x4 d:/clion_stm32/gcc_arm_none_eabi/gcc-arm-none-eabi-10.3-2021.10/bin/../lib/gcc/arm-none-eabi/10.3.1/../../../../arm-none-eabi/lib/thumb/v7-m/nofp\libg.a(lib_a-mallocr.o)
                0x20000c84                __malloc_top_pad
 .bss.errno     0x20000c88        0x4 d:/clion_stm32/gcc_arm_none_eabi/gcc-arm-none-eabi-10.3-2021.10/bin/../lib/gcc/arm-none-eabi/10.3.1/../../../../arm-none-eabi/lib/thumb/v7-m/nofp\libg.a(lib_a-reent.o)
                0x20000c88                errno
 *(COMMON)
                0x20000c8c                . = ALIGN (0x4)
                0x20000c8c                _ebss = .
                0x20000c8c                __bss_end__ = _ebss

._user_heap_stack
                0x20000c8c      0x604 load address 0x0800dd38
                0x20000c90                . = ALIGN (0x8)
 *fill*         0x20000c8c        0x4 
                [!provide]                PROVIDE (end = .)
                0x20000c90                PROVIDE (_end = .)
                0x20000e90                . = (. + _Min_Heap_Size)
 *fill*         0x20000c90      0x200 
                0x20001290                . = (. + _Min_Stack_Size)
 *fill*         0x20000e90      0x400 
                0x20001290                . = ALIGN (0x8)

/DISCARD/
 libc.a(*)
 libm.a(*)
 libgcc.a(*)

.ARM.attributes
                0x00000000       0x29
 *(.ARM.attributes)
 .ARM.attributes
                0x00000000       0x1d d:/clion_stm32/gcc_arm_none_eabi/gcc-arm-none-eabi-10.3-2021.10/bin/../lib/gcc/arm-none-eabi/10.3.1/thumb/v7-m/nofp/crti.o
 .ARM.attributes
                0x0000001d       0x2d d:/clion_stm32/gcc_arm_none_eabi/gcc-arm-none-eabi-10.3-2021.10/bin/../lib/gcc/arm-none-eabi/10.3.1/thumb/v7-m/nofp/crtbegin.o
 .ARM.attributes
                0x0000004a       0x2d CMakeFiles/angle.elf.dir/Core/Own/IT.cpp.obj
 .ARM.attributes
                0x00000077       0x2d CMakeFiles/angle.elf.dir/Core/Own/main.cpp.obj
 .ARM.attributes
                0x000000a4       0x2d CMakeFiles/angle.elf.dir/Core/Own/motor.cpp.obj
 .ARM.attributes
                0x000000d1       0x2d CMakeFiles/angle.elf.dir/Core/Own/pid.cpp.obj
 .ARM.attributes
                0x000000fe       0x2d CMakeFiles/angle.elf.dir/Core/Own/uart.c.obj
 .ARM.attributes
                0x0000012b       0x2d CMakeFiles/angle.elf.dir/Core/Src/dma.c.obj
 .ARM.attributes
                0x00000158       0x2d CMakeFiles/angle.elf.dir/Core/Src/gpio.c.obj
 .ARM.attributes
                0x00000185       0x2d CMakeFiles/angle.elf.dir/Core/Src/stm32f1xx_hal_msp.c.obj
 .ARM.attributes
                0x000001b2       0x2d CMakeFiles/angle.elf.dir/Core/Src/stm32f1xx_it.c.obj
 .ARM.attributes
                0x000001df       0x2d CMakeFiles/angle.elf.dir/Core/Src/syscalls.c.obj
 .ARM.attributes
                0x0000020c       0x2d CMakeFiles/angle.elf.dir/Core/Src/sysmem.c.obj
 .ARM.attributes
                0x00000239       0x2d CMakeFiles/angle.elf.dir/Core/Src/system_stm32f1xx.c.obj
 .ARM.attributes
                0x00000266       0x2d CMakeFiles/angle.elf.dir/Core/Src/tim.c.obj
 .ARM.attributes
                0x00000293       0x2d CMakeFiles/angle.elf.dir/Core/Src/usart.c.obj
 .ARM.attributes
                0x000002c0       0x21 CMakeFiles/angle.elf.dir/Core/Startup/startup_stm32f103c8tx.s.obj
 .ARM.attributes
                0x000002e1       0x2d CMakeFiles/angle.elf.dir/Drivers/STM32F1xx_HAL_Driver/Src/stm32f1xx_hal.c.obj
 .ARM.attributes
                0x0000030e       0x2d CMakeFiles/angle.elf.dir/Drivers/STM32F1xx_HAL_Driver/Src/stm32f1xx_hal_cortex.c.obj
 .ARM.attributes
                0x0000033b       0x2d CMakeFiles/angle.elf.dir/Drivers/STM32F1xx_HAL_Driver/Src/stm32f1xx_hal_dma.c.obj
 .ARM.attributes
                0x00000368       0x2d CMakeFiles/angle.elf.dir/Drivers/STM32F1xx_HAL_Driver/Src/stm32f1xx_hal_gpio.c.obj
 .ARM.attributes
                0x00000395       0x2d CMakeFiles/angle.elf.dir/Drivers/STM32F1xx_HAL_Driver/Src/stm32f1xx_hal_rcc.c.obj
 .ARM.attributes
                0x000003c2       0x2d CMakeFiles/angle.elf.dir/Drivers/STM32F1xx_HAL_Driver/Src/stm32f1xx_hal_tim.c.obj
 .ARM.attributes
                0x000003ef       0x2d CMakeFiles/angle.elf.dir/Drivers/STM32F1xx_HAL_Driver/Src/stm32f1xx_hal_tim_ex.c.obj
 .ARM.attributes
                0x0000041c       0x2d CMakeFiles/angle.elf.dir/Drivers/STM32F1xx_HAL_Driver/Src/stm32f1xx_hal_uart.c.obj
 .ARM.attributes
                0x00000449       0x1d d:/clion_stm32/gcc_arm_none_eabi/gcc-arm-none-eabi-10.3-2021.10/bin/../lib/gcc/arm-none-eabi/10.3.1/thumb/v7-m/nofp\libgcc.a(_arm_mulsf3.o)
 .ARM.attributes
                0x00000466       0x1d d:/clion_stm32/gcc_arm_none_eabi/gcc-arm-none-eabi-10.3-2021.10/bin/../lib/gcc/arm-none-eabi/10.3.1/thumb/v7-m/nofp\libgcc.a(_arm_addsubsf3.o)
 .ARM.attributes
                0x00000483       0x1d d:/clion_stm32/gcc_arm_none_eabi/gcc-arm-none-eabi-10.3-2021.10/bin/../lib/gcc/arm-none-eabi/10.3.1/thumb/v7-m/nofp\libgcc.a(_arm_cmpsf2.o)
 .ARM.attributes
                0x000004a0       0x1d d:/clion_stm32/gcc_arm_none_eabi/gcc-arm-none-eabi-10.3-2021.10/bin/../lib/gcc/arm-none-eabi/10.3.1/thumb/v7-m/nofp\libgcc.a(_arm_fixsfsi.o)
 .ARM.attributes
                0x000004bd       0x2d d:/clion_stm32/gcc_arm_none_eabi/gcc-arm-none-eabi-10.3-2021.10/bin/../lib/gcc/arm-none-eabi/10.3.1/thumb/v7-m/nofp\libgcc.a(unwind-arm.o)
 .ARM.attributes
                0x000004ea       0x1d d:/clion_stm32/gcc_arm_none_eabi/gcc-arm-none-eabi-10.3-2021.10/bin/../lib/gcc/arm-none-eabi/10.3.1/thumb/v7-m/nofp\libgcc.a(libunwind.o)
 .ARM.attributes
                0x00000507       0x2d d:/clion_stm32/gcc_arm_none_eabi/gcc-arm-none-eabi-10.3-2021.10/bin/../lib/gcc/arm-none-eabi/10.3.1/thumb/v7-m/nofp\libgcc.a(pr-support.o)
 .ARM.attributes
                0x00000534       0x2d d:/clion_stm32/gcc_arm_none_eabi/gcc-arm-none-eabi-10.3-2021.10/bin/../lib/gcc/arm-none-eabi/10.3.1/../../../../arm-none-eabi/lib/thumb/v7-m/nofp\libg.a(lib_a-abort.o)
 .ARM.attributes
                0x00000561       0x2d d:/clion_stm32/gcc_arm_none_eabi/gcc-arm-none-eabi-10.3-2021.10/bin/../lib/gcc/arm-none-eabi/10.3.1/../../../../arm-none-eabi/lib/thumb/v7-m/nofp\libg.a(lib_a-errno.o)
 .ARM.attributes
                0x0000058e       0x2d d:/clion_stm32/gcc_arm_none_eabi/gcc-arm-none-eabi-10.3-2021.10/bin/../lib/gcc/arm-none-eabi/10.3.1/../../../../arm-none-eabi/lib/thumb/v7-m/nofp\libg.a(lib_a-impure.o)
 .ARM.attributes
                0x000005bb       0x2d d:/clion_stm32/gcc_arm_none_eabi/gcc-arm-none-eabi-10.3-2021.10/bin/../lib/gcc/arm-none-eabi/10.3.1/../../../../arm-none-eabi/lib/thumb/v7-m/nofp\libg.a(lib_a-init.o)
 .ARM.attributes
                0x000005e8       0x1b d:/clion_stm32/gcc_arm_none_eabi/gcc-arm-none-eabi-10.3-2021.10/bin/../lib/gcc/arm-none-eabi/10.3.1/../../../../arm-none-eabi/lib/thumb/v7-m/nofp\libg.a(lib_a-memcpy.o)
 .ARM.attributes
                0x00000603       0x2d d:/clion_stm32/gcc_arm_none_eabi/gcc-arm-none-eabi-10.3-2021.10/bin/../lib/gcc/arm-none-eabi/10.3.1/../../../../arm-none-eabi/lib/thumb/v7-m/nofp\libg.a(lib_a-memset.o)
 .ARM.attributes
                0x00000630       0x2d d:/clion_stm32/gcc_arm_none_eabi/gcc-arm-none-eabi-10.3-2021.10/bin/../lib/gcc/arm-none-eabi/10.3.1/../../../../arm-none-eabi/lib/thumb/v7-m/nofp\libg.a(lib_a-printf.o)
 .ARM.attributes
                0x0000065d       0x2d d:/clion_stm32/gcc_arm_none_eabi/gcc-arm-none-eabi-10.3-2021.10/bin/../lib/gcc/arm-none-eabi/10.3.1/../../../../arm-none-eabi/lib/thumb/v7-m/nofp\libg.a(lib_a-signal.o)
 .ARM.attributes
                0x0000068a       0x2d d:/clion_stm32/gcc_arm_none_eabi/gcc-arm-none-eabi-10.3-2021.10/bin/../lib/gcc/arm-none-eabi/10.3.1/../../../../arm-none-eabi/lib/thumb/v7-m/nofp\libg.a(lib_a-signalr.o)
 .ARM.attributes
                0x000006b7       0x2d d:/clion_stm32/gcc_arm_none_eabi/gcc-arm-none-eabi-10.3-2021.10/bin/../lib/gcc/arm-none-eabi/10.3.1/../../../../arm-none-eabi/lib/thumb/v7-m/nofp\libg.a(lib_a-strlen-stub.o)
 .ARM.attributes
                0x000006e4       0x2d d:/clion_stm32/gcc_arm_none_eabi/gcc-arm-none-eabi-10.3-2021.10/bin/../lib/gcc/arm-none-eabi/10.3.1/../../../../arm-none-eabi/lib/thumb/v7-m/nofp\libg.a(lib_a-vfprintf.o)
 .ARM.attributes